
> datalens-frontend@0.1.0 test
> vitest run


[7m[1m[36m RUN [39m[22m[27m [36mv1.6.1[39m [90mC:/Users/DELL/OneDrive/Documents/datalens-hotel-booking/frontend[39m

npm : [90mstderr[2m | tests/ChatPanel.test.tsx[2m > [22m[2mChatPanel[2m 
> [22m[2mrenders after upload succeeds[22m[39m
At line:1 char:1
+ npm test > test-output.txt 2>&1; echo "Done"
+ ~~~~~~~~~~~~~~~~~~~~~~~~~~~~~~~
    + CategoryInfo          : NotSpecified: ([90mstderr[2m...ceeds[22m[39m 
   :String) [], RemoteException
    + FullyQualifiedErrorId : NativeCommandError
 
Warning: An update to UploadForm inside a test was not wrapped in act(...).

When testing, code that causes React state updates should be wrapped into 
act(...):

act(() => {
  /* fire events that update state */
});
/* assert on the output */

This ensures that you're testing the behavior the user would see in the 
browser. Learn more at https://reactjs.org/link/wrap-tests-with-act
    at UploadForm (C:\Users\DELL\OneDrive\Documents\datalens-hotel-booking\fron
tend\src\components\UploadForm.tsx:30:65)
Warning: An update to UploadForm inside a test was not wrapped in act(...).

When testing, code that causes React state updates should be wrapped into 
act(...):

act(() => {
  /* fire events that update state */
});
/* assert on the output */

This ensures that you're testing the behavior the user would see in the 
browser. Learn more at https://reactjs.org/link/wrap-tests-with-act
    at UploadForm (C:\Users\DELL\OneDrive\Documents\datalens-hotel-booking\fron
tend\src\components\UploadForm.tsx:30:65)

[90mstderr[2m | tests/UploadForm.test.tsx[2m > [22m[2mUploadForm[2m > 
[22m[2mshows the selected file name[22m[39m
Warning: An update to UploadForm inside a test was not wrapped in act(...).

When testing, code that causes React state updates should be wrapped into 
act(...):

act(() => {
  /* fire events that update state */
});
/* assert on the output */

This ensures that you're testing the behavior the user would see in the 
browser. Learn more at https://reactjs.org/link/wrap-tests-with-act
    at UploadForm (C:\Users\DELL\OneDrive\Documents\datalens-hotel-booking\fron
tend\src\components\UploadForm.tsx:30:65)
Warning: An update to UploadForm inside a test was not wrapped in act(...).

When testing, code that causes React state updates should be wrapped into 
act(...):

act(() => {
  /* fire events that update state */
});
/* assert on the output */

This ensures that you're testing the behavior the user would see in the 
browser. Learn more at https://reactjs.org/link/wrap-tests-with-act
    at UploadForm (C:\Users\DELL\OneDrive\Documents\datalens-hotel-booking\fron
tend\src\components\UploadForm.tsx:30:65)

 [32mΓ£ô[39m tests/GlobalFilters.test.tsx [2m ([22m[2m15 tests[22m[2m)[22m[33m 937[2mms[22m[39m
[90mstderr[2m | tests/UploadForm.test.tsx[2m > [22m[2mUploadForm[2m > 
[22m[2mdisplays analytics workspace with section navigation after 
upload[22m[39m
Warning: An update to UploadForm inside a test was not wrapped in act(...).

When testing, code that causes React state updates should be wrapped into 
act(...):

act(() => {
  /* fire events that update state */
});
/* assert on the output */

This ensures that you're testing the behavior the user would see in the 
browser. Learn more at https://reactjs.org/link/wrap-tests-with-act
    at UploadForm (C:\Users\DELL\OneDrive\Documents\datalens-hotel-booking\fron
tend\src\components\UploadForm.tsx:30:65)
Warning: An update to UploadForm inside a test was not wrapped in act(...).

When testing, code that causes React state updates should be wrapped into 
act(...):

act(() => {
  /* fire events that update state */
});
/* assert on the output */

This ensures that you're testing the behavior the user would see in the 
browser. Learn more at https://reactjs.org/link/wrap-tests-with-act
    at UploadForm (C:\Users\DELL\OneDrive\Documents\datalens-hotel-booking\fron
tend\src\components\UploadForm.tsx:30:65)

[90mstderr[2m | tests/ExecutiveSummary.test.tsx[2m > 
[22m[2mExecutiveSummary[2m > [22m[2mrenders after upload 
succeeds[22m[39m
Warning: An update to UploadForm inside a test was not wrapped in act(...).

When testing, code that causes React state updates should be wrapped into 
act(...):

act(() => {
  /* fire events that update state */
});
/* assert on the output */

This ensures that you're testing the behavior the user would see in the 
browser. Learn more at https://reactjs.org/link/wrap-tests-with-act
    at UploadForm (C:\Users\DELL\OneDrive\Documents\datalens-hotel-booking\fron
tend\src\components\UploadForm.tsx:30:65)
Warning: An update to UploadForm inside a test was not wrapped in act(...).

When testing, code that causes React state updates should be wrapped into 
act(...):

act(() => {
  /* fire events that update state */
});
/* assert on the output */

This ensures that you're testing the behavior the user would see in the 
browser. Learn more at https://reactjs.org/link/wrap-tests-with-act
    at UploadForm (C:\Users\DELL\OneDrive\Documents\datalens-hotel-booking\fron
tend\src\components\UploadForm.tsx:30:65)

[90mstderr[2m | tests/UploadForm.test.tsx[2m > [22m[2mUploadForm[2m > 
[22m[2mdisplays analytics workspace with section navigation after 
upload[22m[39m
Warning: An update to UploadForm inside a test was not wrapped in act(...).

When testing, code that causes React state updates should be wrapped into 
act(...):

act(() => {
  /* fire events that update state */
});
/* assert on the output */

This ensures that you're testing the behavior the user would see in the 
browser. Learn more at https://reactjs.org/link/wrap-tests-with-act
    at UploadForm (C:\Users\DELL\OneDrive\Documents\datalens-hotel-booking\fron
tend\src\components\UploadForm.tsx:30:65)
Warning: An update to UploadForm inside a test was not wrapped in act(...).

When testing, code that causes React state updates should be wrapped into 
act(...):

act(() => {
  /* fire events that update state */
});
/* assert on the output */

This ensures that you're testing the behavior the user would see in the 
browser. Learn more at https://reactjs.org/link/wrap-tests-with-act
    at UploadForm (C:\Users\DELL\OneDrive\Documents\datalens-hotel-booking\fron
tend\src\components\UploadForm.tsx:30:65)

 [32mΓ£ô[39m tests/ProfileSummary.test.tsx [2m ([22m[2m12 tests[22m[2m)[22m[33m 1383[2mms[22m[39m
[90mstderr[2m | tests/ChatPanel.test.tsx[2m > [22m[2mChatPanel[2m > 
[22m[2mrenders after upload succeeds[22m[39m
Warning: An update to UploadForm inside a test was not wrapped in act(...).

When testing, code that causes React state updates should be wrapped into 
act(...):

act(() => {
  /* fire events that update state */
});
/* assert on the output */

This ensures that you're testing the behavior the user would see in the 
browser. Learn more at https://reactjs.org/link/wrap-tests-with-act
    at UploadForm (C:\Users\DELL\OneDrive\Documents\datalens-hotel-booking\fron
tend\src\components\UploadForm.tsx:30:65)
Warning: An update to UploadForm inside a test was not wrapped in act(...).

When testing, code that causes React state updates should be wrapped into 
act(...):

act(() => {
  /* fire events that update state */
});
/* assert on the output */

This ensures that you're testing the behavior the user would see in the 
browser. Learn more at https://reactjs.org/link/wrap-tests-with-act
    at UploadForm (C:\Users\DELL\OneDrive\Documents\datalens-hotel-booking\fron
tend\src\components\UploadForm.tsx:30:65)
Warning: An update to UploadForm inside a test was not wrapped in act(...).

When testing, code that causes React state updates should be wrapped into 
act(...):

act(() => {
  /* fire events that update state */
});
/* assert on the output */

This ensures that you're testing the behavior the user would see in the 
browser. Learn more at https://reactjs.org/link/wrap-tests-with-act
    at UploadForm (C:\Users\DELL\OneDrive\Documents\datalens-hotel-booking\fron
tend\src\components\UploadForm.tsx:30:65)
Warning: An update to UploadForm inside a test was not wrapped in act(...).

When testing, code that causes React state updates should be wrapped into 
act(...):

act(() => {
  /* fire events that update state */
});
/* assert on the output */

This ensures that you're testing the behavior the user would see in the 
browser. Learn more at https://reactjs.org/link/wrap-tests-with-act
    at UploadForm (C:\Users\DELL\OneDrive\Documents\datalens-hotel-booking\fron
tend\src\components\UploadForm.tsx:30:65)

 [33mΓ¥»[39m tests/Dashboard.test.tsx [2m ([22m[2m15 tests[22m [2m|[22m [31m1 failed[39m[2m)[22m[33m 1762[2mms[22m[39m
[31m   [33mΓ¥»[31m tests/Dashboard.test.tsx[2m > [22mDashboard[2m > [22mcalculates and displays data quality percentage[39m
[31m     ΓåÆ Unable to find an element with the text: /98\.\d+% complete/. This could be because the text is broken up by multiple elements. In this case, you can provide a function for your text matcher to make your matcher more flexible.

Ignored nodes: comments, script, style
[36m<body>[31m
  [36m<div>[31m
    [36m<section[31m
      [33mclass[31m=[32m"space-y-6"[31m
    [36m>[31m
      [36m<div[31m
        [33mclass[31m=[32m"space-y-4"[31m
      [36m>[31m
        [36m<div>[31m
          [36m<h3[31m
            [33mclass[31m=[32m"text-lg font-semibold text-slate-950"[31m
          [36m>[31m
            [0mCategory Distribution[0m
          [36m</h3>[31m
          [36m<p[31m
            [33mclass[31m=[32m"mt-1 text-sm text-slate-600"[31m
          [36m>[31m
            [0mHow data breaks down by key categories and segments.[0m
          [36m</p>[31m
        [36m</div>[31m
        [36m<div[31m
          [33mclass[31m=[32m"grid grid-cols-1 gap-6 lg:grid-cols-2"[31m
        [36m>[31m
          [36m<div[31m
            [33mclass[31m=[32m"rounded-2xl border border-slate-200 bg-white p-5 shadow-sm"[31m
          [36m>[31m
            [36m<div[31m
              [33mclass[31m=[32m"mb-5 flex items-start justify-between gap-3"[31m
            [36m>[31m
              [36m<div>[31m
                [36m<h4[31m
                  [33mclass[31m=[32m"text-base font-semibold text-slate-950"[31m
                [36m>[31m
                  [0mHotel Type[0m
                [36m</h4>[31m
                [36m<p[31m
                  [33mclass[31m=[32m"mt-1 text-sm text-slate-500"[31m
                [36m>[31m
                  [0mTop values by record count[0m
                [36m</p>[31m
              [36m</div>[31m
              [36m<span[31m
                [33mclass[31m=[32m"rounded-full bg-blue-50 px-2.5 py-1 text-xs font-medium text-blue-700"[31m
              [36m>[31m
                [0mCategory[0m
              [36m</span>[31m
            [36m</div>[31m
            [36m<div[31m
              [33mclass[31m=[32m"space-y-3"[31m
            [36m>[31m
              [36m<div>[31m
                [36m<div[31m
                  [33mclass[31m=[32m"flex items-center justify-between gap-3 text-xs"[31m
                [36m>[31m
                  [36m<span[31m
                    [33mclass[31m=[32m"truncate font-medium text-slate-700"[31m
                  [36m>[31m
                    [0mCity Hotel[0m
                  [36m</span>[31m
                  [36m<span[31m
                    [33mclass[31m=[32m"font-semibold text-slate-900"[31m
                  [36m>[31m
                    [0m600[0m
                  [36m</span>[31m
                [36m</div>[31m
                [36m<div[31m
                  [33mclass[31m=[32m"mt-1 h-3 overflow-hidden rounded-full bg-slate-100"[31m
                [36m>[31m
                  [36m<div[31m
                    [33mclass[31m=[32m"h-full rounded-full bg-teal-600"[31m
                    [33mstyle[31m=[32m"width: 100%;"[31m
                    [33mtitle[31m=[32m"City Hotel: 600 (60.0%)"[31m
                  [36m/>[31m
                [36m</div>[31m
              [36m</div>[31m
              [36m<div>[31m
                [36m<div[31m
                  [33mclass[31m=[32m"flex items-center justify-between gap-3 text-xs"[31m
                [36m>[31m
                  [36m<span[31m
                    [33mclass[31m=[32m"truncate font-medium text-slate-700"[31m
                  [36m>[31m
                    [0mResort Hotel[0m
                  [36m</span>[31m
                  [36m<span[31m
                    [33mclass[31m=[32m"font-semibold text-slate-900"[31m
                  [36m>[31m
                    [0m400[0m
                  [36m</span>[31m
                [36m</div>[31m
                [36m<div[31m
                  [33mclass[31m=[32m"mt-1 h-3 overflow-hidden rounded-full bg-slate-100"[31m
                [36m>[31m
                  [36m<div[31m
                    [33mclass[31m=[32m"h-full rounded-full bg-blue-600"[31m
                    [33mstyle[31m=[32m"width: 66.66666666666666%;"[31m
                    [33mtitle[31m=[32m"Resort Hotel: 400 (40.0%)"[31m
                  [36m/>[31m
                [36m</div>[31m
              [36m</div>[31m
            [36m</div>[31m
          [36m</div>[31m
          [36m<div[31m
            [33mclass[31m=[32m"rounded-2xl border border-slate-200 bg-white p-5 shadow-sm"[31m
          [36m>[31m
            [36m<div[31m
              [33mclass[31m=[32m"mb-5 flex items-start justify-between gap-3"[31m
            [36m>[31m
              [36m<div>[31m
                [36m<h4[31m
                  [33mclass[31m=[32m"text-base font-semibold text-slate-950"[31m
                [36m>[31m
                  [0mSource Country[0m
                [36m</h4>[31m
                [36m<p[31m
                  [33mclass[31m=[32m"mt-1 text-sm text-slate-500"[31m
                [36m>[31m
                  [0mTop values by record count[0m
                [36m</p>[31m
              [36m</div>[31m
              [36m<span[31m
                [33mclass[31m=[32m"rounded-full bg-blue-50 px-2.5 py-1 text-xs font-medium text-blue-700"[31m
              [36m>[31m
                [0mCategory[0m
              [36m</span>[31m
            [36m</div>[31m
            [36m<div[31m
              [33mclass[31m=[32m"space-y-3"[31m
            [36m>[31m
              [36m<div>[31m
                [36m<div[31m
                  [33mclass[31m=[32m"flex items-center justify-between gap-3 text-xs"[31m
                [36m>[31m
                  [36m<span[31m
                    [33mclass[31m=[32m"truncate font-medium text-slate-700"[31m
                  [36m>[31m
                    [0mPRT[0m
                  [36m</span>[31m
                  [36m<span[31m
                    [33mclass[31m=[32m"font-semibold text-slate-900"[31m
                  [36m>[31m
                    [0m350[0m
                  [36m</span>[31m
                [36m</div>[31m
                [36m<div[31m
                  [33mclass[31m=[32m"mt-1 h-3 overflow-hidden rounded-full bg-slate-100"[31m
                [36m>[31m
                  [36m<div[31m
                    [33mclass[31m=[32m"h-full rounded-full bg-teal-600"[31m
                    [33mstyle[31m=[32m"width: 100%;"[31m
                    [33mtitle[31m=[32m"PRT: 350 (35.0%)"[31m
                  [36m/>[31m
                [36m</div>[31m
              [36m</div>[31m
              [36m<div>[31m
                [36m<div[31m
                  [33mclass[31m=[32m"flex items-center justify-between gap-3 text-xs"[31m
                [36m>[31m
                  [36m<span[31m
                    [33mclass[31m=[32m"truncate font-medium text-slate-700"[31m
                  [36m>[31m
                    [0mGBR[0m
                  [36m</span>[31m
                  [36m<span[31m
                   ...[39m
[90mstderr[2m | tests/UploadForm.test.tsx[2m > [22m[2mUploadForm[2m > 
[22m[2mdisplays human-readable column names[22m[39m
Warning: An update to UploadForm inside a test was not wrapped in act(...).

When testing, code that causes React state updates should be wrapped into 
act(...):

act(() => {
  /* fire events that update state */
});
/* assert on the output */

This ensures that you're testing the behavior the user would see in the 
browser. Learn more at https://reactjs.org/link/wrap-tests-with-act
    at UploadForm (C:\Users\DELL\OneDrive\Documents\datalens-hotel-booking\fron
tend\src\components\UploadForm.tsx:30:65)
Warning: An update to UploadForm inside a test was not wrapped in act(...).

When testing, code that causes React state updates should be wrapped into 
act(...):

act(() => {
  /* fire events that update state */
});
/* assert on the output */

This ensures that you're testing the behavior the user would see in the 
browser. Learn more at https://reactjs.org/link/wrap-tests-with-act
    at UploadForm (C:\Users\DELL\OneDrive\Documents\datalens-hotel-booking\fron
tend\src\components\UploadForm.tsx:30:65)

[90mstderr[2m | tests/ChatPanel.test.tsx[2m > [22m[2mChatPanel[2m > 
[22m[2mlets the user type and submit a question[22m[39m
Warning: An update to ChatPanel inside a test was not wrapped in act(...).

When testing, code that causes React state updates should be wrapped into 
act(...):

act(() => {
  /* fire events that update state */
});
/* assert on the output */

This ensures that you're testing the behavior the user would see in the 
browser. Learn more at https://reactjs.org/link/wrap-tests-with-act
    at ChatPanel (C:\Users\DELL\OneDrive\Documents\datalens-hotel-booking\front
end\src\components\ChatPanel.tsx:9:22)

[90mstderr[2m | tests/ChatPanel.test.tsx[2m > [22m[2mChatPanel[2m > 
[22m[2mlets the user type and submit a question[22m[39m
Warning: An update to ChatPanel inside a test was not wrapped in act(...).

When testing, code that causes React state updates should be wrapped into 
act(...):

act(() => {
  /* fire events that update state */
});
/* assert on the output */

This ensures that you're testing the behavior the user would see in the 
browser. Learn more at https://reactjs.org/link/wrap-tests-with-act
    at ChatPanel (C:\Users\DELL\OneDrive\Documents\datalens-hotel-booking\front
end\src\components\ChatPanel.tsx:9:22)

[90mstderr[2m | tests/UploadForm.test.tsx[2m > [22m[2mUploadForm[2m > 
[22m[2mdisplays human-readable column names[22m[39m
Warning: An update to UploadForm inside a test was not wrapped in act(...).

When testing, code that causes React state updates should be wrapped into 
act(...):

act(() => {
  /* fire events that update state */
});
/* assert on the output */

This ensures that you're testing the behavior the user would see in the 
browser. Learn more at https://reactjs.org/link/wrap-tests-with-act
    at UploadForm (C:\Users\DELL\OneDrive\Documents\datalens-hotel-booking\fron
tend\src\components\UploadForm.tsx:30:65)
Warning: An update to UploadForm inside a test was not wrapped in act(...).

When testing, code that causes React state updates should be wrapped into 
act(...):

act(() => {
  /* fire events that update state */
});
/* assert on the output */

This ensures that you're testing the behavior the user would see in the 
browser. Learn more at https://reactjs.org/link/wrap-tests-with-act
    at UploadForm (C:\Users\DELL\OneDrive\Documents\datalens-hotel-booking\fron
tend\src\components\UploadForm.tsx:30:65)

[90mstderr[2m | tests/ChatPanel.test.tsx[2m > [22m[2mChatPanel[2m > 
[22m[2mlets the user type and submit a question[22m[39m
Warning: An update to ChatPanel inside a test was not wrapped in act(...).

When testing, code that causes React state updates should be wrapped into 
act(...):

act(() => {
  /* fire events that update state */
});
/* assert on the output */

This ensures that you're testing the behavior the user would see in the 
browser. Learn more at https://reactjs.org/link/wrap-tests-with-act
    at ChatPanel (C:\Users\DELL\OneDrive\Documents\datalens-hotel-booking\front
end\src\components\ChatPanel.tsx:9:22)

[90mstderr[2m | tests/ChatPanel.test.tsx[2m > [22m[2mChatPanel[2m > 
[22m[2mlets the user type and submit a question[22m[39m
Warning: An update to ChatPanel inside a test was not wrapped in act(...).

When testing, code that causes React state updates should be wrapped into 
act(...):

act(() => {
  /* fire events that update state */
});
/* assert on the output */

This ensures that you're testing the behavior the user would see in the 
browser. Learn more at https://reactjs.org/link/wrap-tests-with-act
    at ChatPanel (C:\Users\DELL\OneDrive\Documents\datalens-hotel-booking\front
end\src\components\ChatPanel.tsx:9:22)

[90mstderr[2m | tests/ChatPanel.test.tsx[2m > [22m[2mChatPanel[2m > 
[22m[2mlets the user type and submit a question[22m[39m
Warning: An update to ChatPanel inside a test was not wrapped in act(...).

When testing, code that causes React state updates should be wrapped into 
act(...):

act(() => {
  /* fire events that update state */
});
/* assert on the output */

This ensures that you're testing the behavior the user would see in the 
browser. Learn more at https://reactjs.org/link/wrap-tests-with-act
    at ChatPanel (C:\Users\DELL\OneDrive\Documents\datalens-hotel-booking\front
end\src\components\ChatPanel.tsx:9:22)

[90mstderr[2m | tests/ChatPanel.test.tsx[2m > [22m[2mChatPanel[2m > 
[22m[2mlets the user type and submit a question[22m[39m
Warning: An update to ChatPanel inside a test was not wrapped in act(...).

When testing, code that causes React state updates should be wrapped into 
act(...):

act(() => {
  /* fire events that update state */
});
/* assert on the output */

This ensures that you're testing the behavior the user would see in the 
browser. Learn more at https://reactjs.org/link/wrap-tests-with-act
    at ChatPanel (C:\Users\DELL\OneDrive\Documents\datalens-hotel-booking\front
end\src\components\ChatPanel.tsx:9:22)

[90mstderr[2m | tests/ChatPanel.test.tsx[2m > [22m[2mChatPanel[2m > 
[22m[2mlets the user type and submit a question[22m[39m
Warning: An update to ChatPanel inside a test was not wrapped in act(...).

When testing, code that causes React state updates should be wrapped into 
act(...):

act(() => {
  /* fire events that update state */
});
/* assert on the output */

This ensures that you're testing the behavior the user would see in the 
browser. Learn more at https://reactjs.org/link/wrap-tests-with-act
    at ChatPanel (C:\Users\DELL\OneDrive\Documents\datalens-hotel-booking\front
end\src\components\ChatPanel.tsx:9:22)

[90mstderr[2m | tests/ChatPanel.test.tsx[2m > [22m[2mChatPanel[2m > 
[22m[2mlets the user type and submit a question[22m[39m
Warning: An update to ChatPanel inside a test was not wrapped in act(...).

When testing, code that causes React state updates should be wrapped into 
act(...):

act(() => {
  /* fire events that update state */
});
/* assert on the output */

This ensures that you're testing the behavior the user would see in the 
browser. Learn more at https://reactjs.org/link/wrap-tests-with-act
    at ChatPanel (C:\Users\DELL\OneDrive\Documents\datalens-hotel-booking\front
end\src\components\ChatPanel.tsx:9:22)

[90mstderr[2m | tests/ChatPanel.test.tsx[2m > [22m[2mChatPanel[2m > 
[22m[2mlets the user type and submit a question[22m[39m
Warning: An update to ChatPanel inside a test was not wrapped in act(...).

When testing, code that causes React state updates should be wrapped into 
act(...):

act(() => {
  /* fire events that update state */
});
/* assert on the output */

This ensures that you're testing the behavior the user would see in the 
browser. Learn more at https://reactjs.org/link/wrap-tests-with-act
    at ChatPanel (C:\Users\DELL\OneDrive\Documents\datalens-hotel-booking\front
end\src\components\ChatPanel.tsx:9:22)

[90mstderr[2m | tests/ChatPanel.test.tsx[2m > [22m[2mChatPanel[2m > 
[22m[2mlets the user type and submit a question[22m[39m
Warning: An update to ChatPanel inside a test was not wrapped in act(...).

When testing, code that causes React state updates should be wrapped into 
act(...):

act(() => {
  /* fire events that update state */
});
/* assert on the output */

This ensures that you're testing the behavior the user would see in the 
browser. Learn more at https://reactjs.org/link/wrap-tests-with-act
    at ChatPanel (C:\Users\DELL\OneDrive\Documents\datalens-hotel-booking\front
end\src\components\ChatPanel.tsx:9:22)

[90mstderr[2m | tests/ExecutiveSummary.test.tsx[2m > 
[22m[2mExecutiveSummary[2m > [22m[2mrenders after upload 
succeeds[22m[39m
Warning: An update to UploadForm inside a test was not wrapped in act(...).

When testing, code that causes React state updates should be wrapped into 
act(...):

act(() => {
  /* fire events that update state */
});
/* assert on the output */

This ensures that you're testing the behavior the user would see in the 
browser. Learn more at https://reactjs.org/link/wrap-tests-with-act
    at UploadForm (C:\Users\DELL\OneDrive\Documents\datalens-hotel-booking\fron
tend\src\components\UploadForm.tsx:30:65)
Warning: An update to UploadForm inside a test was not wrapped in act(...).

When testing, code that causes React state updates should be wrapped into 
act(...):

act(() => {
  /* fire events that update state */
});
/* assert on the output */

This ensures that you're testing the behavior the user would see in the 
browser. Learn more at https://reactjs.org/link/wrap-tests-with-act
    at UploadForm (C:\Users\DELL\OneDrive\Documents\datalens-hotel-booking\fron
tend\src\components\UploadForm.tsx:30:65)
Warning: An update to UploadForm inside a test was not wrapped in act(...).

When testing, code that causes React state updates should be wrapped into 
act(...):

act(() => {
  /* fire events that update state */
});
/* assert on the output */

This ensures that you're testing the behavior the user would see in the 
browser. Learn more at https://reactjs.org/link/wrap-tests-with-act
    at UploadForm (C:\Users\DELL\OneDrive\Documents\datalens-hotel-booking\fron
tend\src\components\UploadForm.tsx:30:65)
Warning: An update to UploadForm inside a test was not wrapped in act(...).

When testing, code that causes React state updates should be wrapped into 
act(...):

act(() => {
  /* fire events that update state */
});
/* assert on the output */

This ensures that you're testing the behavior the user would see in the 
browser. Learn more at https://reactjs.org/link/wrap-tests-with-act
    at UploadForm (C:\Users\DELL\OneDrive\Documents\datalens-hotel-booking\fron
tend\src\components\UploadForm.tsx:30:65)

[90mstderr[2m | tests/ChatPanel.test.tsx[2m > [22m[2mChatPanel[2m > 
[22m[2mlets the user type and submit a question[22m[39m
Warning: An update to ChatPanel inside a test was not wrapped in act(...).

When testing, code that causes React state updates should be wrapped into 
act(...):

act(() => {
  /* fire events that update state */
});
/* assert on the output */

This ensures that you're testing the behavior the user would see in the 
browser. Learn more at https://reactjs.org/link/wrap-tests-with-act
    at ChatPanel (C:\Users\DELL\OneDrive\Documents\datalens-hotel-booking\front
end\src\components\ChatPanel.tsx:9:22)

[90mstderr[2m | tests/ChatPanel.test.tsx[2m > [22m[2mChatPanel[2m > 
[22m[2mlets the user type and submit a question[22m[39m
Warning: An update to ChatPanel inside a test was not wrapped in act(...).

When testing, code that causes React state updates should be wrapped into 
act(...):

act(() => {
  /* fire events that update state */
});
/* assert on the output */

This ensures that you're testing the behavior the user would see in the 
browser. Learn more at https://reactjs.org/link/wrap-tests-with-act
    at ChatPanel (C:\Users\DELL\OneDrive\Documents\datalens-hotel-booking\front
end\src\components\ChatPanel.tsx:9:22)

[90mstderr[2m | tests/ChatPanel.test.tsx[2m > [22m[2mChatPanel[2m > 
[22m[2mlets the user type and submit a question[22m[39m
Warning: An update to ChatPanel inside a test was not wrapped in act(...).

When testing, code that causes React state updates should be wrapped into 
act(...):

act(() => {
  /* fire events that update state */
});
/* assert on the output */

This ensures that you're testing the behavior the user would see in the 
browser. Learn more at https://reactjs.org/link/wrap-tests-with-act
    at ChatPanel (C:\Users\DELL\OneDrive\Documents\datalens-hotel-booking\front
end\src\components\ChatPanel.tsx:9:22)

[90mstderr[2m | tests/ChatPanel.test.tsx[2m > [22m[2mChatPanel[2m > 
[22m[2mlets the user type and submit a question[22m[39m
Warning: An update to ChatPanel inside a test was not wrapped in act(...).

When testing, code that causes React state updates should be wrapped into 
act(...):

act(() => {
  /* fire events that update state */
});
/* assert on the output */

This ensures that you're testing the behavior the user would see in the 
browser. Learn more at https://reactjs.org/link/wrap-tests-with-act
    at ChatPanel (C:\Users\DELL\OneDrive\Documents\datalens-hotel-booking\front
end\src\components\ChatPanel.tsx:9:22)

[90mstderr[2m | tests/ChatPanel.test.tsx[2m > [22m[2mChatPanel[2m > 
[22m[2mlets the user type and submit a question[22m[39m
Warning: An update to ChatPanel inside a test was not wrapped in act(...).

When testing, code that causes React state updates should be wrapped into 
act(...):

act(() => {
  /* fire events that update state */
});
/* assert on the output */

This ensures that you're testing the behavior the user would see in the 
browser. Learn more at https://reactjs.org/link/wrap-tests-with-act
    at ChatPanel (C:\Users\DELL\OneDrive\Documents\datalens-hotel-booking\front
end\src\components\ChatPanel.tsx:9:22)

[90mstderr[2m | tests/ChatPanel.test.tsx[2m > [22m[2mChatPanel[2m > 
[22m[2mlets the user type and submit a question[22m[39m
Warning: An update to ChatPanel inside a test was not wrapped in act(...).

When testing, code that causes React state updates should be wrapped into 
act(...):

act(() => {
  /* fire events that update state */
});
/* assert on the output */

This ensures that you're testing the behavior the user would see in the 
browser. Learn more at https://reactjs.org/link/wrap-tests-with-act
    at ChatPanel (C:\Users\DELL\OneDrive\Documents\datalens-hotel-booking\front
end\src\components\ChatPanel.tsx:9:22)

[90mstderr[2m | tests/ChatPanel.test.tsx[2m > [22m[2mChatPanel[2m > 
[22m[2mlets the user type and submit a question[22m[39m
Warning: An update to ChatPanel inside a test was not wrapped in act(...).

When testing, code that causes React state updates should be wrapped into 
act(...):

act(() => {
  /* fire events that update state */
});
/* assert on the output */

This ensures that you're testing the behavior the user would see in the 
browser. Learn more at https://reactjs.org/link/wrap-tests-with-act
    at ChatPanel (C:\Users\DELL\OneDrive\Documents\datalens-hotel-booking\front
end\src\components\ChatPanel.tsx:9:22)

[90mstderr[2m | tests/ChatPanel.test.tsx[2m > [22m[2mChatPanel[2m > 
[22m[2mlets the user type and submit a question[22m[39m
Warning: An update to ChatPanel inside a test was not wrapped in act(...).

When testing, code that causes React state updates should be wrapped into 
act(...):

act(() => {
  /* fire events that update state */
});
/* assert on the output */

This ensures that you're testing the behavior the user would see in the 
browser. Learn more at https://reactjs.org/link/wrap-tests-with-act
    at ChatPanel (C:\Users\DELL\OneDrive\Documents\datalens-hotel-booking\front
end\src\components\ChatPanel.tsx:9:22)

[90mstderr[2m | tests/ChatPanel.test.tsx[2m > [22m[2mChatPanel[2m > 
[22m[2mlets the user type and submit a question[22m[39m
Warning: An update to ChatPanel inside a test was not wrapped in act(...).

When testing, code that causes React state updates should be wrapped into 
act(...):

act(() => {
  /* fire events that update state */
});
/* assert on the output */

This ensures that you're testing the behavior the user would see in the 
browser. Learn more at https://reactjs.org/link/wrap-tests-with-act
    at ChatPanel (C:\Users\DELL\OneDrive\Documents\datalens-hotel-booking\front
end\src\components\ChatPanel.tsx:9:22)

[90mstderr[2m | tests/ChatPanel.test.tsx[2m > [22m[2mChatPanel[2m > 
[22m[2mlets the user type and submit a question[22m[39m
Warning: An update to ChatPanel inside a test was not wrapped in act(...).

When testing, code that causes React state updates should be wrapped into 
act(...):

act(() => {
  /* fire events that update state */
});
/* assert on the output */

This ensures that you're testing the behavior the user would see in the 
browser. Learn more at https://reactjs.org/link/wrap-tests-with-act
    at ChatPanel (C:\Users\DELL\OneDrive\Documents\datalens-hotel-booking\front
end\src\components\ChatPanel.tsx:9:22)

[90mstderr[2m | tests/ChatPanel.test.tsx[2m > [22m[2mChatPanel[2m > 
[22m[2mlets the user type and submit a question[22m[39m
Warning: An update to ChatPanel inside a test was not wrapped in act(...).

When testing, code that causes React state updates should be wrapped into 
act(...):

act(() => {
  /* fire events that update state */
});
/* assert on the output */

This ensures that you're testing the behavior the user would see in the 
browser. Learn more at https://reactjs.org/link/wrap-tests-with-act
    at ChatPanel (C:\Users\DELL\OneDrive\Documents\datalens-hotel-booking\front
end\src\components\ChatPanel.tsx:9:22)

[90mstderr[2m | tests/ChatPanel.test.tsx[2m > [22m[2mChatPanel[2m > 
[22m[2mlets the user type and submit a question[22m[39m
Warning: An update to ChatPanel inside a test was not wrapped in act(...).

When testing, code that causes React state updates should be wrapped into 
act(...):

act(() => {
  /* fire events that update state */
});
/* assert on the output */

This ensures that you're testing the behavior the user would see in the 
browser. Learn more at https://reactjs.org/link/wrap-tests-with-act
    at ChatPanel (C:\Users\DELL\OneDrive\Documents\datalens-hotel-booking\front
end\src\components\ChatPanel.tsx:9:22)

[90mstderr[2m | tests/ChatPanel.test.tsx[2m > [22m[2mChatPanel[2m > 
[22m[2mlets the user type and submit a question[22m[39m
Warning: An update to ChatPanel inside a test was not wrapped in act(...).

When testing, code that causes React state updates should be wrapped into 
act(...):

act(() => {
  /* fire events that update state */
});
/* assert on the output */

This ensures that you're testing the behavior the user would see in the 
browser. Learn more at https://reactjs.org/link/wrap-tests-with-act
    at ChatPanel (C:\Users\DELL\OneDrive\Documents\datalens-hotel-booking\front
end\src\components\ChatPanel.tsx:9:22)

[90mstderr[2m | tests/ChatPanel.test.tsx[2m > [22m[2mChatPanel[2m > 
[22m[2mlets the user type and submit a question[22m[39m
Warning: An update to ChatPanel inside a test was not wrapped in act(...).

When testing, code that causes React state updates should be wrapped into 
act(...):

act(() => {
  /* fire events that update state */
});
/* assert on the output */

This ensures that you're testing the behavior the user would see in the 
browser. Learn more at https://reactjs.org/link/wrap-tests-with-act
    at ChatPanel (C:\Users\DELL\OneDrive\Documents\datalens-hotel-booking\front
end\src\components\ChatPanel.tsx:9:22)

[90mstderr[2m | tests/ChatPanel.test.tsx[2m > [22m[2mChatPanel[2m > 
[22m[2mlets the user type and submit a question[22m[39m
Warning: An update to ChatPanel inside a test was not wrapped in act(...).

When testing, code that causes React state updates should be wrapped into 
act(...):

act(() => {
  /* fire events that update state */
});
/* assert on the output */

This ensures that you're testing the behavior the user would see in the 
browser. Learn more at https://reactjs.org/link/wrap-tests-with-act
    at ChatPanel (C:\Users\DELL\OneDrive\Documents\datalens-hotel-booking\front
end\src\components\ChatPanel.tsx:9:22)

[90mstderr[2m | tests/ChatPanel.test.tsx[2m > [22m[2mChatPanel[2m > 
[22m[2mlets the user type and submit a question[22m[39m
Warning: An update to ChatPanel inside a test was not wrapped in act(...).

When testing, code that causes React state updates should be wrapped into 
act(...):

act(() => {
  /* fire events that update state */
});
/* assert on the output */

This ensures that you're testing the behavior the user would see in the 
browser. Learn more at https://reactjs.org/link/wrap-tests-with-act
    at ChatPanel (C:\Users\DELL\OneDrive\Documents\datalens-hotel-booking\front
end\src\components\ChatPanel.tsx:9:22)

[90mstderr[2m | tests/ChatPanel.test.tsx[2m > [22m[2mChatPanel[2m > 
[22m[2mlets the user type and submit a question[22m[39m
Warning: An update to ChatPanel inside a test was not wrapped in act(...).

When testing, code that causes React state updates should be wrapped into 
act(...):

act(() => {
  /* fire events that update state */
});
/* assert on the output */

This ensures that you're testing the behavior the user would see in the 
browser. Learn more at https://reactjs.org/link/wrap-tests-with-act
    at ChatPanel (C:\Users\DELL\OneDrive\Documents\datalens-hotel-booking\front
end\src\components\ChatPanel.tsx:9:22)

[90mstderr[2m | tests/ChatPanel.test.tsx[2m > [22m[2mChatPanel[2m > 
[22m[2mlets the user type and submit a question[22m[39m
Warning: An update to ChatPanel inside a test was not wrapped in act(...).

When testing, code that causes React state updates should be wrapped into 
act(...):

act(() => {
  /* fire events that update state */
});
/* assert on the output */

This ensures that you're testing the behavior the user would see in the 
browser. Learn more at https://reactjs.org/link/wrap-tests-with-act
    at ChatPanel (C:\Users\DELL\OneDrive\Documents\datalens-hotel-booking\front
end\src\components\ChatPanel.tsx:9:22)

[90mstderr[2m | tests/ChatPanel.test.tsx[2m > [22m[2mChatPanel[2m > 
[22m[2mlets the user type and submit a question[22m[39m
Warning: An update to ChatPanel inside a test was not wrapped in act(...).

When testing, code that causes React state updates should be wrapped into 
act(...):

act(() => {
  /* fire events that update state */
});
/* assert on the output */

This ensures that you're testing the behavior the user would see in the 
browser. Learn more at https://reactjs.org/link/wrap-tests-with-act
    at ChatPanel (C:\Users\DELL\OneDrive\Documents\datalens-hotel-booking\front
end\src\components\ChatPanel.tsx:9:22)

[90mstderr[2m | tests/ChatPanel.test.tsx[2m > [22m[2mChatPanel[2m > 
[22m[2mlets the user type and submit a question[22m[39m
Warning: An update to ChatPanel inside a test was not wrapped in act(...).

When testing, code that causes React state updates should be wrapped into 
act(...):

act(() => {
  /* fire events that update state */
});
/* assert on the output */

This ensures that you're testing the behavior the user would see in the 
browser. Learn more at https://reactjs.org/link/wrap-tests-with-act
    at ChatPanel (C:\Users\DELL\OneDrive\Documents\datalens-hotel-booking\front
end\src\components\ChatPanel.tsx:9:22)

[90mstderr[2m | tests/ChatPanel.test.tsx[2m > [22m[2mChatPanel[2m > 
[22m[2mlets the user type and submit a question[22m[39m
Warning: An update to ChatPanel inside a test was not wrapped in act(...).

When testing, code that causes React state updates should be wrapped into 
act(...):

act(() => {
  /* fire events that update state */
});
/* assert on the output */

This ensures that you're testing the behavior the user would see in the 
browser. Learn more at https://reactjs.org/link/wrap-tests-with-act
    at ChatPanel (C:\Users\DELL\OneDrive\Documents\datalens-hotel-booking\front
end\src\components\ChatPanel.tsx:9:22)
Warning: An update to ChatPanel inside a test was not wrapped in act(...).

When testing, code that causes React state updates should be wrapped into 
act(...):

act(() => {
  /* fire events that update state */
});
/* assert on the output */

This ensures that you're testing the behavior the user would see in the 
browser. Learn more at https://reactjs.org/link/wrap-tests-with-act
    at ChatPanel (C:\Users\DELL\OneDrive\Documents\datalens-hotel-booking\front
end\src\components\ChatPanel.tsx:9:22)
Warning: An update to ChatPanel inside a test was not wrapped in act(...).

When testing, code that causes React state updates should be wrapped into 
act(...):

act(() => {
  /* fire events that update state */
});
/* assert on the output */

This ensures that you're testing the behavior the user would see in the 
browser. Learn more at https://reactjs.org/link/wrap-tests-with-act
    at ChatPanel (C:\Users\DELL\OneDrive\Documents\datalens-hotel-booking\front
end\src\components\ChatPanel.tsx:9:22)
Warning: An update to ChatPanel inside a test was not wrapped in act(...).

When testing, code that causes React state updates should be wrapped into 
act(...):

act(() => {
  /* fire events that update state */
});
/* assert on the output */

This ensures that you're testing the behavior the user would see in the 
browser. Learn more at https://reactjs.org/link/wrap-tests-with-act
    at ChatPanel (C:\Users\DELL\OneDrive\Documents\datalens-hotel-booking\front
end\src\components\ChatPanel.tsx:9:22)
Warning: An update to ChatPanel inside a test was not wrapped in act(...).

When testing, code that causes React state updates should be wrapped into 
act(...):

act(() => {
  /* fire events that update state */
});
/* assert on the output */

This ensures that you're testing the behavior the user would see in the 
browser. Learn more at https://reactjs.org/link/wrap-tests-with-act
    at ChatPanel (C:\Users\DELL\OneDrive\Documents\datalens-hotel-booking\front
end\src\components\ChatPanel.tsx:9:22)
Warning: An update to ChatPanel inside a test was not wrapped in act(...).

When testing, code that causes React state updates should be wrapped into 
act(...):

act(() => {
  /* fire events that update state */
});
/* assert on the output */

This ensures that you're testing the behavior the user would see in the 
browser. Learn more at https://reactjs.org/link/wrap-tests-with-act
    at ChatPanel (C:\Users\DELL\OneDrive\Documents\datalens-hotel-booking\front
end\src\components\ChatPanel.tsx:9:22)

[90mstderr[2m | tests/ChatPanel.test.tsx[2m > [22m[2mChatPanel[2m > 
[22m[2mdisplays a successful chat response answer[22m[39m
Warning: An update to ChatPanel inside a test was not wrapped in act(...).

When testing, code that causes React state updates should be wrapped into 
act(...):

act(() => {
  /* fire events that update state */
});
/* assert on the output */

This ensures that you're testing the behavior the user would see in the 
browser. Learn more at https://reactjs.org/link/wrap-tests-with-act
    at ChatPanel (C:\Users\DELL\OneDrive\Documents\datalens-hotel-booking\front
end\src\components\ChatPanel.tsx:9:22)

[90mstderr[2m | tests/ChatPanel.test.tsx[2m > [22m[2mChatPanel[2m > 
[22m[2mdisplays a successful chat response answer[22m[39m
Warning: An update to ChatPanel inside a test was not wrapped in act(...).

When testing, code that causes React state updates should be wrapped into 
act(...):

act(() => {
  /* fire events that update state */
});
/* assert on the output */

This ensures that you're testing the behavior the user would see in the 
browser. Learn more at https://reactjs.org/link/wrap-tests-with-act
    at ChatPanel (C:\Users\DELL\OneDrive\Documents\datalens-hotel-booking\front
end\src\components\ChatPanel.tsx:9:22)

[90mstderr[2m | tests/ChatPanel.test.tsx[2m > [22m[2mChatPanel[2m > 
[22m[2mdisplays a successful chat response answer[22m[39m
Warning: An update to ChatPanel inside a test was not wrapped in act(...).

When testing, code that causes React state updates should be wrapped into 
act(...):

act(() => {
  /* fire events that update state */
});
/* assert on the output */

This ensures that you're testing the behavior the user would see in the 
browser. Learn more at https://reactjs.org/link/wrap-tests-with-act
    at ChatPanel (C:\Users\DELL\OneDrive\Documents\datalens-hotel-booking\front
end\src\components\ChatPanel.tsx:9:22)

[90mstderr[2m | tests/UploadForm.test.tsx[2m > [22m[2mUploadForm[2m > 
[22m[2mmoves a new user into an adaptive analytics workspace after 
upload[22m[39m
Warning: An update to UploadForm inside a test was not wrapped in act(...).

When testing, code that causes React state updates should be wrapped into 
act(...):

act(() => {
  /* fire events that update state */
});
/* assert on the output */

This ensures that you're testing the behavior the user would see in the 
browser. Learn more at https://reactjs.org/link/wrap-tests-with-act
    at UploadForm (C:\Users\DELL\OneDrive\Documents\datalens-hotel-booking\fron
tend\src\components\UploadForm.tsx:30:65)
Warning: An update to UploadForm inside a test was not wrapped in act(...).

When testing, code that causes React state updates should be wrapped into 
act(...):

act(() => {
  /* fire events that update state */
});
/* assert on the output */

This ensures that you're testing the behavior the user would see in the 
browser. Learn more at https://reactjs.org/link/wrap-tests-with-act
    at UploadForm (C:\Users\DELL\OneDrive\Documents\datalens-hotel-booking\fron
tend\src\components\UploadForm.tsx:30:65)

[90mstderr[2m | tests/ChatPanel.test.tsx[2m > [22m[2mChatPanel[2m > 
[22m[2mdisplays a successful chat response answer[22m[39m
Warning: An update to ChatPanel inside a test was not wrapped in act(...).

When testing, code that causes React state updates should be wrapped into 
act(...):

act(() => {
  /* fire events that update state */
});
/* assert on the output */

This ensures that you're testing the behavior the user would see in the 
browser. Learn more at https://reactjs.org/link/wrap-tests-with-act
    at ChatPanel (C:\Users\DELL\OneDrive\Documents\datalens-hotel-booking\front
end\src\components\ChatPanel.tsx:9:22)

[90mstderr[2m | tests/ChatPanel.test.tsx[2m > [22m[2mChatPanel[2m > 
[22m[2mdisplays a successful chat response answer[22m[39m
Warning: An update to ChatPanel inside a test was not wrapped in act(...).

When testing, code that causes React state updates should be wrapped into 
act(...):

act(() => {
  /* fire events that update state */
});
/* assert on the output */

This ensures that you're testing the behavior the user would see in the 
browser. Learn more at https://reactjs.org/link/wrap-tests-with-act
    at ChatPanel (C:\Users\DELL\OneDrive\Documents\datalens-hotel-booking\front
end\src\components\ChatPanel.tsx:9:22)

[90mstderr[2m | tests/ChatPanel.test.tsx[2m > [22m[2mChatPanel[2m > 
[22m[2mdisplays a successful chat response answer[22m[39m
Warning: An update to ChatPanel inside a test was not wrapped in act(...).

When testing, code that causes React state updates should be wrapped into 
act(...):

act(() => {
  /* fire events that update state */
});
/* assert on the output */

This ensures that you're testing the behavior the user would see in the 
browser. Learn more at https://reactjs.org/link/wrap-tests-with-act
    at ChatPanel (C:\Users\DELL\OneDrive\Documents\datalens-hotel-booking\front
end\src\components\ChatPanel.tsx:9:22)

[90mstderr[2m | tests/ChatPanel.test.tsx[2m > [22m[2mChatPanel[2m > 
[22m[2mdisplays a successful chat response answer[22m[39m
Warning: An update to ChatPanel inside a test was not wrapped in act(...).

When testing, code that causes React state updates should be wrapped into 
act(...):

act(() => {
  /* fire events that update state */
});
/* assert on the output */

This ensures that you're testing the behavior the user would see in the 
browser. Learn more at https://reactjs.org/link/wrap-tests-with-act
    at ChatPanel (C:\Users\DELL\OneDrive\Documents\datalens-hotel-booking\front
end\src\components\ChatPanel.tsx:9:22)

[90mstderr[2m | tests/ChatPanel.test.tsx[2m > [22m[2mChatPanel[2m > 
[22m[2mdisplays a successful chat response answer[22m[39m
Warning: An update to ChatPanel inside a test was not wrapped in act(...).

When testing, code that causes React state updates should be wrapped into 
act(...):

act(() => {
  /* fire events that update state */
});
/* assert on the output */

This ensures that you're testing the behavior the user would see in the 
browser. Learn more at https://reactjs.org/link/wrap-tests-with-act
    at ChatPanel (C:\Users\DELL\OneDrive\Documents\datalens-hotel-booking\front
end\src\components\ChatPanel.tsx:9:22)

[90mstderr[2m | tests/ChatPanel.test.tsx[2m > [22m[2mChatPanel[2m > 
[22m[2mdisplays a successful chat response answer[22m[39m
Warning: An update to ChatPanel inside a test was not wrapped in act(...).

When testing, code that causes React state updates should be wrapped into 
act(...):

act(() => {
  /* fire events that update state */
});
/* assert on the output */

This ensures that you're testing the behavior the user would see in the 
browser. Learn more at https://reactjs.org/link/wrap-tests-with-act
    at ChatPanel (C:\Users\DELL\OneDrive\Documents\datalens-hotel-booking\front
end\src\components\ChatPanel.tsx:9:22)

[90mstderr[2m | tests/ChatPanel.test.tsx[2m > [22m[2mChatPanel[2m > 
[22m[2mdisplays a successful chat response answer[22m[39m
Warning: An update to ChatPanel inside a test was not wrapped in act(...).

When testing, code that causes React state updates should be wrapped into 
act(...):

act(() => {
  /* fire events that update state */
});
/* assert on the output */

This ensures that you're testing the behavior the user would see in the 
browser. Learn more at https://reactjs.org/link/wrap-tests-with-act
    at ChatPanel (C:\Users\DELL\OneDrive\Documents\datalens-hotel-booking\front
end\src\components\ChatPanel.tsx:9:22)

[90mstderr[2m | tests/ChatPanel.test.tsx[2m > [22m[2mChatPanel[2m > 
[22m[2mdisplays a successful chat response answer[22m[39m
Warning: An update to ChatPanel inside a test was not wrapped in act(...).

When testing, code that causes React state updates should be wrapped into 
act(...):

act(() => {
  /* fire events that update state */
});
/* assert on the output */

This ensures that you're testing the behavior the user would see in the 
browser. Learn more at https://reactjs.org/link/wrap-tests-with-act
    at ChatPanel (C:\Users\DELL\OneDrive\Documents\datalens-hotel-booking\front
end\src\components\ChatPanel.tsx:9:22)

[90mstderr[2m | tests/ChatPanel.test.tsx[2m > [22m[2mChatPanel[2m > 
[22m[2mdisplays a successful chat response answer[22m[39m
Warning: An update to ChatPanel inside a test was not wrapped in act(...).

When testing, code that causes React state updates should be wrapped into 
act(...):

act(() => {
  /* fire events that update state */
});
/* assert on the output */

This ensures that you're testing the behavior the user would see in the 
browser. Learn more at https://reactjs.org/link/wrap-tests-with-act
    at ChatPanel (C:\Users\DELL\OneDrive\Documents\datalens-hotel-booking\front
end\src\components\ChatPanel.tsx:9:22)

[90mstderr[2m | tests/ChatPanel.test.tsx[2m > [22m[2mChatPanel[2m > 
[22m[2mdisplays a successful chat response answer[22m[39m
Warning: An update to ChatPanel inside a test was not wrapped in act(...).

When testing, code that causes React state updates should be wrapped into 
act(...):

act(() => {
  /* fire events that update state */
});
/* assert on the output */

This ensures that you're testing the behavior the user would see in the 
browser. Learn more at https://reactjs.org/link/wrap-tests-with-act
    at ChatPanel (C:\Users\DELL\OneDrive\Documents\datalens-hotel-booking\front
end\src\components\ChatPanel.tsx:9:22)

[90mstderr[2m | tests/ChatPanel.test.tsx[2m > [22m[2mChatPanel[2m > 
[22m[2mdisplays a successful chat response answer[22m[39m
Warning: An update to ChatPanel inside a test was not wrapped in act(...).

When testing, code that causes React state updates should be wrapped into 
act(...):

act(() => {
  /* fire events that update state */
});
/* assert on the output */

This ensures that you're testing the behavior the user would see in the 
browser. Learn more at https://reactjs.org/link/wrap-tests-with-act
    at ChatPanel (C:\Users\DELL\OneDrive\Documents\datalens-hotel-booking\front
end\src\components\ChatPanel.tsx:9:22)

[90mstderr[2m | tests/ChatPanel.test.tsx[2m > [22m[2mChatPanel[2m > 
[22m[2mdisplays a successful chat response answer[22m[39m
Warning: An update to ChatPanel inside a test was not wrapped in act(...).

When testing, code that causes React state updates should be wrapped into 
act(...):

act(() => {
  /* fire events that update state */
});
/* assert on the output */

This ensures that you're testing the behavior the user would see in the 
browser. Learn more at https://reactjs.org/link/wrap-tests-with-act
    at ChatPanel (C:\Users\DELL\OneDrive\Documents\datalens-hotel-booking\front
end\src\components\ChatPanel.tsx:9:22)

[90mstderr[2m | tests/ChatPanel.test.tsx[2m > [22m[2mChatPanel[2m > 
[22m[2mdisplays a successful chat response answer[22m[39m
Warning: An update to ChatPanel inside a test was not wrapped in act(...).

When testing, code that causes React state updates should be wrapped into 
act(...):

act(() => {
  /* fire events that update state */
});
/* assert on the output */

This ensures that you're testing the behavior the user would see in the 
browser. Learn more at https://reactjs.org/link/wrap-tests-with-act
    at ChatPanel (C:\Users\DELL\OneDrive\Documents\datalens-hotel-booking\front
end\src\components\ChatPanel.tsx:9:22)

[90mstderr[2m | tests/ChatPanel.test.tsx[2m > [22m[2mChatPanel[2m > 
[22m[2mdisplays a successful chat response answer[22m[39m
Warning: An update to ChatPanel inside a test was not wrapped in act(...).

When testing, code that causes React state updates should be wrapped into 
act(...):

act(() => {
  /* fire events that update state */
});
/* assert on the output */

This ensures that you're testing the behavior the user would see in the 
browser. Learn more at https://reactjs.org/link/wrap-tests-with-act
    at ChatPanel (C:\Users\DELL\OneDrive\Documents\datalens-hotel-booking\front
end\src\components\ChatPanel.tsx:9:22)

[90mstderr[2m | tests/ChatPanel.test.tsx[2m > [22m[2mChatPanel[2m > 
[22m[2mdisplays a successful chat response answer[22m[39m
Warning: An update to ChatPanel inside a test was not wrapped in act(...).

When testing, code that causes React state updates should be wrapped into 
act(...):

act(() => {
  /* fire events that update state */
});
/* assert on the output */

This ensures that you're testing the behavior the user would see in the 
browser. Learn more at https://reactjs.org/link/wrap-tests-with-act
    at ChatPanel (C:\Users\DELL\OneDrive\Documents\datalens-hotel-booking\front
end\src\components\ChatPanel.tsx:9:22)

[90mstderr[2m | tests/ChatPanel.test.tsx[2m > [22m[2mChatPanel[2m > 
[22m[2mdisplays a successful chat response answer[22m[39m
Warning: An update to ChatPanel inside a test was not wrapped in act(...).

When testing, code that causes React state updates should be wrapped into 
act(...):

act(() => {
  /* fire events that update state */
});
/* assert on the output */

This ensures that you're testing the behavior the user would see in the 
browser. Learn more at https://reactjs.org/link/wrap-tests-with-act
    at ChatPanel (C:\Users\DELL\OneDrive\Documents\datalens-hotel-booking\front
end\src\components\ChatPanel.tsx:9:22)

[90mstderr[2m | tests/ChatPanel.test.tsx[2m > [22m[2mChatPanel[2m > 
[22m[2mdisplays a successful chat response answer[22m[39m
Warning: An update to ChatPanel inside a test was not wrapped in act(...).

When testing, code that causes React state updates should be wrapped into 
act(...):

act(() => {
  /* fire events that update state */
});
/* assert on the output */

This ensures that you're testing the behavior the user would see in the 
browser. Learn more at https://reactjs.org/link/wrap-tests-with-act
    at ChatPanel (C:\Users\DELL\OneDrive\Documents\datalens-hotel-booking\front
end\src\components\ChatPanel.tsx:9:22)

[90mstderr[2m | tests/ChatPanel.test.tsx[2m > [22m[2mChatPanel[2m > 
[22m[2mdisplays a successful chat response answer[22m[39m
Warning: An update to ChatPanel inside a test was not wrapped in act(...).

When testing, code that causes React state updates should be wrapped into 
act(...):

act(() => {
  /* fire events that update state */
});
/* assert on the output */

This ensures that you're testing the behavior the user would see in the 
browser. Learn more at https://reactjs.org/link/wrap-tests-with-act
    at ChatPanel (C:\Users\DELL\OneDrive\Documents\datalens-hotel-booking\front
end\src\components\ChatPanel.tsx:9:22)

[90mstderr[2m | tests/ChatPanel.test.tsx[2m > [22m[2mChatPanel[2m > 
[22m[2mdisplays a successful chat response answer[22m[39m
Warning: An update to ChatPanel inside a test was not wrapped in act(...).

When testing, code that causes React state updates should be wrapped into 
act(...):

act(() => {
  /* fire events that update state */
});
/* assert on the output */

This ensures that you're testing the behavior the user would see in the 
browser. Learn more at https://reactjs.org/link/wrap-tests-with-act
    at ChatPanel (C:\Users\DELL\OneDrive\Documents\datalens-hotel-booking\front
end\src\components\ChatPanel.tsx:9:22)

[90mstderr[2m | tests/ChatPanel.test.tsx[2m > [22m[2mChatPanel[2m > 
[22m[2mdisplays a successful chat response answer[22m[39m
Warning: An update to ChatPanel inside a test was not wrapped in act(...).

When testing, code that causes React state updates should be wrapped into 
act(...):

act(() => {
  /* fire events that update state */
});
/* assert on the output */

This ensures that you're testing the behavior the user would see in the 
browser. Learn more at https://reactjs.org/link/wrap-tests-with-act
    at ChatPanel (C:\Users\DELL\OneDrive\Documents\datalens-hotel-booking\front
end\src\components\ChatPanel.tsx:9:22)

[90mstderr[2m | tests/ChatPanel.test.tsx[2m > [22m[2mChatPanel[2m > 
[22m[2mdisplays a successful chat response answer[22m[39m
Warning: An update to ChatPanel inside a test was not wrapped in act(...).

When testing, code that causes React state updates should be wrapped into 
act(...):

act(() => {
  /* fire events that update state */
});
/* assert on the output */

This ensures that you're testing the behavior the user would see in the 
browser. Learn more at https://reactjs.org/link/wrap-tests-with-act
    at ChatPanel (C:\Users\DELL\OneDrive\Documents\datalens-hotel-booking\front
end\src\components\ChatPanel.tsx:9:22)

[90mstderr[2m | tests/ChatPanel.test.tsx[2m > [22m[2mChatPanel[2m > 
[22m[2mdisplays a successful chat response answer[22m[39m
Warning: An update to ChatPanel inside a test was not wrapped in act(...).

When testing, code that causes React state updates should be wrapped into 
act(...):

act(() => {
  /* fire events that update state */
});
/* assert on the output */

This ensures that you're testing the behavior the user would see in the 
browser. Learn more at https://reactjs.org/link/wrap-tests-with-act
    at ChatPanel (C:\Users\DELL\OneDrive\Documents\datalens-hotel-booking\front
end\src\components\ChatPanel.tsx:9:22)

[90mstderr[2m | tests/ChatPanel.test.tsx[2m > [22m[2mChatPanel[2m > 
[22m[2mdisplays a successful chat response answer[22m[39m
Warning: An update to ChatPanel inside a test was not wrapped in act(...).

When testing, code that causes React state updates should be wrapped into 
act(...):

act(() => {
  /* fire events that update state */
});
/* assert on the output */

This ensures that you're testing the behavior the user would see in the 
browser. Learn more at https://reactjs.org/link/wrap-tests-with-act
    at ChatPanel (C:\Users\DELL\OneDrive\Documents\datalens-hotel-booking\front
end\src\components\ChatPanel.tsx:9:22)

[90mstderr[2m | tests/ChatPanel.test.tsx[2m > [22m[2mChatPanel[2m > 
[22m[2mdisplays a successful chat response answer[22m[39m
Warning: An update to ChatPanel inside a test was not wrapped in act(...).

When testing, code that causes React state updates should be wrapped into 
act(...):

act(() => {
  /* fire events that update state */
});
/* assert on the output */

This ensures that you're testing the behavior the user would see in the 
browser. Learn more at https://reactjs.org/link/wrap-tests-with-act
    at ChatPanel (C:\Users\DELL\OneDrive\Documents\datalens-hotel-booking\front
end\src\components\ChatPanel.tsx:9:22)

[90mstderr[2m | tests/ChatPanel.test.tsx[2m > [22m[2mChatPanel[2m > 
[22m[2mdisplays a successful chat response answer[22m[39m
Warning: An update to ChatPanel inside a test was not wrapped in act(...).

When testing, code that causes React state updates should be wrapped into 
act(...):

act(() => {
  /* fire events that update state */
});
/* assert on the output */

This ensures that you're testing the behavior the user would see in the 
browser. Learn more at https://reactjs.org/link/wrap-tests-with-act
    at ChatPanel (C:\Users\DELL\OneDrive\Documents\datalens-hotel-booking\front
end\src\components\ChatPanel.tsx:9:22)

[90mstderr[2m | tests/ChatPanel.test.tsx[2m > [22m[2mChatPanel[2m > 
[22m[2mdisplays a successful chat response answer[22m[39m
Warning: An update to ChatPanel inside a test was not wrapped in act(...).

When testing, code that causes React state updates should be wrapped into 
act(...):

act(() => {
  /* fire events that update state */
});
/* assert on the output */

This ensures that you're testing the behavior the user would see in the 
browser. Learn more at https://reactjs.org/link/wrap-tests-with-act
    at ChatPanel (C:\Users\DELL\OneDrive\Documents\datalens-hotel-booking\front
end\src\components\ChatPanel.tsx:9:22)

[90mstderr[2m | tests/ChatPanel.test.tsx[2m > [22m[2mChatPanel[2m > 
[22m[2mdisplays a successful chat response answer[22m[39m
Warning: An update to ChatPanel inside a test was not wrapped in act(...).

When testing, code that causes React state updates should be wrapped into 
act(...):

act(() => {
  /* fire events that update state */
});
/* assert on the output */

This ensures that you're testing the behavior the user would see in the 
browser. Learn more at https://reactjs.org/link/wrap-tests-with-act
    at ChatPanel (C:\Users\DELL\OneDrive\Documents\datalens-hotel-booking\front
end\src\components\ChatPanel.tsx:9:22)

[90mstderr[2m | tests/ChatPanel.test.tsx[2m > [22m[2mChatPanel[2m > 
[22m[2mdisplays a successful chat response answer[22m[39m
Warning: An update to ChatPanel inside a test was not wrapped in act(...).

When testing, code that causes React state updates should be wrapped into 
act(...):

act(() => {
  /* fire events that update state */
});
/* assert on the output */

This ensures that you're testing the behavior the user would see in the 
browser. Learn more at https://reactjs.org/link/wrap-tests-with-act
    at ChatPanel (C:\Users\DELL\OneDrive\Documents\datalens-hotel-booking\front
end\src\components\ChatPanel.tsx:9:22)

[90mstderr[2m | tests/ChatPanel.test.tsx[2m > [22m[2mChatPanel[2m > 
[22m[2mdisplays a successful chat response answer[22m[39m
Warning: An update to ChatPanel inside a test was not wrapped in act(...).

When testing, code that causes React state updates should be wrapped into 
act(...):

act(() => {
  /* fire events that update state */
});
/* assert on the output */

This ensures that you're testing the behavior the user would see in the 
browser. Learn more at https://reactjs.org/link/wrap-tests-with-act
    at ChatPanel (C:\Users\DELL\OneDrive\Documents\datalens-hotel-booking\front
end\src\components\ChatPanel.tsx:9:22)

[90mstderr[2m | tests/ChatPanel.test.tsx[2m > [22m[2mChatPanel[2m > 
[22m[2mdisplays a successful chat response answer[22m[39m
Warning: An update to ChatPanel inside a test was not wrapped in act(...).

When testing, code that causes React state updates should be wrapped into 
act(...):

act(() => {
  /* fire events that update state */
});
/* assert on the output */

This ensures that you're testing the behavior the user would see in the 
browser. Learn more at https://reactjs.org/link/wrap-tests-with-act
    at ChatPanel (C:\Users\DELL\OneDrive\Documents\datalens-hotel-booking\front
end\src\components\ChatPanel.tsx:9:22)

[90mstderr[2m | tests/ChatPanel.test.tsx[2m > [22m[2mChatPanel[2m > 
[22m[2mdisplays a successful chat response answer[22m[39m
Warning: An update to ChatPanel inside a test was not wrapped in act(...).

When testing, code that causes React state updates should be wrapped into 
act(...):

act(() => {
  /* fire events that update state */
});
/* assert on the output */

This ensures that you're testing the behavior the user would see in the 
browser. Learn more at https://reactjs.org/link/wrap-tests-with-act
    at ChatPanel (C:\Users\DELL\OneDrive\Documents\datalens-hotel-booking\front
end\src\components\ChatPanel.tsx:9:22)

[90mstderr[2m | tests/ChatPanel.test.tsx[2m > [22m[2mChatPanel[2m > 
[22m[2mdisplays a successful chat response answer[22m[39m
Warning: An update to ChatPanel inside a test was not wrapped in act(...).

When testing, code that causes React state updates should be wrapped into 
act(...):

act(() => {
  /* fire events that update state */
});
/* assert on the output */

This ensures that you're testing the behavior the user would see in the 
browser. Learn more at https://reactjs.org/link/wrap-tests-with-act
    at ChatPanel (C:\Users\DELL\OneDrive\Documents\datalens-hotel-booking\front
end\src\components\ChatPanel.tsx:9:22)

[90mstderr[2m | tests/ChatPanel.test.tsx[2m > [22m[2mChatPanel[2m > 
[22m[2mdisplays a successful chat response answer[22m[39m
Warning: An update to ChatPanel inside a test was not wrapped in act(...).

When testing, code that causes React state updates should be wrapped into 
act(...):

act(() => {
  /* fire events that update state */
});
/* assert on the output */

This ensures that you're testing the behavior the user would see in the 
browser. Learn more at https://reactjs.org/link/wrap-tests-with-act
    at ChatPanel (C:\Users\DELL\OneDrive\Documents\datalens-hotel-booking\front
end\src\components\ChatPanel.tsx:9:22)

[90mstderr[2m | tests/ChatPanel.test.tsx[2m > [22m[2mChatPanel[2m > 
[22m[2mdisplays a successful chat response answer[22m[39m
Warning: An update to ChatPanel inside a test was not wrapped in act(...).

When testing, code that causes React state updates should be wrapped into 
act(...):

act(() => {
  /* fire events that update state */
});
/* assert on the output */

This ensures that you're testing the behavior the user would see in the 
browser. Learn more at https://reactjs.org/link/wrap-tests-with-act
    at ChatPanel (C:\Users\DELL\OneDrive\Documents\datalens-hotel-booking\front
end\src\components\ChatPanel.tsx:9:22)
Warning: An update to ChatPanel inside a test was not wrapped in act(...).

When testing, code that causes React state updates should be wrapped into 
act(...):

act(() => {
  /* fire events that update state */
});
/* assert on the output */

This ensures that you're testing the behavior the user would see in the 
browser. Learn more at https://reactjs.org/link/wrap-tests-with-act
    at ChatPanel (C:\Users\DELL\OneDrive\Documents\datalens-hotel-booking\front
end\src\components\ChatPanel.tsx:9:22)
Warning: An update to ChatPanel inside a test was not wrapped in act(...).

When testing, code that causes React state updates should be wrapped into 
act(...):

act(() => {
  /* fire events that update state */
});
/* assert on the output */

This ensures that you're testing the behavior the user would see in the 
browser. Learn more at https://reactjs.org/link/wrap-tests-with-act
    at ChatPanel (C:\Users\DELL\OneDrive\Documents\datalens-hotel-booking\front
end\src\components\ChatPanel.tsx:9:22)

[90mstderr[2m | tests/UploadForm.test.tsx[2m > [22m[2mUploadForm[2m > 
[22m[2mmoves a new user into an adaptive analytics workspace after 
upload[22m[39m
Warning: An update to UploadForm inside a test was not wrapped in act(...).

When testing, code that causes React state updates should be wrapped into 
act(...):

act(() => {
  /* fire events that update state */
});
/* assert on the output */

This ensures that you're testing the behavior the user would see in the 
browser. Learn more at https://reactjs.org/link/wrap-tests-with-act
    at UploadForm (C:\Users\DELL\OneDrive\Documents\datalens-hotel-booking\fron
tend\src\components\UploadForm.tsx:30:65)
Warning: An update to UploadForm inside a test was not wrapped in act(...).

When testing, code that causes React state updates should be wrapped into 
act(...):

act(() => {
  /* fire events that update state */
});
/* assert on the output */

This ensures that you're testing the behavior the user would see in the 
browser. Learn more at https://reactjs.org/link/wrap-tests-with-act
    at UploadForm (C:\Users\DELL\OneDrive\Documents\datalens-hotel-booking\fron
tend\src\components\UploadForm.tsx:30:65)
Warning: An update to UploadForm inside a test was not wrapped in act(...).

When testing, code that causes React state updates should be wrapped into 
act(...):

act(() => {
  /* fire events that update state */
});
/* assert on the output */

This ensures that you're testing the behavior the user would see in the 
browser. Learn more at https://reactjs.org/link/wrap-tests-with-act
    at UploadForm (C:\Users\DELL\OneDrive\Documents\datalens-hotel-booking\fron
tend\src\components\UploadForm.tsx:30:65)
Warning: An update to UploadForm inside a test was not wrapped in act(...).

When testing, code that causes React state updates should be wrapped into 
act(...):

act(() => {
  /* fire events that update state */
});
/* assert on the output */

This ensures that you're testing the behavior the user would see in the 
browser. Learn more at https://reactjs.org/link/wrap-tests-with-act
    at UploadForm (C:\Users\DELL\OneDrive\Documents\datalens-hotel-booking\fron
tend\src\components\UploadForm.tsx:30:65)

[90mstderr[2m | tests/ChatPanel.test.tsx[2m > [22m[2mChatPanel[2m > 
[22m[2mdisplays an error after a failed chat request[22m[39m
Warning: An update to ChatPanel inside a test was not wrapped in act(...).

When testing, code that causes React state updates should be wrapped into 
act(...):

act(() => {
  /* fire events that update state */
});
/* assert on the output */

This ensures that you're testing the behavior the user would see in the 
browser. Learn more at https://reactjs.org/link/wrap-tests-with-act
    at ChatPanel (C:\Users\DELL\OneDrive\Documents\datalens-hotel-booking\front
end\src\components\ChatPanel.tsx:9:22)

[90mstderr[2m | tests/ChatPanel.test.tsx[2m > [22m[2mChatPanel[2m > 
[22m[2mdisplays an error after a failed chat request[22m[39m
Warning: An update to ChatPanel inside a test was not wrapped in act(...).

When testing, code that causes React state updates should be wrapped into 
act(...):

act(() => {
  /* fire events that update state */
});
/* assert on the output */

This ensures that you're testing the behavior the user would see in the 
browser. Learn more at https://reactjs.org/link/wrap-tests-with-act
    at ChatPanel (C:\Users\DELL\OneDrive\Documents\datalens-hotel-booking\front
end\src\components\ChatPanel.tsx:9:22)

[90mstderr[2m | tests/ChatPanel.test.tsx[2m > [22m[2mChatPanel[2m > 
[22m[2mdisplays an error after a failed chat request[22m[39m
Warning: An update to ChatPanel inside a test was not wrapped in act(...).

When testing, code that causes React state updates should be wrapped into 
act(...):

act(() => {
  /* fire events that update state */
});
/* assert on the output */

This ensures that you're testing the behavior the user would see in the 
browser. Learn more at https://reactjs.org/link/wrap-tests-with-act
    at ChatPanel (C:\Users\DELL\OneDrive\Documents\datalens-hotel-booking\front
end\src\components\ChatPanel.tsx:9:22)

[90mstderr[2m | tests/ChatPanel.test.tsx[2m > [22m[2mChatPanel[2m > 
[22m[2mdisplays an error after a failed chat request[22m[39m
Warning: An update to ChatPanel inside a test was not wrapped in act(...).

When testing, code that causes React state updates should be wrapped into 
act(...):

act(() => {
  /* fire events that update state */
});
/* assert on the output */

This ensures that you're testing the behavior the user would see in the 
browser. Learn more at https://reactjs.org/link/wrap-tests-with-act
    at ChatPanel (C:\Users\DELL\OneDrive\Documents\datalens-hotel-booking\front
end\src\components\ChatPanel.tsx:9:22)

[90mstderr[2m | tests/ChatPanel.test.tsx[2m > [22m[2mChatPanel[2m > 
[22m[2mdisplays an error after a failed chat request[22m[39m
Warning: An update to ChatPanel inside a test was not wrapped in act(...).

When testing, code that causes React state updates should be wrapped into 
act(...):

act(() => {
  /* fire events that update state */
});
/* assert on the output */

This ensures that you're testing the behavior the user would see in the 
browser. Learn more at https://reactjs.org/link/wrap-tests-with-act
    at ChatPanel (C:\Users\DELL\OneDrive\Documents\datalens-hotel-booking\front
end\src\components\ChatPanel.tsx:9:22)

[90mstderr[2m | tests/ChatPanel.test.tsx[2m > [22m[2mChatPanel[2m > 
[22m[2mdisplays an error after a failed chat request[22m[39m
Warning: An update to ChatPanel inside a test was not wrapped in act(...).

When testing, code that causes React state updates should be wrapped into 
act(...):

act(() => {
  /* fire events that update state */
});
/* assert on the output */

This ensures that you're testing the behavior the user would see in the 
browser. Learn more at https://reactjs.org/link/wrap-tests-with-act
    at ChatPanel (C:\Users\DELL\OneDrive\Documents\datalens-hotel-booking\front
end\src\components\ChatPanel.tsx:9:22)

[90mstderr[2m | tests/ChatPanel.test.tsx[2m > [22m[2mChatPanel[2m > 
[22m[2mdisplays an error after a failed chat request[22m[39m
Warning: An update to ChatPanel inside a test was not wrapped in act(...).

When testing, code that causes React state updates should be wrapped into 
act(...):

act(() => {
  /* fire events that update state */
});
/* assert on the output */

This ensures that you're testing the behavior the user would see in the 
browser. Learn more at https://reactjs.org/link/wrap-tests-with-act
    at ChatPanel (C:\Users\DELL\OneDrive\Documents\datalens-hotel-booking\front
end\src\components\ChatPanel.tsx:9:22)

[90mstderr[2m | tests/ChatPanel.test.tsx[2m > [22m[2mChatPanel[2m > 
[22m[2mdisplays an error after a failed chat request[22m[39m
Warning: An update to ChatPanel inside a test was not wrapped in act(...).

When testing, code that causes React state updates should be wrapped into 
act(...):

act(() => {
  /* fire events that update state */
});
/* assert on the output */

This ensures that you're testing the behavior the user would see in the 
browser. Learn more at https://reactjs.org/link/wrap-tests-with-act
    at ChatPanel (C:\Users\DELL\OneDrive\Documents\datalens-hotel-booking\front
end\src\components\ChatPanel.tsx:9:22)

[90mstderr[2m | tests/ChatPanel.test.tsx[2m > [22m[2mChatPanel[2m > 
[22m[2mdisplays an error after a failed chat request[22m[39m
Warning: An update to ChatPanel inside a test was not wrapped in act(...).

When testing, code that causes React state updates should be wrapped into 
act(...):

act(() => {
  /* fire events that update state */
});
/* assert on the output */

This ensures that you're testing the behavior the user would see in the 
browser. Learn more at https://reactjs.org/link/wrap-tests-with-act
    at ChatPanel (C:\Users\DELL\OneDrive\Documents\datalens-hotel-booking\front
end\src\components\ChatPanel.tsx:9:22)

[90mstderr[2m | tests/ChatPanel.test.tsx[2m > [22m[2mChatPanel[2m > 
[22m[2mdisplays an error after a failed chat request[22m[39m
Warning: An update to ChatPanel inside a test was not wrapped in act(...).

When testing, code that causes React state updates should be wrapped into 
act(...):

act(() => {
  /* fire events that update state */
});
/* assert on the output */

This ensures that you're testing the behavior the user would see in the 
browser. Learn more at https://reactjs.org/link/wrap-tests-with-act
    at ChatPanel (C:\Users\DELL\OneDrive\Documents\datalens-hotel-booking\front
end\src\components\ChatPanel.tsx:9:22)

[90mstderr[2m | tests/ChatPanel.test.tsx[2m > [22m[2mChatPanel[2m > 
[22m[2mdisplays an error after a failed chat request[22m[39m
Warning: An update to ChatPanel inside a test was not wrapped in act(...).

When testing, code that causes React state updates should be wrapped into 
act(...):

act(() => {
  /* fire events that update state */
});
/* assert on the output */

This ensures that you're testing the behavior the user would see in the 
browser. Learn more at https://reactjs.org/link/wrap-tests-with-act
    at ChatPanel (C:\Users\DELL\OneDrive\Documents\datalens-hotel-booking\front
end\src\components\ChatPanel.tsx:9:22)

[90mstderr[2m | tests/ChatPanel.test.tsx[2m > [22m[2mChatPanel[2m > 
[22m[2mdisplays an error after a failed chat request[22m[39m
Warning: An update to ChatPanel inside a test was not wrapped in act(...).

When testing, code that causes React state updates should be wrapped into 
act(...):

act(() => {
  /* fire events that update state */
});
/* assert on the output */

This ensures that you're testing the behavior the user would see in the 
browser. Learn more at https://reactjs.org/link/wrap-tests-with-act
    at ChatPanel (C:\Users\DELL\OneDrive\Documents\datalens-hotel-booking\front
end\src\components\ChatPanel.tsx:9:22)

[90mstderr[2m | tests/ChatPanel.test.tsx[2m > [22m[2mChatPanel[2m > 
[22m[2mdisplays an error after a failed chat request[22m[39m
Warning: An update to ChatPanel inside a test was not wrapped in act(...).

When testing, code that causes React state updates should be wrapped into 
act(...):

act(() => {
  /* fire events that update state */
});
/* assert on the output */

This ensures that you're testing the behavior the user would see in the 
browser. Learn more at https://reactjs.org/link/wrap-tests-with-act
    at ChatPanel (C:\Users\DELL\OneDrive\Documents\datalens-hotel-booking\front
end\src\components\ChatPanel.tsx:9:22)

[90mstderr[2m | tests/ChatPanel.test.tsx[2m > [22m[2mChatPanel[2m > 
[22m[2mdisplays an error after a failed chat request[22m[39m
Warning: An update to ChatPanel inside a test was not wrapped in act(...).

When testing, code that causes React state updates should be wrapped into 
act(...):

act(() => {
  /* fire events that update state */
});
/* assert on the output */

This ensures that you're testing the behavior the user would see in the 
browser. Learn more at https://reactjs.org/link/wrap-tests-with-act
    at ChatPanel (C:\Users\DELL\OneDrive\Documents\datalens-hotel-booking\front
end\src\components\ChatPanel.tsx:9:22)

[90mstderr[2m | tests/ChatPanel.test.tsx[2m > [22m[2mChatPanel[2m > 
[22m[2mdisplays an error after a failed chat request[22m[39m
Warning: An update to ChatPanel inside a test was not wrapped in act(...).

When testing, code that causes React state updates should be wrapped into 
act(...):

act(() => {
  /* fire events that update state */
});
/* assert on the output */

This ensures that you're testing the behavior the user would see in the 
browser. Learn more at https://reactjs.org/link/wrap-tests-with-act
    at ChatPanel (C:\Users\DELL\OneDrive\Documents\datalens-hotel-booking\front
end\src\components\ChatPanel.tsx:9:22)

[90mstderr[2m | tests/ChatPanel.test.tsx[2m > [22m[2mChatPanel[2m > 
[22m[2mdisplays an error after a failed chat request[22m[39m
Warning: An update to ChatPanel inside a test was not wrapped in act(...).

When testing, code that causes React state updates should be wrapped into 
act(...):

act(() => {
  /* fire events that update state */
});
/* assert on the output */

This ensures that you're testing the behavior the user would see in the 
browser. Learn more at https://reactjs.org/link/wrap-tests-with-act
    at ChatPanel (C:\Users\DELL\OneDrive\Documents\datalens-hotel-booking\front
end\src\components\ChatPanel.tsx:9:22)

[90mstderr[2m | tests/ChatPanel.test.tsx[2m > [22m[2mChatPanel[2m > 
[22m[2mdisplays an error after a failed chat request[22m[39m
Warning: An update to ChatPanel inside a test was not wrapped in act(...).

When testing, code that causes React state updates should be wrapped into 
act(...):

act(() => {
  /* fire events that update state */
});
/* assert on the output */

This ensures that you're testing the behavior the user would see in the 
browser. Learn more at https://reactjs.org/link/wrap-tests-with-act
    at ChatPanel (C:\Users\DELL\OneDrive\Documents\datalens-hotel-booking\front
end\src\components\ChatPanel.tsx:9:22)

[90mstderr[2m | tests/ChatPanel.test.tsx[2m > [22m[2mChatPanel[2m > 
[22m[2mdisplays an error after a failed chat request[22m[39m
Warning: An update to ChatPanel inside a test was not wrapped in act(...).

When testing, code that causes React state updates should be wrapped into 
act(...):

act(() => {
  /* fire events that update state */
});
/* assert on the output */

This ensures that you're testing the behavior the user would see in the 
browser. Learn more at https://reactjs.org/link/wrap-tests-with-act
    at ChatPanel (C:\Users\DELL\OneDrive\Documents\datalens-hotel-booking\front
end\src\components\ChatPanel.tsx:9:22)

[90mstderr[2m | tests/ChatPanel.test.tsx[2m > [22m[2mChatPanel[2m > 
[22m[2mdisplays an error after a failed chat request[22m[39m
Warning: An update to ChatPanel inside a test was not wrapped in act(...).

When testing, code that causes React state updates should be wrapped into 
act(...):

act(() => {
  /* fire events that update state */
});
/* assert on the output */

This ensures that you're testing the behavior the user would see in the 
browser. Learn more at https://reactjs.org/link/wrap-tests-with-act
    at ChatPanel (C:\Users\DELL\OneDrive\Documents\datalens-hotel-booking\front
end\src\components\ChatPanel.tsx:9:22)

[90mstderr[2m | tests/ChatPanel.test.tsx[2m > [22m[2mChatPanel[2m > 
[22m[2mdisplays an error after a failed chat request[22m[39m
Warning: An update to ChatPanel inside a test was not wrapped in act(...).

When testing, code that causes React state updates should be wrapped into 
act(...):

act(() => {
  /* fire events that update state */
});
/* assert on the output */

This ensures that you're testing the behavior the user would see in the 
browser. Learn more at https://reactjs.org/link/wrap-tests-with-act
    at ChatPanel (C:\Users\DELL\OneDrive\Documents\datalens-hotel-booking\front
end\src\components\ChatPanel.tsx:9:22)

[90mstderr[2m | tests/ChatPanel.test.tsx[2m > [22m[2mChatPanel[2m > 
[22m[2mdisplays an error after a failed chat request[22m[39m
Warning: An update to ChatPanel inside a test was not wrapped in act(...).

When testing, code that causes React state updates should be wrapped into 
act(...):

act(() => {
  /* fire events that update state */
});
/* assert on the output */

This ensures that you're testing the behavior the user would see in the 
browser. Learn more at https://reactjs.org/link/wrap-tests-with-act
    at ChatPanel (C:\Users\DELL\OneDrive\Documents\datalens-hotel-booking\front
end\src\components\ChatPanel.tsx:9:22)

[90mstderr[2m | tests/ChatPanel.test.tsx[2m > [22m[2mChatPanel[2m > 
[22m[2mdisplays an error after a failed chat request[22m[39m
Warning: An update to ChatPanel inside a test was not wrapped in act(...).

When testing, code that causes React state updates should be wrapped into 
act(...):

act(() => {
  /* fire events that update state */
});
/* assert on the output */

This ensures that you're testing the behavior the user would see in the 
browser. Learn more at https://reactjs.org/link/wrap-tests-with-act
    at ChatPanel (C:\Users\DELL\OneDrive\Documents\datalens-hotel-booking\front
end\src\components\ChatPanel.tsx:9:22)

[90mstderr[2m | tests/ChatPanel.test.tsx[2m > [22m[2mChatPanel[2m > 
[22m[2mdisplays an error after a failed chat request[22m[39m
Warning: An update to ChatPanel inside a test was not wrapped in act(...).

When testing, code that causes React state updates should be wrapped into 
act(...):

act(() => {
  /* fire events that update state */
});
/* assert on the output */

This ensures that you're testing the behavior the user would see in the 
browser. Learn more at https://reactjs.org/link/wrap-tests-with-act
    at ChatPanel (C:\Users\DELL\OneDrive\Documents\datalens-hotel-booking\front
end\src\components\ChatPanel.tsx:9:22)

[90mstderr[2m | tests/ChatPanel.test.tsx[2m > [22m[2mChatPanel[2m > 
[22m[2mdisplays an error after a failed chat request[22m[39m
Warning: An update to ChatPanel inside a test was not wrapped in act(...).

When testing, code that causes React state updates should be wrapped into 
act(...):

act(() => {
  /* fire events that update state */
});
/* assert on the output */

This ensures that you're testing the behavior the user would see in the 
browser. Learn more at https://reactjs.org/link/wrap-tests-with-act
    at ChatPanel (C:\Users\DELL\OneDrive\Documents\datalens-hotel-booking\front
end\src\components\ChatPanel.tsx:9:22)

[90mstderr[2m | tests/ChatPanel.test.tsx[2m > [22m[2mChatPanel[2m > 
[22m[2mdisplays an error after a failed chat request[22m[39m
Warning: An update to ChatPanel inside a test was not wrapped in act(...).

When testing, code that causes React state updates should be wrapped into 
act(...):

act(() => {
  /* fire events that update state */
});
/* assert on the output */

This ensures that you're testing the behavior the user would see in the 
browser. Learn more at https://reactjs.org/link/wrap-tests-with-act
    at ChatPanel (C:\Users\DELL\OneDrive\Documents\datalens-hotel-booking\front
end\src\components\ChatPanel.tsx:9:22)

[90mstderr[2m | tests/ChatPanel.test.tsx[2m > [22m[2mChatPanel[2m > 
[22m[2mdisplays an error after a failed chat request[22m[39m
Warning: An update to ChatPanel inside a test was not wrapped in act(...).

When testing, code that causes React state updates should be wrapped into 
act(...):

act(() => {
  /* fire events that update state */
});
/* assert on the output */

This ensures that you're testing the behavior the user would see in the 
browser. Learn more at https://reactjs.org/link/wrap-tests-with-act
    at ChatPanel (C:\Users\DELL\OneDrive\Documents\datalens-hotel-booking\front
end\src\components\ChatPanel.tsx:9:22)

[90mstderr[2m | tests/ChatPanel.test.tsx[2m > [22m[2mChatPanel[2m > 
[22m[2mdisplays an error after a failed chat request[22m[39m
Warning: An update to ChatPanel inside a test was not wrapped in act(...).

When testing, code that causes React state updates should be wrapped into 
act(...):

act(() => {
  /* fire events that update state */
});
/* assert on the output */

This ensures that you're testing the behavior the user would see in the 
browser. Learn more at https://reactjs.org/link/wrap-tests-with-act
    at ChatPanel (C:\Users\DELL\OneDrive\Documents\datalens-hotel-booking\front
end\src\components\ChatPanel.tsx:9:22)
Warning: An update to ChatPanel inside a test was not wrapped in act(...).

When testing, code that causes React state updates should be wrapped into 
act(...):

act(() => {
  /* fire events that update state */
});
/* assert on the output */

This ensures that you're testing the behavior the user would see in the 
browser. Learn more at https://reactjs.org/link/wrap-tests-with-act
    at ChatPanel (C:\Users\DELL\OneDrive\Documents\datalens-hotel-booking\front
end\src\components\ChatPanel.tsx:9:22)
Warning: An update to ChatPanel inside a test was not wrapped in act(...).

When testing, code that causes React state updates should be wrapped into 
act(...):

act(() => {
  /* fire events that update state */
});
/* assert on the output */

This ensures that you're testing the behavior the user would see in the 
browser. Learn more at https://reactjs.org/link/wrap-tests-with-act
    at ChatPanel (C:\Users\DELL\OneDrive\Documents\datalens-hotel-booking\front
end\src\components\ChatPanel.tsx:9:22)
Warning: An update to ChatPanel inside a test was not wrapped in act(...).

When testing, code that causes React state updates should be wrapped into 
act(...):

act(() => {
  /* fire events that update state */
});
/* assert on the output */

This ensures that you're testing the behavior the user would see in the 
browser. Learn more at https://reactjs.org/link/wrap-tests-with-act
    at ChatPanel (C:\Users\DELL\OneDrive\Documents\datalens-hotel-booking\front
end\src\components\ChatPanel.tsx:9:22)
Warning: An update to ChatPanel inside a test was not wrapped in act(...).

When testing, code that causes React state updates should be wrapped into 
act(...):

act(() => {
  /* fire events that update state */
});
/* assert on the output */

This ensures that you're testing the behavior the user would see in the 
browser. Learn more at https://reactjs.org/link/wrap-tests-with-act
    at ChatPanel (C:\Users\DELL\OneDrive\Documents\datalens-hotel-booking\front
end\src\components\ChatPanel.tsx:9:22)

 [33mΓ¥»[39m tests/ChatPanel.test.tsx [2m ([22m[2m6 tests[22m [2m|[22m [31m1 failed[39m[2m)[22m[33m 2868[2mms[22m[39m
[31m   [33mΓ¥»[31m tests/ChatPanel.test.tsx[2m > [22mChatPanel[2m > [22mrenders after upload succeeds[39m
[31m     ΓåÆ Unable to find an element with the text: /dataset-123/i. This could be because the text is broken up by multiple elements. In this case, you can provide a function for your text matcher to make your matcher more flexible.

Ignored nodes: comments, script, style
[36m<body>[31m
  [36m<div>[31m
    [36m<section[31m
      [33mclass[31m=[32m"w-full space-y-6"[31m
    [36m>[31m
      [36m<div[31m
        [33mclass[31m=[32m"sticky top-0 z-40 border-b border-slate-200 bg-white shadow-sm"[31m
      [36m>[31m
        [36m<div[31m
          [33mclass[31m=[32m"mx-auto flex max-w-7xl items-center justify-between px-4 py-3 sm:px-6 lg:px-8"[31m
        [36m>[31m
          [36m<div[31m
            [33mclass[31m=[32m"flex items-center gap-4"[31m
          [36m>[31m
            [36m<div[31m
              [33mclass[31m=[32m"flex flex-col gap-1"[31m
            [36m>[31m
              [36m<p[31m
                [33mclass[31m=[32m"text-xs font-semibold uppercase tracking-[0.15em] text-teal-700"[31m
              [36m>[31m
                [0mActive dataset[0m
              [36m</p>[31m
              [36m<p[31m
                [33mclass[31m=[32m"text-sm font-semibold text-slate-900"[31m
              [36m>[31m
                [0mbookings.csv[0m
              [36m</p>[31m
            [36m</div>[31m
            [36m<div[31m
              [33mclass[31m=[32m"hidden gap-4 border-l border-slate-200 pl-4 sm:flex"[31m
            [36m>[31m
              [36m<div[31m
                [33mclass[31m=[32m"text-center"[31m
              [36m>[31m
                [36m<p[31m
                  [33mclass[31m=[32m"text-xs text-slate-500"[31m
                [36m>[31m
                  [0mRows[0m
                [36m</p>[31m
                [36m<p[31m
                  [33mclass[31m=[32m"text-sm font-semibold text-slate-900"[31m
                [36m>[31m
                  [0m2[0m
                [36m</p>[31m
              [36m</div>[31m
              [36m<div[31m
                [33mclass[31m=[32m"text-center"[31m
              [36m>[31m
                [36m<p[31m
                  [33mclass[31m=[32m"text-xs text-slate-500"[31m
                [36m>[31m
                  [0mColumns[0m
                [36m</p>[31m
                [36m<p[31m
                  [33mclass[31m=[32m"text-sm font-semibold text-slate-900"[31m
                [36m>[31m
                  [0m2[0m
                [36m</p>[31m
              [36m</div>[31m
            [36m</div>[31m
          [36m</div>[31m
          [36m<button[31m
            [33mclass[31m=[32m"rounded-lg border border-teal-200 bg-teal-50 px-3 py-1.5 text-sm font-medium text-teal-800 hover:bg-teal-100"[31m
            [33mtype[31m=[32m"button"[31m
          [36m>[31m
            [0mChange file[0m
          [36m</button>[31m
        [36m</div>[31m
      [36m</div>[31m
      [36m<nav[31m
        [33maria-label[31m=[32m"Section navigation"[31m
        [33mclass[31m=[32m"sticky top-12 z-30 border-b border-slate-200 bg-white shadow-sm"[31m
      [36m>[31m
        [36m<div[31m
          [33mclass[31m=[32m"mx-auto flex max-w-7xl flex-wrap gap-0 px-4 sm:px-6 lg:px-8"[31m
        [36m>[31m
          [36m<a[31m
            [33mclass[31m=[32m"border-b-2 border-transparent px-4 py-3 text-sm font-medium text-slate-600 hover:border-teal-500 hover:text-teal-700"[31m
            [33mhref[31m=[32m"#overview"[31m
          [36m>[31m
            [0mOverview[0m
          [36m</a>[31m
          [36m<a[31m
            [33mclass[31m=[32m"border-b-2 border-transparent px-4 py-3 text-sm font-medium text-slate-600 hover:border-teal-500 hover:text-teal-700"[31m
            [33mhref[31m=[32m"#trends"[31m
          [36m>[31m
            [0mTrends[0m
          [36m</a>[31m
          [36m<a[31m
            [33mclass[31m=[32m"border-b-2 border-transparent px-4 py-3 text-sm font-medium text-slate-600 hover:border-teal-500 hover:text-teal-700"[31m
            [33mhref[31m=[32m"#breakdown"[31m
          [36m>[31m
            [0mBreakdown[0m
          [36m</a>[31m
          [36m<a[31m
            [33mclass[31m=[32m"border-b-2 border-transparent px-4 py-3 text-sm font-medium text-slate-600 hover:border-teal-500 hover:text-teal-700"[31m
            [33mhref[31m=[32m"#profile"[31m
          [36m>[31m
            [0mData Profile[0m
          [36m</a>[31m
          [36m<a[31m
            [33mclass[31m=[32m"border-b-2 border-transparent px-4 py-3 text-sm font-medium text-slate-600 hover:border-teal-500 hover:text-teal-700"[31m
            [33mhref[31m=[32m"#chat"[31m
          [36m>[31m
            [0mAsk Data[0m
          [36m</a>[31m
          [36m<a[31m
            [33mclass[31m=[32m"border-b-2 border-transparent px-4 py-3 text-sm font-medium text-slate-600 hover:border-teal-500 hover:text-teal-700"[31m
            [33mhref[31m=[32m"#summary"[31m
          [36m>[31m
            [0mSummary[0m
          [36m</a>[31m
        [36m</div>[31m
      [36m</nav>[31m
      [36m<div[31m
        [33mclass[31m=[32m"pt-4"[31m
        [33mid[31m=[32m"overview"[31m
      [36m>[31m
        [36m<section[31m
          [33mclass[31m=[32m"space-y-6"[31m
        [36m>[31m
          [36m<div[31m
            [33mclass[31m=[32m"rounded-3xl border border-slate-200 bg-gradient-to-br from-white via-white to-slate-50 p-6 shadow-lg sm:p-8"[31m
          [36m>[31m
            [36m<div[31m
              [33mclass[31m=[32m"mb-6"[31m
            [36m>[31m
              [36m<p[31m
                [33mclass[31m=[32m"text-xs font-semibold uppercase tracking-[0.24em] text-teal-700"[31m
              [36m>[31m
                [0mOverview[0m
              [36m</p>[31m
              [36m<h2[31m
                [33mclass[31m=[32m"mt-2 text-3xl font-semibold text-slate-950"[31m
              [36m>[31m
                [0mHotel Booking Analytics Workspace[0m
              [36m</h2>[31m
              [36m<p[31m
                [33mclass[31m=[32m"mt-3 max-w-3xl text-sm leading-6 text-slate-600"[31m
              [36m>[31m
                [0mbookings.csv looks like Hotel Booking Demand data. DataLens is prioritizing reservations, cancellations, source markets, rates, and lead-time signals.[0m
              [36m</p>[31m
            [36m</div>[31m
            [36m<div[31m
              [33mclass[31m=[32m"grid grid-cols-1 gap-4 sm:grid-cols-2 lg:grid-cols-4"[31m
            [36m>[31m
              [36m<div[31m
                [33mclass[31m=[32m"rounded-2xl bg-gradient-to-br from-slate-700 to-slate-600 p-5 text-white shadow-lg"[31m
              [36m>[31m
                [36m<p[31m
                  [33mclass[31m=[32m"text-xs font-semibold uppercase tracking-[0.15em] opacity-80"[31m
                [36m>[31m
                  [0mTotal Bookings[0m
                [36m</p>[31m
                [36m<p[31m
                  [33mclass[31m=[32m"mt-3 text-2xl font-bold"[31m
                [36m>[31m
                  [0m2[0m
       ...[39m
 [33mΓ¥»[39m tests/ExecutiveSummary.test.tsx [2m ([22m[2m6 tests[22m [2m|[22m [31m5 failed[39m[2m)[22m[33m 2991[2mms[22m[39m
[31m   [33mΓ¥»[31m tests/ExecutiveSummary.test.tsx[2m > [22mExecutiveSummary[2m > [22mrenders after upload succeeds[39m
[31m     ΓåÆ Unable to find role="button" and name `/generate executive summary/i`

Ignored nodes: comments, script, style
[36m<body>[31m
  [36m<div>[31m
    [36m<section[31m
      [33mclass[31m=[32m"w-full space-y-6"[31m
    [36m>[31m
      [36m<div[31m
        [33mclass[31m=[32m"sticky top-0 z-40 border-b border-slate-200 bg-white shadow-sm"[31m
      [36m>[31m
        [36m<div[31m
          [33mclass[31m=[32m"mx-auto flex max-w-7xl items-center justify-between px-4 py-3 sm:px-6 lg:px-8"[31m
        [36m>[31m
          [36m<div[31m
            [33mclass[31m=[32m"flex items-center gap-4"[31m
          [36m>[31m
            [36m<div[31m
              [33mclass[31m=[32m"flex flex-col gap-1"[31m
            [36m>[31m
              [36m<p[31m
                [33mclass[31m=[32m"text-xs font-semibold uppercase tracking-[0.15em] text-teal-700"[31m
              [36m>[31m
                [0mActive dataset[0m
              [36m</p>[31m
              [36m<p[31m
                [33mclass[31m=[32m"text-sm font-semibold text-slate-900"[31m
              [36m>[31m
                [0mbookings.csv[0m
              [36m</p>[31m
            [36m</div>[31m
            [36m<div[31m
              [33mclass[31m=[32m"hidden gap-4 border-l border-slate-200 pl-4 sm:flex"[31m
            [36m>[31m
              [36m<div[31m
                [33mclass[31m=[32m"text-center"[31m
              [36m>[31m
                [36m<p[31m
                  [33mclass[31m=[32m"text-xs text-slate-500"[31m
                [36m>[31m
                  [0mRows[0m
                [36m</p>[31m
                [36m<p[31m
                  [33mclass[31m=[32m"text-sm font-semibold text-slate-900"[31m
                [36m>[31m
                  [0m2[0m
                [36m</p>[31m
              [36m</div>[31m
              [36m<div[31m
                [33mclass[31m=[32m"text-center"[31m
              [36m>[31m
                [36m<p[31m
                  [33mclass[31m=[32m"text-xs text-slate-500"[31m
                [36m>[31m
                  [0mColumns[0m
                [36m</p>[31m
                [36m<p[31m
                  [33mclass[31m=[32m"text-sm font-semibold text-slate-900"[31m
                [36m>[31m
                  [0m2[0m
                [36m</p>[31m
              [36m</div>[31m
            [36m</div>[31m
          [36m</div>[31m
          [36m<button[31m
            [33mclass[31m=[32m"rounded-lg border border-teal-200 bg-teal-50 px-3 py-1.5 text-sm font-medium text-teal-800 hover:bg-teal-100"[31m
            [33mtype[31m=[32m"button"[31m
          [36m>[31m
            [0mChange file[0m
          [36m</button>[31m
        [36m</div>[31m
      [36m</div>[31m
      [36m<nav[31m
        [33maria-label[31m=[32m"Section navigation"[31m
        [33mclass[31m=[32m"sticky top-12 z-30 border-b border-slate-200 bg-white shadow-sm"[31m
      [36m>[31m
        [36m<div[31m
          [33mclass[31m=[32m"mx-auto flex max-w-7xl flex-wrap gap-0 px-4 sm:px-6 lg:px-8"[31m
        [36m>[31m
          [36m<a[31m
            [33mclass[31m=[32m"border-b-2 border-transparent px-4 py-3 text-sm font-medium text-slate-600 hover:border-teal-500 hover:text-teal-700"[31m
            [33mhref[31m=[32m"#overview"[31m
          [36m>[31m
            [0mOverview[0m
          [36m</a>[31m
          [36m<a[31m
            [33mclass[31m=[32m"border-b-2 border-transparent px-4 py-3 text-sm font-medium text-slate-600 hover:border-teal-500 hover:text-teal-700"[31m
            [33mhref[31m=[32m"#trends"[31m
          [36m>[31m
            [0mTrends[0m
          [36m</a>[31m
          [36m<a[31m
            [33mclass[31m=[32m"border-b-2 border-transparent px-4 py-3 text-sm font-medium text-slate-600 hover:border-teal-500 hover:text-teal-700"[31m
            [33mhref[31m=[32m"#breakdown"[31m
          [36m>[31m
            [0mBreakdown[0m
          [36m</a>[31m
          [36m<a[31m
            [33mclass[31m=[32m"border-b-2 border-transparent px-4 py-3 text-sm font-medium text-slate-600 hover:border-teal-500 hover:text-teal-700"[31m
            [33mhref[31m=[32m"#profile"[31m
          [36m>[31m
            [0mData Profile[0m
          [36m</a>[31m
          [36m<a[31m
            [33mclass[31m=[32m"border-b-2 border-transparent px-4 py-3 text-sm font-medium text-slate-600 hover:border-teal-500 hover:text-teal-700"[31m
            [33mhref[31m=[32m"#chat"[31m
          [36m>[31m
            [0mAsk Data[0m
          [36m</a>[31m
          [36m<a[31m
            [33mclass[31m=[32m"border-b-2 border-transparent px-4 py-3 text-sm font-medium text-slate-600 hover:border-teal-500 hover:text-teal-700"[31m
            [33mhref[31m=[32m"#summary"[31m
          [36m>[31m
            [0mSummary[0m
          [36m</a>[31m
        [36m</div>[31m
      [36m</nav>[31m
      [36m<div[31m
        [33mclass[31m=[32m"pt-4"[31m
        [33mid[31m=[32m"overview"[31m
      [36m>[31m
        [36m<section[31m
          [33mclass[31m=[32m"space-y-6"[31m
        [36m>[31m
          [36m<div[31m
            [33mclass[31m=[32m"rounded-3xl border border-slate-200 bg-gradient-to-br from-white via-white to-slate-50 p-6 shadow-lg sm:p-8"[31m
          [36m>[31m
            [36m<div[31m
              [33mclass[31m=[32m"mb-6"[31m
            [36m>[31m
              [36m<p[31m
                [33mclass[31m=[32m"text-xs font-semibold uppercase tracking-[0.24em] text-teal-700"[31m
              [36m>[31m
                [0mOverview[0m
              [36m</p>[31m
              [36m<h2[31m
                [33mclass[31m=[32m"mt-2 text-3xl font-semibold text-slate-950"[31m
              [36m>[31m
                [0mHotel Booking Analytics Workspace[0m
              [36m</h2>[31m
              [36m<p[31m
                [33mclass[31m=[32m"mt-3 max-w-3xl text-sm leading-6 text-slate-600"[31m
              [36m>[31m
                [0mbookings.csv looks like Hotel Booking Demand data. DataLens is prioritizing reservations, cancellations, source markets, rates, and lead-time signals.[0m
              [36m</p>[31m
            [36m</div>[31m
            [36m<div[31m
              [33mclass[31m=[32m"grid grid-cols-1 gap-4 sm:grid-cols-2 lg:grid-cols-4"[31m
            [36m>[31m
              [36m<div[31m
                [33mclass[31m=[32m"rounded-2xl bg-gradient-to-br from-slate-700 to-slate-600 p-5 text-white shadow-lg"[31m
              [36m>[31m
                [36m<p[31m
                  [33mclass[31m=[32m"text-xs font-semibold uppercase tracking-[0.15em] opacity-80"[31m
                [36m>[31m
                  [0mTotal Bookings[0m
                [36m</p>[31m
                [36m<p[31m
                  [33mclass[31m=[32m"mt-3 text-2xl font-bold"[31m
                [36m>[31m
                  [0m2[0m
       ...

Ignored nodes: comments, script, style
[36m<body>[31m
  [36m<div>[31m
    [36m<section[31m
      [33mclass[31m=[32m"w-full space-y-6"[31m
    [36m>[31m
      [36m<div[31m
        [33mclass[31m=[32m"sticky top-0 z-40 border-b border-slate-200 bg-white shadow-sm"[31m
      [36m>[31m
        [36m<div[31m
          [33mclass[31m=[32m"mx-auto flex max-w-7xl items-center justify-between px-4 py-3 sm:px-6 lg:px-8"[31m
        [36m>[31m
          [36m<div[31m
            [33mclass[31m=[32m"flex items-center gap-4"[31m
          [36m>[31m
            [36m<div[31m
              [33mclass[31m=[32m"flex flex-col gap-1"[31m
            [36m>[31m
              [36m<p[31m
                [33mclass[31m=[32m"text-xs font-semibold uppercase tracking-[0.15em] text-teal-700"[31m
              [36m>[31m
                [0mActive dataset[0m
              [36m</p>[31m
              [36m<p[31m
                [33mclass[31m=[32m"text-sm font-semibold text-slate-900"[31m
              [36m>[31m
                [0mbookings.csv[0m
              [36m</p>[31m
            [36m</div>[31m
            [36m<div[31m
              [33mclass[31m=[32m"hidden gap-4 border-l border-slate-200 pl-4 sm:flex"[31m
            [36m>[31m
              [36m<div[31m
                [33mclass[31m=[32m"text-center"[31m
              [36m>[31m
                [36m<p[31m
                  [33mclass[31m=[32m"text-xs text-slate-500"[31m
                [36m>[31m
                  [0mRows[0m
                [36m</p>[31m
                [36m<p[31m
                  [33mclass[31m=[32m"text-sm font-semibold text-slate-900"[31m
                [36m>[31m
                  [0m2[0m
                [36m</p>[31m
              [36m</div>[31m
              [36m<div[31m
                [33mclass[31m=[32m"text-center"[31m
              [36m>[31m
                [36m<p[31m
                  [33mclass[31m=[32m"text-xs text-slate-500"[31m
                [36m>[31m
                  [0mColumns[0m
                [36m</p>[31m
                [36m<p[31m
                  [33mclass[31m=[32m"text-sm font-semibold text-slate-900"[31m
                [36m>[31m
                  [0m2[0m
                [36m</p>[31m
              [36m</div>[31m
            [36m</div>[31m
          [36m</div>[31m
          [36m<button[31m
            [33mclass[31m=[32m"rounded-lg border border-teal-200 bg-teal-50 px-3 py-1.5 text-sm font-medium text-teal-800 hover:bg-teal-100"[31m
            [33mtype[31m=[32m"button"[31m
          [36m>[31m
            [0mChange file[0m
          [36m</button>[31m
        [36m</div>[31m
      [36m</div>[31m
      [36m<nav[31m
        [33maria-label[31m=[32m"Section navigation"[31m
        [33mclass[31m=[32m"sticky top-12 z-30 border-b border-slate-200 bg-white shadow-sm"[31m
      [36m>[31m
        [36m<div[31m
          [33mclass[31m=[32m"mx-auto flex max-w-7xl flex-wrap gap-0 px-4 sm:px-6 lg:px-8"[31m
        [36m>[31m
          [36m<a[31m
            [33mclass[31m=[32m"border-b-2 border-transparent px-4 py-3 text-sm font-medium text-slate-600 hover:border-teal-500 hover:text-teal-700"[31m
            [33mhref[31m=[32m"#overview"[31m
          [36m>[31m
            [0mOverview[0m
          [36m</a>[31m
          [36m<a[31m
            [33mclass[31m=[32m"border-b-2 border-transparent px-4 py-3 text-sm font-medium text-slate-600 hover:border-teal-500 hover:text-teal-700"[31m
            [33mhref[31m=[32m"#trends"[31m
          [36m>[31m
            [0mTrends[0m
          [36m</a>[31m
          [36m<a[31m
            [33mclass[31m=[32m"border-b-2 border-transparent px-4 py-3 text-sm font-medium text-slate-600 hover:border-teal-500 hover:text-teal-700"[31m
            [33mhref[31m=[32m"#breakdown"[31m
          [36m>[31m
            [0mBreakdown[0m
          [36m</a>[31m
          [36m<a[31m
            [33mclass[31m=[32m"border-b-2 border-transparent px-4 py-3 text-sm font-medium text-slate-600 hover:border-teal-500 hover:text-teal-700"[31m
            [33mhref[31m=[32m"#profile"[31m
          [36m>[31m
            [0mData Profile[0m
          [36m</a>[31m
          [36m<a[31m
            [33mclass[31m=[32m"border-b-2 border-transparent px-4 py-3 text-sm font-medium text-slate-600 hover:border-teal-500 hover:text-teal-700"[31m
            [33mhref[31m=[32m"#chat"[31m
          [36m>[31m
            [0mAsk Data[0m
          [36m</a>[31m
          [36m<a[31m
            [33mclass[31m=[32m"border-b-2 border-transparent px-4 py-3 text-sm font-medium text-slate-600 hover:border-teal-500 hover:text-teal-700"[31m
            [33mhref[31m=[32m"#summary"[31m
          [36m>[31m
            [0mSummary[0m
          [36m</a>[31m
        [36m</div>[31m
      [36m</nav>[31m
      [36m<div[31m
        [33mclass[31m=[32m"pt-4"[31m
        [33mid[31m=[32m"overview"[31m
      [36m>[31m
        [36m<section[31m
          [33mclass[31m=[32m"space-y-6"[31m
        [36m>[31m
          [36m<div[31m
            [33mclass[31m=[32m"rounded-3xl border border-slate-200 bg-gradient-to-br from-white via-white to-slate-50 p-6 shadow-lg sm:p-8"[31m
          [36m>[31m
            [36m<div[31m
              [33mclass[31m=[32m"mb-6"[31m
            [36m>[31m
              [36m<p[31m
                [33mclass[31m=[32m"text-xs font-semibold uppercase tracking-[0.24em] text-teal-700"[31m
              [36m>[31m
                [0mOverview[0m
              [36m</p>[31m
              [36m<h2[31m
                [33mclass[31m=[32m"mt-2 text-3xl font-semibold text-slate-950"[31m
              [36m>[31m
                [0mHotel Booking Analytics Workspace[0m
              [36m</h2>[31m
              [36m<p[31m
                [33mclass[31m=[32m"mt-3 max-w-3xl text-sm leading-6 text-slate-600"[31m
              [36m>[31m
                [0mbookings.csv looks like Hotel Booking Demand data. DataLens is prioritizing reservations, cancellations, source markets, rates, and lead-time signals.[0m
              [36m</p>[31m
            [36m</div>[31m
            [36m<div[31m
              [33mclass[31m=[32m"grid grid-cols-1 gap-4 sm:grid-cols-2 lg:grid-cols-4"[31m
            [36m>[31m
              [36m<div[31m
                [33mclass[31m=[32m"rounded-2xl bg-gradient-to-br from-slate-700 to-slate-600 p-5 text-white shadow-lg"[31m
              [36m>[31m
                [36m<p[31m
                  [33mclass[31m=[32m"text-xs font-semibold uppercase tracking-[0.15em] opacity-80"[31m
                [36m>[31m
                  [0mTotal Bookings[0m
                [36m</p>[31m
                [36m<p[31m
                  [33mclass[31m=[32m"mt-3 text-2xl font-bold"[31m
                [36m>[31m
                  [0m2[0m
       ...[39m
[31m   [33mΓ¥»[31m tests/ExecutiveSummary.test.tsx[2m > [22mExecutiveSummary[2m > [22mshows loading state while generating[39m
[31m     ΓåÆ Unable to find an accessible element with the role "button" and name `/generate executive summary/i`

Here are the accessible roles:

  heading:

  Name "Executive Summary":
  [36m<h2[31m
    [33mclass[31m=[32m"mt-1 text-lg font-semibold text-slate-950"[31m
  [36m/>[31m

  --------------------------------------------------
  button:

  Name "Generate Summary":
  [36m<button[31m
    [33mclass[31m=[32m"inline-flex min-h-10 items-center justify-center rounded-xl bg-teal-700 px-4 py-2 text-sm font-medium text-white shadow-sm hover:bg-teal-800 disabled:cursor-not-allowed disabled:bg-slate-400"[31m
    [33mtype[31m=[32m"button"[31m
  [36m/>[31m

  --------------------------------------------------

Ignored nodes: comments, script, style
[36m<body>[31m
  [36m<div>[31m
    [36m<section[31m
      [33mclass[31m=[32m"rounded-2xl border border-slate-200 bg-white p-5 shadow-sm"[31m
    [36m>[31m
      [36m<div[31m
        [33mclass[31m=[32m"flex flex-col gap-3 sm:flex-row sm:items-center sm:justify-between"[31m
      [36m>[31m
        [36m<div>[31m
          [36m<p[31m
            [33mclass[31m=[32m"text-xs font-semibold uppercase tracking-[0.2em] text-teal-700"[31m
          [36m>[31m
            [0mInsights[0m
          [36m</p>[31m
          [36m<h2[31m
            [33mclass[31m=[32m"mt-1 text-lg font-semibold text-slate-950"[31m
          [36m>[31m
            [0mExecutive Summary[0m
          [36m</h2>[31m
          [36m<p[31m
            [33mclass[31m=[32m"mt-1 text-sm text-slate-600"[31m
          [36m>[31m
            [0mGenerate a data-grounded summary from the saved dataset.[0m
          [36m</p>[31m
        [36m</div>[31m
        [36m<button[31m
          [33mclass[31m=[32m"inline-flex min-h-10 items-center justify-center rounded-xl bg-teal-700 px-4 py-2 text-sm font-medium text-white shadow-sm hover:bg-teal-800 disabled:cursor-not-allowed disabled:bg-slate-400"[31m
          [33mtype[31m=[32m"button"[31m
        [36m>[31m
          [0mGenerate Summary[0m
        [36m</button>[31m
      [36m</div>[31m
    [36m</section>[31m
  [36m</div>[31m
[36m</body>[31m[39m
[31m   [33mΓ¥»[31m tests/ExecutiveSummary.test.tsx[2m > [22mExecutiveSummary[2m > [22mdisplays a successful summary response[39m
[31m     ΓåÆ Unable to find an accessible element with the role "button" and name `/generate executive summary/i`

Here are the accessible roles:

  heading:

  Name "Executive Summary":
  [36m<h2[31m
    [33mclass[31m=[32m"mt-1 text-lg font-semibold text-slate-950"[31m
  [36m/>[31m

  --------------------------------------------------
  button:

  Name "Generate Summary":
  [36m<button[31m
    [33mclass[31m=[32m"inline-flex min-h-10 items-center justify-center rounded-xl bg-teal-700 px-4 py-2 text-sm font-medium text-white shadow-sm hover:bg-teal-800 disabled:cursor-not-allowed disabled:bg-slate-400"[31m
    [33mtype[31m=[32m"button"[31m
  [36m/>[31m

  --------------------------------------------------

Ignored nodes: comments, script, style
[36m<body>[31m
  [36m<div>[31m
    [36m<section[31m
      [33mclass[31m=[32m"rounded-2xl border border-slate-200 bg-white p-5 shadow-sm"[31m
    [36m>[31m
      [36m<div[31m
        [33mclass[31m=[32m"flex flex-col gap-3 sm:flex-row sm:items-center sm:justify-between"[31m
      [36m>[31m
        [36m<div>[31m
          [36m<p[31m
            [33mclass[31m=[32m"text-xs font-semibold uppercase tracking-[0.2em] text-teal-700"[31m
          [36m>[31m
            [0mInsights[0m
          [36m</p>[31m
          [36m<h2[31m
            [33mclass[31m=[32m"mt-1 text-lg font-semibold text-slate-950"[31m
          [36m>[31m
            [0mExecutive Summary[0m
          [36m</h2>[31m
          [36m<p[31m
            [33mclass[31m=[32m"mt-1 text-sm text-slate-600"[31m
          [36m>[31m
            [0mGenerate a data-grounded summary from the saved dataset.[0m
          [36m</p>[31m
        [36m</div>[31m
        [36m<button[31m
          [33mclass[31m=[32m"inline-flex min-h-10 items-center justify-center rounded-xl bg-teal-700 px-4 py-2 text-sm font-medium text-white shadow-sm hover:bg-teal-800 disabled:cursor-not-allowed disabled:bg-slate-400"[31m
          [33mtype[31m=[32m"button"[31m
        [36m>[31m
          [0mGenerate Summary[0m
        [36m</button>[31m
      [36m</div>[31m
    [36m</section>[31m
  [36m</div>[31m
[36m</body>[31m[39m
[31m   [33mΓ¥»[31m tests/ExecutiveSummary.test.tsx[2m > [22mExecutiveSummary[2m > [22mdisplays an error when summary generation fails[39m
[31m     ΓåÆ Unable to find an accessible element with the role "button" and name `/generate executive summary/i`

Here are the accessible roles:

  heading:

  Name "Executive Summary":
  [36m<h2[31m
    [33mclass[31m=[32m"mt-1 text-lg font-semibold text-slate-950"[31m
  [36m/>[31m

  --------------------------------------------------
  button:

  Name "Generate Summary":
  [36m<button[31m
    [33mclass[31m=[32m"inline-flex min-h-10 items-center justify-center rounded-xl bg-teal-700 px-4 py-2 text-sm font-medium text-white shadow-sm hover:bg-teal-800 disabled:cursor-not-allowed disabled:bg-slate-400"[31m
    [33mtype[31m=[32m"button"[31m
  [36m/>[31m

  --------------------------------------------------

Ignored nodes: comments, script, style
[36m<body>[31m
  [36m<div>[31m
    [36m<section[31m
      [33mclass[31m=[32m"rounded-2xl border border-slate-200 bg-white p-5 shadow-sm"[31m
    [36m>[31m
      [36m<div[31m
        [33mclass[31m=[32m"flex flex-col gap-3 sm:flex-row sm:items-center sm:justify-between"[31m
      [36m>[31m
        [36m<div>[31m
          [36m<p[31m
            [33mclass[31m=[32m"text-xs font-semibold uppercase tracking-[0.2em] text-teal-700"[31m
          [36m>[31m
            [0mInsights[0m
          [36m</p>[31m
          [36m<h2[31m
            [33mclass[31m=[32m"mt-1 text-lg font-semibold text-slate-950"[31m
          [36m>[31m
            [0mExecutive Summary[0m
          [36m</h2>[31m
          [36m<p[31m
            [33mclass[31m=[32m"mt-1 text-sm text-slate-600"[31m
          [36m>[31m
            [0mGenerate a data-grounded summary from the saved dataset.[0m
          [36m</p>[31m
        [36m</div>[31m
        [36m<button[31m
          [33mclass[31m=[32m"inline-flex min-h-10 items-center justify-center rounded-xl bg-teal-700 px-4 py-2 text-sm font-medium text-white shadow-sm hover:bg-teal-800 disabled:cursor-not-allowed disabled:bg-slate-400"[31m
          [33mtype[31m=[32m"button"[31m
        [36m>[31m
          [0mGenerate Summary[0m
        [36m</button>[31m
      [36m</div>[31m
    [36m</section>[31m
  [36m</div>[31m
[36m</body>[31m[39m
[31m   [33mΓ¥»[31m tests/ExecutiveSummary.test.tsx[2m > [22mExecutiveSummary[2m > [22msends dataset_id to the summary endpoint[39m
[31m     ΓåÆ Unable to find an accessible element with the role "button" and name `/generate executive summary/i`

Here are the accessible roles:

  heading:

  Name "Executive Summary":
  [36m<h2[31m
    [33mclass[31m=[32m"mt-1 text-lg font-semibold text-slate-950"[31m
  [36m/>[31m

  --------------------------------------------------
  button:

  Name "Generate Summary":
  [36m<button[31m
    [33mclass[31m=[32m"inline-flex min-h-10 items-center justify-center rounded-xl bg-teal-700 px-4 py-2 text-sm font-medium text-white shadow-sm hover:bg-teal-800 disabled:cursor-not-allowed disabled:bg-slate-400"[31m
    [33mtype[31m=[32m"button"[31m
  [36m/>[31m

  --------------------------------------------------

Ignored nodes: comments, script, style
[36m<body>[31m
  [36m<div>[31m
    [36m<section[31m
      [33mclass[31m=[32m"rounded-2xl border border-slate-200 bg-white p-5 shadow-sm"[31m
    [36m>[31m
      [36m<div[31m
        [33mclass[31m=[32m"flex flex-col gap-3 sm:flex-row sm:items-center sm:justify-between"[31m
      [36m>[31m
        [36m<div>[31m
          [36m<p[31m
            [33mclass[31m=[32m"text-xs font-semibold uppercase tracking-[0.2em] text-teal-700"[31m
          [36m>[31m
            [0mInsights[0m
          [36m</p>[31m
          [36m<h2[31m
            [33mclass[31m=[32m"mt-1 text-lg font-semibold text-slate-950"[31m
          [36m>[31m
            [0mExecutive Summary[0m
          [36m</h2>[31m
          [36m<p[31m
            [33mclass[31m=[32m"mt-1 text-sm text-slate-600"[31m
          [36m>[31m
            [0mGenerate a data-grounded summary from the saved dataset.[0m
          [36m</p>[31m
        [36m</div>[31m
        [36m<button[31m
          [33mclass[31m=[32m"inline-flex min-h-10 items-center justify-center rounded-xl bg-teal-700 px-4 py-2 text-sm font-medium text-white shadow-sm hover:bg-teal-800 disabled:cursor-not-allowed disabled:bg-slate-400"[31m
          [33mtype[31m=[32m"button"[31m
        [36m>[31m
          [0mGenerate Summary[0m
        [36m</button>[31m
      [36m</div>[31m
    [36m</section>[31m
  [36m</div>[31m
[36m</body>[31m[39m
[90mstderr[2m | tests/UploadForm.test.tsx[2m > [22m[2mUploadForm[2m > 
[22m[2mdisplays an error message after a failed upload[22m[39m
Warning: An update to UploadForm inside a test was not wrapped in act(...).

When testing, code that causes React state updates should be wrapped into 
act(...):

act(() => {
  /* fire events that update state */
});
/* assert on the output */

This ensures that you're testing the behavior the user would see in the 
browser. Learn more at https://reactjs.org/link/wrap-tests-with-act
    at UploadForm (C:\Users\DELL\OneDrive\Documents\datalens-hotel-booking\fron
tend\src\components\UploadForm.tsx:30:65)
Warning: An update to UploadForm inside a test was not wrapped in act(...).

When testing, code that causes React state updates should be wrapped into 
act(...):

act(() => {
  /* fire events that update state */
});
/* assert on the output */

This ensures that you're testing the behavior the user would see in the 
browser. Learn more at https://reactjs.org/link/wrap-tests-with-act
    at UploadForm (C:\Users\DELL\OneDrive\Documents\datalens-hotel-booking\fron
tend\src\components\UploadForm.tsx:30:65)

[90mstderr[2m | tests/UploadForm.test.tsx[2m > [22m[2mUploadForm[2m > 
[22m[2mdisplays an error message after a failed upload[22m[39m
Warning: An update to UploadForm inside a test was not wrapped in act(...).

When testing, code that causes React state updates should be wrapped into 
act(...):

act(() => {
  /* fire events that update state */
});
/* assert on the output */

This ensures that you're testing the behavior the user would see in the 
browser. Learn more at https://reactjs.org/link/wrap-tests-with-act
    at UploadForm (C:\Users\DELL\OneDrive\Documents\datalens-hotel-booking\fron
tend\src\components\UploadForm.tsx:30:65)
Warning: An update to UploadForm inside a test was not wrapped in act(...).

When testing, code that causes React state updates should be wrapped into 
act(...):

act(() => {
  /* fire events that update state */
});
/* assert on the output */

This ensures that you're testing the behavior the user would see in the 
browser. Learn more at https://reactjs.org/link/wrap-tests-with-act
    at UploadForm (C:\Users\DELL\OneDrive\Documents\datalens-hotel-booking\fron
tend\src\components\UploadForm.tsx:30:65)
Warning: An update to UploadForm inside a test was not wrapped in act(...).

When testing, code that causes React state updates should be wrapped into 
act(...):

act(() => {
  /* fire events that update state */
});
/* assert on the output */

This ensures that you're testing the behavior the user would see in the 
browser. Learn more at https://reactjs.org/link/wrap-tests-with-act
    at UploadForm (C:\Users\DELL\OneDrive\Documents\datalens-hotel-booking\fron
tend\src\components\UploadForm.tsx:30:65)
Warning: An update to UploadForm inside a test was not wrapped in act(...).

When testing, code that causes React state updates should be wrapped into 
act(...):

act(() => {
  /* fire events that update state */
});
/* assert on the output */

This ensures that you're testing the behavior the user would see in the 
browser. Learn more at https://reactjs.org/link/wrap-tests-with-act
    at UploadForm (C:\Users\DELL\OneDrive\Documents\datalens-hotel-booking\fron
tend\src\components\UploadForm.tsx:30:65)

 [33mΓ¥»[39m tests/UploadForm.test.tsx [2m ([22m[2m6 tests[22m [2m|[22m [31m2 failed[39m[2m)[22m[33m 3480[2mms[22m[39m
[31m   [33mΓ¥»[31m tests/UploadForm.test.tsx[2m > [22mUploadForm[2m > [22mdisplays human-readable column names[39m
[31m     ΓåÆ [2mexpect([22m[31melement[31m[2m).not.toBeInTheDocument()[22m

[31mexpected document not to contain element, found <span
  class="font-mono"
>
  weekly_sales
</span> instead[31m[39m
[31m   [33mΓ¥»[31m tests/UploadForm.test.tsx[2m > [22mUploadForm[2m > [22mmoves a new user into an adaptive analytics workspace after upload[39m
[31m     ΓåÆ Unable to find an element with the text: Analytics Workspace. This could be because the text is broken up by multiple elements. In this case, you can provide a function for your text matcher to make your matcher more flexible.

Ignored nodes: comments, script, style
[36m<body>[31m
  [36m<div>[31m
    [36m<section[31m
      [33mclass[31m=[32m"w-full space-y-6"[31m
    [36m>[31m
      [36m<div[31m
        [33mclass[31m=[32m"sticky top-0 z-40 border-b border-slate-200 bg-white shadow-sm"[31m
      [36m>[31m
        [36m<div[31m
          [33mclass[31m=[32m"mx-auto flex max-w-7xl items-center justify-between px-4 py-3 sm:px-6 lg:px-8"[31m
        [36m>[31m
          [36m<div[31m
            [33mclass[31m=[32m"flex items-center gap-4"[31m
          [36m>[31m
            [36m<div[31m
              [33mclass[31m=[32m"flex flex-col gap-1"[31m
            [36m>[31m
              [36m<p[31m
                [33mclass[31m=[32m"text-xs font-semibold uppercase tracking-[0.15em] text-teal-700"[31m
              [36m>[31m
                [0mActive dataset[0m
              [36m</p>[31m
              [36m<p[31m
                [33mclass[31m=[32m"text-sm font-semibold text-slate-900"[31m
              [36m>[31m
                [0mwalmart.csv[0m
              [36m</p>[31m
            [36m</div>[31m
            [36m<div[31m
              [33mclass[31m=[32m"hidden gap-4 border-l border-slate-200 pl-4 sm:flex"[31m
            [36m>[31m
              [36m<div[31m
                [33mclass[31m=[32m"text-center"[31m
              [36m>[31m
                [36m<p[31m
                  [33mclass[31m=[32m"text-xs text-slate-500"[31m
                [36m>[31m
                  [0mRows[0m
                [36m</p>[31m
                [36m<p[31m
                  [33mclass[31m=[32m"text-sm font-semibold text-slate-900"[31m
                [36m>[31m
                  [0m100[0m
                [36m</p>[31m
              [36m</div>[31m
              [36m<div[31m
                [33mclass[31m=[32m"text-center"[31m
              [36m>[31m
                [36m<p[31m
                  [33mclass[31m=[32m"text-xs text-slate-500"[31m
                [36m>[31m
                  [0mColumns[0m
                [36m</p>[31m
                [36m<p[31m
                  [33mclass[31m=[32m"text-sm font-semibold text-slate-900"[31m
                [36m>[31m
                  [0m4[0m
                [36m</p>[31m
              [36m</div>[31m
            [36m</div>[31m
          [36m</div>[31m
          [36m<button[31m
            [33mclass[31m=[32m"rounded-lg border border-teal-200 bg-teal-50 px-3 py-1.5 text-sm font-medium text-teal-800 hover:bg-teal-100"[31m
            [33mtype[31m=[32m"button"[31m
          [36m>[31m
            [0mChange file[0m
          [36m</button>[31m
        [36m</div>[31m
      [36m</div>[31m
      [36m<nav[31m
        [33maria-label[31m=[32m"Section navigation"[31m
        [33mclass[31m=[32m"sticky top-12 z-30 border-b border-slate-200 bg-white shadow-sm"[31m
      [36m>[31m
        [36m<div[31m
          [33mclass[31m=[32m"mx-auto flex max-w-7xl flex-wrap gap-0 px-4 sm:px-6 lg:px-8"[31m
        [36m>[31m
          [36m<a[31m
            [33mclass[31m=[32m"border-b-2 border-transparent px-4 py-3 text-sm font-medium text-slate-600 hover:border-teal-500 hover:text-teal-700"[31m
            [33mhref[31m=[32m"#overview"[31m
          [36m>[31m
            [0mOverview[0m
          [36m</a>[31m
          [36m<a[31m
            [33mclass[31m=[32m"border-b-2 border-transparent px-4 py-3 text-sm font-medium text-slate-600 hover:border-teal-500 hover:text-teal-700"[31m
            [33mhref[31m=[32m"#trends"[31m
          [36m>[31m
            [0mTrends[0m
          [36m</a>[31m
          [36m<a[31m
            [33mclass[31m=[32m"border-b-2 border-transparent px-4 py-3 text-sm font-medium text-slate-600 hover:border-teal-500 hover:text-teal-700"[31m
            [33mhref[31m=[32m"#breakdown"[31m
          [36m>[31m
            [0mBreakdown[0m
          [36m</a>[31m
          [36m<a[31m
            [33mclass[31m=[32m"border-b-2 border-transparent px-4 py-3 text-sm font-medium text-slate-600 hover:border-teal-500 hover:text-teal-700"[31m
            [33mhref[31m=[32m"#profile"[31m
          [36m>[31m
            [0mData Profile[0m
          [36m</a>[31m
          [36m<a[31m
            [33mclass[31m=[32m"border-b-2 border-transparent px-4 py-3 text-sm font-medium text-slate-600 hover:border-teal-500 hover:text-teal-700"[31m
            [33mhref[31m=[32m"#chat"[31m
          [36m>[31m
            [0mAsk Data[0m
          [36m</a>[31m
          [36m<a[31m
            [33mclass[31m=[32m"border-b-2 border-transparent px-4 py-3 text-sm font-medium text-slate-600 hover:border-teal-500 hover:text-teal-700"[31m
            [33mhref[31m=[32m"#summary"[31m
          [36m>[31m
            [0mSummary[0m
          [36m</a>[31m
        [36m</div>[31m
      [36m</nav>[31m
      [36m<div[31m
        [33mclass[31m=[32m"pt-4"[31m
        [33mid[31m=[32m"overview"[31m
      [36m>[31m
        [36m<section[31m
          [33mclass[31m=[32m"space-y-6"[31m
        [36m>[31m
          [36m<div[31m
            [33mclass[31m=[32m"rounded-3xl border border-slate-200 bg-gradient-to-br from-white via-white to-slate-50 p-6 shadow-lg sm:p-8"[31m
          [36m>[31m
            [36m<div[31m
              [33mclass[31m=[32m"mb-6"[31m
            [36m>[31m
              [36m<p[31m
                [33mclass[31m=[32m"text-xs font-semibold uppercase tracking-[0.24em] text-teal-700"[31m
              [36m>[31m
                [0mOverview[0m
              [36m</p>[31m
              [36m<h2[31m
                [33mclass[31m=[32m"mt-2 text-3xl font-semibold text-slate-950"[31m
              [36m>[31m
                [0mRetail Sales Analytics Workspace[0m
              [36m</h2>[31m
              [36m<p[31m
                [33mclass[31m=[32m"mt-3 max-w-3xl text-sm leading-6 text-slate-600"[31m
              [36m>[31m
                [0mwalmart.csv looks like Retail/Sales data. DataLens is prioritizing sales volume, store or product performance, date trends, holiday effects, and external drivers.[0m
              [36m</p>[31m
            [36m</div>[31m
            [36m<div[31m
              [33mclass[31m=[32m"grid grid-cols-1 gap-4 sm:grid-cols-2 lg:grid-cols-4"[31m
            [36m>[31m
              [36m<div[31m
                [33mclass[31m=[32m"rounded-2xl bg-gradient-to-br from-blue-600 to-cyan-600 p-5 text-white shadow-lg"[31m
              [36m>[31m
                [36m<p[31m
                  [33mclass[31m=[32m"text-xs font-semibold uppercase tracking-[0.15em] opacity-80"[31m
                [36m>[31m
                  [0mTotal Sales[0m
                [36m</p>[31m
                [36m<p[31m
                  [33mclass[31m=[32m"mt-3 text-2xl font-bold"[31m
                [36m>[31m
                  [0m250,00...

Ignored nodes: comments, script, style
[36m<body>[31m
  [36m<div>[31m
    [36m<section[31m
      [33mclass[31m=[32m"w-full space-y-6"[31m
    [36m>[31m
      [36m<div[31m
        [33mclass[31m=[32m"sticky top-0 z-40 border-b border-slate-200 bg-white shadow-sm"[31m
      [36m>[31m
        [36m<div[31m
          [33mclass[31m=[32m"mx-auto flex max-w-7xl items-center justify-between px-4 py-3 sm:px-6 lg:px-8"[31m
        [36m>[31m
          [36m<div[31m
            [33mclass[31m=[32m"flex items-center gap-4"[31m
          [36m>[31m
            [36m<div[31m
              [33mclass[31m=[32m"flex flex-col gap-1"[31m
            [36m>[31m
              [36m<p[31m
                [33mclass[31m=[32m"text-xs font-semibold uppercase tracking-[0.15em] text-teal-700"[31m
              [36m>[31m
                [0mActive dataset[0m
              [36m</p>[31m
              [36m<p[31m
                [33mclass[31m=[32m"text-sm font-semibold text-slate-900"[31m
              [36m>[31m
                [0mwalmart.csv[0m
              [36m</p>[31m
            [36m</div>[31m
            [36m<div[31m
              [33mclass[31m=[32m"hidden gap-4 border-l border-slate-200 pl-4 sm:flex"[31m
            [36m>[31m
              [36m<div[31m
                [33mclass[31m=[32m"text-center"[31m
              [36m>[31m
                [36m<p[31m
                  [33mclass[31m=[32m"text-xs text-slate-500"[31m
                [36m>[31m
                  [0mRows[0m
                [36m</p>[31m
                [36m<p[31m
                  [33mclass[31m=[32m"text-sm font-semibold text-slate-900"[31m
                [36m>[31m
                  [0m100[0m
                [36m</p>[31m
              [36m</div>[31m
              [36m<div[31m
                [33mclass[31m=[32m"text-center"[31m
              [36m>[31m
                [36m<p[31m
                  [33mclass[31m=[32m"text-xs text-slate-500"[31m
                [36m>[31m
                  [0mColumns[0m
                [36m</p>[31m
                [36m<p[31m
                  [33mclass[31m=[32m"text-sm font-semibold text-slate-900"[31m
                [36m>[31m
                  [0m4[0m
                [36m</p>[31m
              [36m</div>[31m
            [36m</div>[31m
          [36m</div>[31m
          [36m<button[31m
            [33mclass[31m=[32m"rounded-lg border border-teal-200 bg-teal-50 px-3 py-1.5 text-sm font-medium text-teal-800 hover:bg-teal-100"[31m
            [33mtype[31m=[32m"button"[31m
          [36m>[31m
            [0mChange file[0m
          [36m</button>[31m
        [36m</div>[31m
      [36m</div>[31m
      [36m<nav[31m
        [33maria-label[31m=[32m"Section navigation"[31m
        [33mclass[31m=[32m"sticky top-12 z-30 border-b border-slate-200 bg-white shadow-sm"[31m
      [36m>[31m
        [36m<div[31m
          [33mclass[31m=[32m"mx-auto flex max-w-7xl flex-wrap gap-0 px-4 sm:px-6 lg:px-8"[31m
        [36m>[31m
          [36m<a[31m
            [33mclass[31m=[32m"border-b-2 border-transparent px-4 py-3 text-sm font-medium text-slate-600 hover:border-teal-500 hover:text-teal-700"[31m
            [33mhref[31m=[32m"#overview"[31m
          [36m>[31m
            [0mOverview[0m
          [36m</a>[31m
          [36m<a[31m
            [33mclass[31m=[32m"border-b-2 border-transparent px-4 py-3 text-sm font-medium text-slate-600 hover:border-teal-500 hover:text-teal-700"[31m
            [33mhref[31m=[32m"#trends"[31m
          [36m>[31m
            [0mTrends[0m
          [36m</a>[31m
          [36m<a[31m
            [33mclass[31m=[32m"border-b-2 border-transparent px-4 py-3 text-sm font-medium text-slate-600 hover:border-teal-500 hover:text-teal-700"[31m
            [33mhref[31m=[32m"#breakdown"[31m
          [36m>[31m
            [0mBreakdown[0m
          [36m</a>[31m
          [36m<a[31m
            [33mclass[31m=[32m"border-b-2 border-transparent px-4 py-3 text-sm font-medium text-slate-600 hover:border-teal-500 hover:text-teal-700"[31m
            [33mhref[31m=[32m"#profile"[31m
          [36m>[31m
            [0mData Profile[0m
          [36m</a>[31m
          [36m<a[31m
            [33mclass[31m=[32m"border-b-2 border-transparent px-4 py-3 text-sm font-medium text-slate-600 hover:border-teal-500 hover:text-teal-700"[31m
            [33mhref[31m=[32m"#chat"[31m
          [36m>[31m
            [0mAsk Data[0m
          [36m</a>[31m
          [36m<a[31m
            [33mclass[31m=[32m"border-b-2 border-transparent px-4 py-3 text-sm font-medium text-slate-600 hover:border-teal-500 hover:text-teal-700"[31m
            [33mhref[31m=[32m"#summary"[31m
          [36m>[31m
            [0mSummary[0m
          [36m</a>[31m
        [36m</div>[31m
      [36m</nav>[31m
      [36m<div[31m
        [33mclass[31m=[32m"pt-4"[31m
        [33mid[31m=[32m"overview"[31m
      [36m>[31m
        [36m<section[31m
          [33mclass[31m=[32m"space-y-6"[31m
        [36m>[31m
          [36m<div[31m
            [33mclass[31m=[32m"rounded-3xl border border-slate-200 bg-gradient-to-br from-white via-white to-slate-50 p-6 shadow-lg sm:p-8"[31m
          [36m>[31m
            [36m<div[31m
              [33mclass[31m=[32m"mb-6"[31m
            [36m>[31m
              [36m<p[31m
                [33mclass[31m=[32m"text-xs font-semibold uppercase tracking-[0.24em] text-teal-700"[31m
              [36m>[31m
                [0mOverview[0m
              [36m</p>[31m
              [36m<h2[31m
                [33mclass[31m=[32m"mt-2 text-3xl font-semibold text-slate-950"[31m
              [36m>[31m
                [0mRetail Sales Analytics Workspace[0m
              [36m</h2>[31m
              [36m<p[31m
                [33mclass[31m=[32m"mt-3 max-w-3xl text-sm leading-6 text-slate-600"[31m
              [36m>[31m
                [0mwalmart.csv looks like Retail/Sales data. DataLens is prioritizing sales volume, store or product performance, date trends, holiday effects, and external drivers.[0m
              [36m</p>[31m
            [36m</div>[31m
            [36m<div[31m
              [33mclass[31m=[32m"grid grid-cols-1 gap-4 sm:grid-cols-2 lg:grid-cols-4"[31m
            [36m>[31m
              [36m<div[31m
                [33mclass[31m=[32m"rounded-2xl bg-gradient-to-br from-blue-600 to-cyan-600 p-5 text-white shadow-lg"[31m
              [36m>[31m
                [36m<p[31m
                  [33mclass[31m=[32m"text-xs font-semibold uppercase tracking-[0.15em] opacity-80"[31m
                [36m>[31m
                  [0mTotal Sales[0m
                [36m</p>[31m
                [36m<p[31m
                  [33mclass[31m=[32m"mt-3 text-2xl font-bold"[31m
                [36m>[31m
                  [0m250,00...[39m
 [33mΓ¥»[39m tests/UploadFormWithFilters.test.tsx [2m ([22m[2m4 tests[22m [2m|[22m [31m2 failed[39m[2m)[22m[33m 4660[2mms[22m[39m
[31m   [33mΓ¥»[31m tests/UploadFormWithFilters.test.tsx[2m > [22mUploadForm with Filters Integration[2m > [22mclears filters when new file is selected[39m
[31m     ΓåÆ Found multiple elements with the text: /Hotel Type \(1\)/

Here are the matching elements:

Ignored nodes: comments, script, style
[36m<span[31m
  [33mclass[31m=[32m"truncate"[31m
[36m>[31m
  [0mHotel Type (1)[0m
[36m</span>[31m

Ignored nodes: comments, script, style
[36m<span[31m
  [33mclass[31m=[32m"truncate"[31m
[36m>[31m
  [0mHotel Type (1)[0m
[36m</span>[31m

(If this is intentional, then use the `*AllBy*` variant of the query (like `queryAllByText`, `getAllByText`, or `findAllByText`)).

Ignored nodes: comments, script, style
[36m<body>[31m
  [36m<div>[31m
    [36m<section[31m
      [33mclass[31m=[32m"w-full space-y-6"[31m
    [36m>[31m
      [36m<div[31m
        [33mclass[31m=[32m"sticky top-0 z-40 border-b border-slate-200 bg-white shadow-sm"[31m
      [36m>[31m
        [36m<div[31m
          [33mclass[31m=[32m"mx-auto flex max-w-7xl items-center justify-between px-4 py-3 sm:px-6 lg:px-8"[31m
        [36m>[31m
          [36m<div[31m
            [33mclass[31m=[32m"flex items-center gap-4"[31m
          [36m>[31m
            [36m<div[31m
              [33mclass[31m=[32m"flex flex-col gap-1"[31m
            [36m>[31m
              [36m<p[31m
                [33mclass[31m=[32m"text-xs font-semibold uppercase tracking-[0.15em] text-teal-700"[31m
              [36m>[31m
                [0mActive dataset[0m
              [36m</p>[31m
              [36m<p[31m
                [33mclass[31m=[32m"text-sm font-semibold text-slate-900"[31m
              [36m>[31m
                [0mtest1.csv[0m
              [36m</p>[31m
            [36m</div>[31m
            [36m<div[31m
              [33mclass[31m=[32m"hidden gap-4 border-l border-slate-200 pl-4 sm:flex"[31m
            [36m>[31m
              [36m<div[31m
                [33mclass[31m=[32m"text-center"[31m
              [36m>[31m
                [36m<p[31m
                  [33mclass[31m=[32m"text-xs text-slate-500"[31m
                [36m>[31m
                  [0mRows[0m
                [36m</p>[31m
                [36m<p[31m
                  [33mclass[31m=[32m"text-sm font-semibold text-slate-900"[31m
                [36m>[31m
                  [0m1[0m
                [36m</p>[31m
              [36m</div>[31m
              [36m<div[31m
                [33mclass[31m=[32m"text-center"[31m
              [36m>[31m
                [36m<p[31m
                  [33mclass[31m=[32m"text-xs text-slate-500"[31m
                [36m>[31m
                  [0mColumns[0m
                [36m</p>[31m
                [36m<p[31m
                  [33mclass[31m=[32m"text-sm font-semibold text-slate-900"[31m
                [36m>[31m
                  [0m2[0m
                [36m</p>[31m
              [36m</div>[31m
            [36m</div>[31m
          [36m</div>[31m
          [36m<button[31m
            [33mclass[31m=[32m"rounded-lg border border-teal-200 bg-teal-50 px-3 py-1.5 text-sm font-medium text-teal-800 hover:bg-teal-100"[31m
            [33mtype[31m=[32m"button"[31m
          [36m>[31m
            [0mChange file[0m
          [36m</button>[31m
        [36m</div>[31m
      [36m</div>[31m
      [36m<nav[31m
        [33maria-label[31m=[32m"Section navigation"[31m
        [33mclass[31m=[32m"sticky top-12 z-30 border-b border-slate-200 bg-white shadow-sm"[31m
      [36m>[31m
        [36m<div[31m
          [33mclass[31m=[32m"mx-auto flex max-w-7xl flex-wrap gap-0 px-4 sm:px-6 lg:px-8"[31m
        [36m>[31m
          [36m<a[31m
            [33mclass[31m=[32m"border-b-2 border-transparent px-4 py-3 text-sm font-medium text-slate-600 hover:border-teal-500 hover:text-teal-700"[31m
            [33mhref[31m=[32m"#overview"[31m
          [36m>[31m
            [0mOverview[0m
          [36m</a>[31m
          [36m<a[31m
            [33mclass[31m=[32m"border-b-2 border-transparent px-4 py-3 text-sm font-medium text-slate-600 hover:border-teal-500 hover:text-teal-700"[31m
            [33mhref[31m=[32m"#trends"[31m
          [36m>[31m
            [0mTrends[0m
          [36m</a>[31m
          [36m<a[31m
            [33mclass[31m=[32m"border-b-2 border-transparent px-4 py-3 text-sm font-medium text-slate-600 hover:border-teal-500 hover:text-teal-700"[31m
            [33mhref[31m=[32m"#breakdown"[31m
          [36m>[31m
            [0mBreakdown[0m
          [36m</a>[31m
          [36m<a[31m
            [33mclass[31m=[32m"border-b-2 border-transparent px-4 py-3 text-sm font-medium text-slate-600 hover:border-teal-500 hover:text-teal-700"[31m
            [33mhref[31m=[32m"#profile"[31m
          [36m>[31m
            [0mData Profile[0m
          [36m</a>[31m
          [36m<a[31m
            [33mclass[31m=[32m"border-b-2 border-transparent px-4 py-3 text-sm font-medium text-slate-600 hover:border-teal-500 hover:text-teal-700"[31m
            [33mhref[31m=[32m"#chat"[31m
          [36m>[31m
            [0mAsk Data[0m
          [36m</a>[31m
          [36m<a[31m
            [33mclass[31m=[32m"border-b-2 border-transparent px-4 py-3 text-sm font-medium text-slate-600 hover:border-teal-500 hover:text-teal-700"[31m
            [33mhref[31m=[32m"#summary"[31m
          [36m>[31m
            [0mSummary[0m
          [36m</a>[31m
        [36m</div>[31m
      [36m</nav>[31m
      [36m<div[31m
        [33mclass[31m=[32m"pt-4"[31m
        [33mid[31m=[32m"overview"[31m
      [36m>[31m
        [36m<section[31m
          [33mclass[31m=[32m"space-y-6"[31m
        [36m>[31m
          [36m<div[31m
            [33mclass[31m=[32m"rounded-3xl border border-slate-200 bg-gradient-to-br from-white via-white to-slate-50 p-6 shadow-lg sm:p-8"[31m
          [36m>[31m
            [36m<div[31m
              [33mclass[31m=[32m"mb-6"[31m
            [36m>[31m
              [36m<p[31m
                [33mclass[31m=[32m"text-xs font-semibold uppercase tracking-[0.24em] text-teal-700"[31m
              [36m>[31m
                [0mOverview[0m
              [36m</p>[31m
              [36m<h2[31m
                [33mclass[31m=[32m"mt-2 text-3xl font-semibold text-slate-950"[31m
              [36m>[31m
                [0mGeneric CSV Analytics Workspace[0m
              [36m</h2>[31m
              [36m<p[31m
                [33mclass[31m=[32m"mt-3 max-w-3xl text-sm leading-6 text-slate-600"[31m
              [36m>[31m
                [0mtest1.csv does not match a specialized template yet, so DataLens built a generic analytics workspace from detected numeric, categorical, date, and text columns.[0m
              [36m</p>[31m
            [36m</div>[31m
            [36m<div[31m
              [33mclass[31m=[32m"grid grid-cols-1 gap-4 sm:grid-cols-2 lg:grid-cols-4"[31m
            [36m>[31m
              [36m<div[31m
                [33mclass[31m=[32m"rounded-2xl bg-gradient-to-br from-slate-700 to-slate-600 p-5 text-white shadow-lg"[31m
              [36m>[31m
                [36m<p[31m
                  [33mclass[31m=[32m"text-xs font-semibold uppercase tracking-[0.15em] opacity-80"[31m
                [36m>[31m
                  [0mTotal Rows[0m
                [36m</p>[31m
                [36m<p[31m
                  [33mclass[31m=[32m"mt-3 text-2xl font-bold"[31m
                [36m>[31m
                  [0m1[0m
      ...

Ignored nodes: comments, script, style
[36m<html>[31m
  [36m<head />[31m
  [36m<body>[31m
    [36m<div>[31m
      [36m<section[31m
        [33mclass[31m=[32m"w-full space-y-6"[31m
      [36m>[31m
        [36m<div[31m
          [33mclass[31m=[32m"sticky top-0 z-40 border-b border-slate-200 bg-white shadow-sm"[31m
        [36m>[31m
          [36m<div[31m
            [33mclass[31m=[32m"mx-auto flex max-w-7xl items-center justify-between px-4 py-3 sm:px-6 lg:px-8"[31m
          [36m>[31m
            [36m<div[31m
              [33mclass[31m=[32m"flex items-center gap-4"[31m
            [36m>[31m
              [36m<div[31m
                [33mclass[31m=[32m"flex flex-col gap-1"[31m
              [36m>[31m
                [36m<p[31m
                  [33mclass[31m=[32m"text-xs font-semibold uppercase tracking-[0.15em] text-teal-700"[31m
                [36m>[31m
                  [0mActive dataset[0m
                [36m</p>[31m
                [36m<p[31m
                  [33mclass[31m=[32m"text-sm font-semibold text-slate-900"[31m
                [36m>[31m
                  [0mtest1.csv[0m
                [36m</p>[31m
              [36m</div>[31m
              [36m<div[31m
                [33mclass[31m=[32m"hidden gap-4 border-l border-slate-200 pl-4 sm:flex"[31m
              [36m>[31m
                [36m<div[31m
                  [33mclass[31m=[32m"text-center"[31m
                [36m>[31m
                  [36m<p[31m
                    [33mclass[31m=[32m"text-xs text-slate-500"[31m
                  [36m>[31m
                    [0mRows[0m
                  [36m</p>[31m
                  [36m<p[31m
                    [33mclass[31m=[32m"text-sm font-semibold text-slate-900"[31m
                  [36m>[31m
                    [0m1[0m
                  [36m</p>[31m
                [36m</div>[31m
                [36m<div[31m
                  [33mclass[31m=[32m"text-center"[31m
                [36m>[31m
                  [36m<p[31m
                    [33mclass[31m=[32m"text-xs text-slate-500"[31m
                  [36m>[31m
                    [0mColumns[0m
                  [36m</p>[31m
                  [36m<p[31m
                    [33mclass[31m=[32m"text-sm font-semibold text-slate-900"[31m
                  [36m>[31m
                    [0m2[0m
                  [36m</p>[31m
                [36m</div>[31m
              [36m</div>[31m
            [36m</div>[31m
            [36m<button[31m
              [33mclass[31m=[32m"rounded-lg border border-teal-200 bg-teal-50 px-3 py-1.5 text-sm font-medium text-teal-800 hover:bg-teal-100"[31m
              [33mtype[31m=[32m"button"[31m
            [36m>[31m
              [0mChange file[0m
            [36m</button>[31m
          [36m</div>[31m
        [36m</div>[31m
        [36m<nav[31m
          [33maria-label[31m=[32m"Section navigation"[31m
          [33mclass[31m=[32m"sticky top-12 z-30 border-b border-slate-200 bg-white shadow-sm"[31m
        [36m>[31m
          [36m<div[31m
            [33mclass[31m=[32m"mx-auto flex max-w-7xl flex-wrap gap-0 px-4 sm:px-6 lg:px-8"[31m
          [36m>[31m
            [36m<a[31m
              [33mclass[31m=[32m"border-b-2 border-transparent px-4 py-3 text-sm font-medium text-slate-600 hover:border-teal-500 hover:text-teal-700"[31m
              [33mhref[31m=[32m"#overview"[31m
            [36m>[31m
              [0mOverview[0m
            [36m</a>[31m
            [36m<a[31m
              [33mclass[31m=[32m"border-b-2 border-transparent px-4 py-3 text-sm font-medium text-slate-600 hover:border-teal-500 hover:text-teal-700"[31m
              [33mhref[31m=[32m"#trends"[31m
            [36m>[31m
              [0mTrends[0m
            [36m</a>[31m
            [36m<a[31m
              [33mclass[31m=[32m"border-b-2 border-transparent px-4 py-3 text-sm font-medium text-slate-600 hover:border-teal-500 hover:text-teal-700"[31m
              [33mhref[31m=[32m"#breakdown"[31m
            [36m>[31m
              [0mBreakdown[0m
            [36m</a>[31m
            [36m<a[31m
              [33mclass[31m=[32m"border-b-2 border-transparent px-4 py-3 text-sm font-medium text-slate-600 hover:border-teal-500 hover:text-teal-700"[31m
              [33mhref[31m=[32m"#profile"[31m
            [36m>[31m
              [0mData Profile[0m
            [36m</a>[31m
            [36m<a[31m
              [33mclass[31m=[32m"border-b-2 border-transparent px-4 py-3 text-sm font-medium text-slate-600 hover:border-teal-500 hover:text-teal-700"[31m
              [33mhref[31m=[32m"#chat"[31m
            [36m>[31m
              [0mAsk Data[0m
            [36m</a>[31m
            [36m<a[31m
              [33mclass[31m=[32m"border-b-2 border-transparent px-4 py-3 text-sm font-medium text-slate-600 hover:border-teal-500 hover:text-teal-700"[31m
              [33mhref[31m=[32m"#summary"[31m
            [36m>[31m
              [0mSummary[0m
            [36m</a>[31m
          [36m</div>[31m
        [36m</nav>[31m
        [36m<div[31m
          [33mclass[31m=[32m"pt-4"[31m
          [33mid[31m=[32m"overview"[31m
        [36m>[31m
          [36m<section[31m
            [33mclass[31m=[32m"space-y-6"[31m
          [36m>[31m
            [36m<div[31m
              [33mclass[31m=[32m"rounded-3xl border border-slate-200 bg-gradient-to-br from-white via-white to-slate-50 p-6 shadow-lg sm:p-8"[31m
            [36m>[31m
              [36m<div[31m
                [33mclass[31m=[32m"mb-6"[31m
              [36m>[31m
                [36m<p[31m
                  [33mclass[31m=[32m"text-xs font-semibold uppercase tracking-[0.24em] text-teal-700"[31m
                [36m>[31m
                  [0mOverview[0m
                [36m</p>[31m
                [36m<h2[31m
                  [33mclass[31m=[32m"mt-2 text-3xl font-semibold text-slate-950"[31m
                [36m>[31m
                  [0mGeneric CSV Analytics Workspace[0m
                [36m</h2>[31m
                [36m<p[31m
                  [33mclass[31m=[32m"mt-3 max-w-3xl text-sm leading-6 text-slate-600"[31m
                [36m>[31m
                  [0mtest1.csv does not match a specialized template yet, so DataLens built a generic analytics workspace from detected numeric, categorical, date, and text columns.[0m
                [36m</p>[31m
              [36m</div>[31m
              [36m<div[31m
                [33mclass[31m=[32m"grid grid-cols-1 gap-4 sm:grid-cols-2 lg:grid-cols-4"[31m
              [36m>[31m
                [36m<div[31m
                  [33mclass[31m=[32m"rounded-2xl bg-gradient-to-br from-slate-700 to-slate-600 p-5 text-white shadow-lg"[31m
                [36m>[31m
                  [36m<p[31m
                    [33mc...[39m
[31m   [33mΓ¥»[31m tests/UploadFormWithFilters.test.tsx[2m > [22mUploadForm with Filters Integration[2m > [22mshows filter applied indicator in dashboard when filters are active[39m
[31m     ΓåÆ Found multiple elements with the text: /Showing filtered data/

Here are the matching elements:

Ignored nodes: comments, script, style
[36m<p[31m
  [33mclass[31m=[32m"text-sm font-medium text-teal-900"[31m
[36m>[31m
  [0mShowing filtered data ([0m
  [0m1[0m
  [0m filter[0m
  [0m applied)[0m
[36m</p>[31m

Ignored nodes: comments, script, style
[36m<p[31m
  [33mclass[31m=[32m"text-sm font-medium text-teal-900"[31m
[36m>[31m
  [0mShowing filtered data ([0m
  [0m1[0m
  [0m filter[0m
  [0m applied)[0m
[36m</p>[31m

(If this is intentional, then use the `*AllBy*` variant of the query (like `queryAllByText`, `getAllByText`, or `findAllByText`)).

Ignored nodes: comments, script, style
[36m<body>[31m
  [36m<div>[31m
    [36m<section[31m
      [33mclass[31m=[32m"w-full space-y-6"[31m
    [36m>[31m
      [36m<div[31m
        [33mclass[31m=[32m"sticky top-0 z-40 border-b border-slate-200 bg-white shadow-sm"[31m
      [36m>[31m
        [36m<div[31m
          [33mclass[31m=[32m"mx-auto flex max-w-7xl items-center justify-between px-4 py-3 sm:px-6 lg:px-8"[31m
        [36m>[31m
          [36m<div[31m
            [33mclass[31m=[32m"flex items-center gap-4"[31m
          [36m>[31m
            [36m<div[31m
              [33mclass[31m=[32m"flex flex-col gap-1"[31m
            [36m>[31m
              [36m<p[31m
                [33mclass[31m=[32m"text-xs font-semibold uppercase tracking-[0.15em] text-teal-700"[31m
              [36m>[31m
                [0mActive dataset[0m
              [36m</p>[31m
              [36m<p[31m
                [33mclass[31m=[32m"text-sm font-semibold text-slate-900"[31m
              [36m>[31m
                [0mtest.csv[0m
              [36m</p>[31m
            [36m</div>[31m
            [36m<div[31m
              [33mclass[31m=[32m"hidden gap-4 border-l border-slate-200 pl-4 sm:flex"[31m
            [36m>[31m
              [36m<div[31m
                [33mclass[31m=[32m"text-center"[31m
              [36m>[31m
                [36m<p[31m
                  [33mclass[31m=[32m"text-xs text-slate-500"[31m
                [36m>[31m
                  [0mRows[0m
                [36m</p>[31m
                [36m<p[31m
                  [33mclass[31m=[32m"text-sm font-semibold text-slate-900"[31m
                [36m>[31m
                  [0m1[0m
                [36m</p>[31m
              [36m</div>[31m
              [36m<div[31m
                [33mclass[31m=[32m"text-center"[31m
              [36m>[31m
                [36m<p[31m
                  [33mclass[31m=[32m"text-xs text-slate-500"[31m
                [36m>[31m
                  [0mColumns[0m
                [36m</p>[31m
                [36m<p[31m
                  [33mclass[31m=[32m"text-sm font-semibold text-slate-900"[31m
                [36m>[31m
                  [0m2[0m
                [36m</p>[31m
              [36m</div>[31m
            [36m</div>[31m
          [36m</div>[31m
          [36m<button[31m
            [33mclass[31m=[32m"rounded-lg border border-teal-200 bg-teal-50 px-3 py-1.5 text-sm font-medium text-teal-800 hover:bg-teal-100"[31m
            [33mtype[31m=[32m"button"[31m
          [36m>[31m
            [0mChange file[0m
          [36m</button>[31m
        [36m</div>[31m
      [36m</div>[31m
      [36m<nav[31m
        [33maria-label[31m=[32m"Section navigation"[31m
        [33mclass[31m=[32m"sticky top-12 z-30 border-b border-slate-200 bg-white shadow-sm"[31m
      [36m>[31m
        [36m<div[31m
          [33mclass[31m=[32m"mx-auto flex max-w-7xl flex-wrap gap-0 px-4 sm:px-6 lg:px-8"[31m
        [36m>[31m
          [36m<a[31m
            [33mclass[31m=[32m"border-b-2 border-transparent px-4 py-3 text-sm font-medium text-slate-600 hover:border-teal-500 hover:text-teal-700"[31m
            [33mhref[31m=[32m"#overview"[31m
          [36m>[31m
            [0mOverview[0m
          [36m</a>[31m
          [36m<a[31m
            [33mclass[31m=[32m"border-b-2 border-transparent px-4 py-3 text-sm font-medium text-slate-600 hover:border-teal-500 hover:text-teal-700"[31m
            [33mhref[31m=[32m"#trends"[31m
          [36m>[31m
            [0mTrends[0m
          [36m</a>[31m
          [36m<a[31m
            [33mclass[31m=[32m"border-b-2 border-transparent px-4 py-3 text-sm font-medium text-slate-600 hover:border-teal-500 hover:text-teal-700"[31m
            [33mhref[31m=[32m"#breakdown"[31m
          [36m>[31m
            [0mBreakdown[0m
          [36m</a>[31m
          [36m<a[31m
            [33mclass[31m=[32m"border-b-2 border-transparent px-4 py-3 text-sm font-medium text-slate-600 hover:border-teal-500 hover:text-teal-700"[31m
            [33mhref[31m=[32m"#profile"[31m
          [36m>[31m
            [0mData Profile[0m
          [36m</a>[31m
          [36m<a[31m
            [33mclass[31m=[32m"border-b-2 border-transparent px-4 py-3 text-sm font-medium text-slate-600 hover:border-teal-500 hover:text-teal-700"[31m
            [33mhref[31m=[32m"#chat"[31m
          [36m>[31m
            [0mAsk Data[0m
          [36m</a>[31m
          [36m<a[31m
            [33mclass[31m=[32m"border-b-2 border-transparent px-4 py-3 text-sm font-medium text-slate-600 hover:border-teal-500 hover:text-teal-700"[31m
            [33mhref[31m=[32m"#summary"[31m
          [36m>[31m
            [0mSummary[0m
          [36m</a>[31m
        [36m</div>[31m
      [36m</nav>[31m
      [36m<div[31m
        [33mclass[31m=[32m"pt-4"[31m
        [33mid[31m=[32m"overview"[31m
      [36m>[31m
        [36m<section[31m
          [33mclass[31m=[32m"space-y-6"[31m
        [36m>[31m
          [36m<div[31m
            [33mclass[31m=[32m"rounded-3xl border border-slate-200 bg-gradient-to-br from-white via-white to-slate-50 p-6 shadow-lg sm:p-8"[31m
          [36m>[31m
            [36m<div[31m
              [33mclass[31m=[32m"mb-6"[31m
            [36m>[31m
              [36m<p[31m
                [33mclass[31m=[32m"text-xs font-semibold uppercase tracking-[0.24em] text-teal-700"[31m
              [36m>[31m
                [0mOverview[0m
              [36m</p>[31m
              [36m<h2[31m
                [33mclass[31m=[32m"mt-2 text-3xl font-semibold text-slate-950"[31m
              [36m>[31m
                [0mGeneric CSV Analytics Workspace[0m
              [36m</h2>[31m
              [36m<p[31m
                [33mclass[31m=[32m"mt-3 max-w-3xl text-sm leading-6 text-slate-600"[31m
              [36m>[31m
                [0mtest.csv does not match a specialized template yet, so DataLens built a generic analytics workspace from detected numeric, categorical, date, and text columns.[0m
              [36m</p>[31m
            [36m</div>[31m
            [36m<div[31m
              [33mclass[31m=[32m"grid grid-cols-1 gap-4 sm:grid-cols-2 lg:grid-cols-4"[31m
            [36m>[31m
              [36m<div[31m
                [33mclass[31m=[32m"rounded-2xl bg-gradient-to-br from-slate-700 to-slate-600 p-5 text-white shadow-lg"[31m
              [36m>[31m
                [36m<p[31m
                  [33mclass[31m=[32m"text-xs font-semibold uppercase tracking-[0.15em] opacity-80"[31m
                [36m>[31m
                  [0mTotal Rows[0m
                [36m</p>[31m
                [36m<p[31m
                  [33mclass[31m=[32m"mt-3 text-2xl font-bold"[31m
                [36m>[31m
                  [0m1[0m
        ...

Ignored nodes: comments, script, style
[36m<html>[31m
  [36m<head />[31m
  [36m<body>[31m
    [36m<div>[31m
      [36m<section[31m
        [33mclass[31m=[32m"w-full space-y-6"[31m
      [36m>[31m
        [36m<div[31m
          [33mclass[31m=[32m"sticky top-0 z-40 border-b border-slate-200 bg-white shadow-sm"[31m
        [36m>[31m
          [36m<div[31m
            [33mclass[31m=[32m"mx-auto flex max-w-7xl items-center justify-between px-4 py-3 sm:px-6 lg:px-8"[31m
          [36m>[31m
            [36m<div[31m
              [33mclass[31m=[32m"flex items-center gap-4"[31m
            [36m>[31m
              [36m<div[31m
                [33mclass[31m=[32m"flex flex-col gap-1"[31m
              [36m>[31m
                [36m<p[31m
                  [33mclass[31m=[32m"text-xs font-semibold uppercase tracking-[0.15em] text-teal-700"[31m
                [36m>[31m
                  [0mActive dataset[0m
                [36m</p>[31m
                [36m<p[31m
                  [33mclass[31m=[32m"text-sm font-semibold text-slate-900"[31m
                [36m>[31m
                  [0mtest.csv[0m
                [36m</p>[31m
              [36m</div>[31m
              [36m<div[31m
                [33mclass[31m=[32m"hidden gap-4 border-l border-slate-200 pl-4 sm:flex"[31m
              [36m>[31m
                [36m<div[31m
                  [33mclass[31m=[32m"text-center"[31m
                [36m>[31m
                  [36m<p[31m
                    [33mclass[31m=[32m"text-xs text-slate-500"[31m
                  [36m>[31m
                    [0mRows[0m
                  [36m</p>[31m
                  [36m<p[31m
                    [33mclass[31m=[32m"text-sm font-semibold text-slate-900"[31m
                  [36m>[31m
                    [0m1[0m
                  [36m</p>[31m
                [36m</div>[31m
                [36m<div[31m
                  [33mclass[31m=[32m"text-center"[31m
                [36m>[31m
                  [36m<p[31m
                    [33mclass[31m=[32m"text-xs text-slate-500"[31m
                  [36m>[31m
                    [0mColumns[0m
                  [36m</p>[31m
                  [36m<p[31m
                    [33mclass[31m=[32m"text-sm font-semibold text-slate-900"[31m
                  [36m>[31m
                    [0m2[0m
                  [36m</p>[31m
                [36m</div>[31m
              [36m</div>[31m
            [36m</div>[31m
            [36m<button[31m
              [33mclass[31m=[32m"rounded-lg border border-teal-200 bg-teal-50 px-3 py-1.5 text-sm font-medium text-teal-800 hover:bg-teal-100"[31m
              [33mtype[31m=[32m"button"[31m
            [36m>[31m
              [0mChange file[0m
            [36m</button>[31m
          [36m</div>[31m
        [36m</div>[31m
        [36m<nav[31m
          [33maria-label[31m=[32m"Section navigation"[31m
          [33mclass[31m=[32m"sticky top-12 z-30 border-b border-slate-200 bg-white shadow-sm"[31m
        [36m>[31m
          [36m<div[31m
            [33mclass[31m=[32m"mx-auto flex max-w-7xl flex-wrap gap-0 px-4 sm:px-6 lg:px-8"[31m
          [36m>[31m
            [36m<a[31m
              [33mclass[31m=[32m"border-b-2 border-transparent px-4 py-3 text-sm font-medium text-slate-600 hover:border-teal-500 hover:text-teal-700"[31m
              [33mhref[31m=[32m"#overview"[31m
            [36m>[31m
              [0mOverview[0m
            [36m</a>[31m
            [36m<a[31m
              [33mclass[31m=[32m"border-b-2 border-transparent px-4 py-3 text-sm font-medium text-slate-600 hover:border-teal-500 hover:text-teal-700"[31m
              [33mhref[31m=[32m"#trends"[31m
            [36m>[31m
              [0mTrends[0m
            [36m</a>[31m
            [36m<a[31m
              [33mclass[31m=[32m"border-b-2 border-transparent px-4 py-3 text-sm font-medium text-slate-600 hover:border-teal-500 hover:text-teal-700"[31m
              [33mhref[31m=[32m"#breakdown"[31m
            [36m>[31m
              [0mBreakdown[0m
            [36m</a>[31m
            [36m<a[31m
              [33mclass[31m=[32m"border-b-2 border-transparent px-4 py-3 text-sm font-medium text-slate-600 hover:border-teal-500 hover:text-teal-700"[31m
              [33mhref[31m=[32m"#profile"[31m
            [36m>[31m
              [0mData Profile[0m
            [36m</a>[31m
            [36m<a[31m
              [33mclass[31m=[32m"border-b-2 border-transparent px-4 py-3 text-sm font-medium text-slate-600 hover:border-teal-500 hover:text-teal-700"[31m
              [33mhref[31m=[32m"#chat"[31m
            [36m>[31m
              [0mAsk Data[0m
            [36m</a>[31m
            [36m<a[31m
              [33mclass[31m=[32m"border-b-2 border-transparent px-4 py-3 text-sm font-medium text-slate-600 hover:border-teal-500 hover:text-teal-700"[31m
              [33mhref[31m=[32m"#summary"[31m
            [36m>[31m
              [0mSummary[0m
            [36m</a>[31m
          [36m</div>[31m
        [36m</nav>[31m
        [36m<div[31m
          [33mclass[31m=[32m"pt-4"[31m
          [33mid[31m=[32m"overview"[31m
        [36m>[31m
          [36m<section[31m
            [33mclass[31m=[32m"space-y-6"[31m
          [36m>[31m
            [36m<div[31m
              [33mclass[31m=[32m"rounded-3xl border border-slate-200 bg-gradient-to-br from-white via-white to-slate-50 p-6 shadow-lg sm:p-8"[31m
            [36m>[31m
              [36m<div[31m
                [33mclass[31m=[32m"mb-6"[31m
              [36m>[31m
                [36m<p[31m
                  [33mclass[31m=[32m"text-xs font-semibold uppercase tracking-[0.24em] text-teal-700"[31m
                [36m>[31m
                  [0mOverview[0m
                [36m</p>[31m
                [36m<h2[31m
                  [33mclass[31m=[32m"mt-2 text-3xl font-semibold text-slate-950"[31m
                [36m>[31m
                  [0mGeneric CSV Analytics Workspace[0m
                [36m</h2>[31m
                [36m<p[31m
                  [33mclass[31m=[32m"mt-3 max-w-3xl text-sm leading-6 text-slate-600"[31m
                [36m>[31m
                  [0mtest.csv does not match a specialized template yet, so DataLens built a generic analytics workspace from detected numeric, categorical, date, and text columns.[0m
                [36m</p>[31m
              [36m</div>[31m
              [36m<div[31m
                [33mclass[31m=[32m"grid grid-cols-1 gap-4 sm:grid-cols-2 lg:grid-cols-4"[31m
              [36m>[31m
                [36m<div[31m
                  [33mclass[31m=[32m"rounded-2xl bg-gradient-to-br from-slate-700 to-slate-600 p-5 text-white shadow-lg"[31m
                [36m>[31m
                  [36m<p[31m
                    [33mcla...[39m
 [32mΓ£ô[39m tests/columnLabels.test.ts [2m ([22m[2m2 tests[22m[2m)[22m[90m 6[2mms[22m[39m
 [32mΓ£ô[39m tests/datasetIntelligence.test.ts [2m ([22m[2m3 tests[22m[2m)[22m[90m 14[2mms[22m[39m

[31mΓÄ»ΓÄ»ΓÄ»ΓÄ»ΓÄ»ΓÄ»[1m[7m Failed Tests 11 
[27m[22mΓÄ»ΓÄ»ΓÄ»ΓÄ»ΓÄ»ΓÄ»ΓÄ»[39m

[31m[1m[7m FAIL [27m[22m[39m tests/ChatPanel.test.tsx[2m > 
[22mChatPanel[2m > [22mrenders after upload succeeds
[31m[1mTestingLibraryElementError[22m[39m: Unable to find an element with 
the text: /dataset-123/i. This could be because the text is broken up by 
multiple elements. In this case, you can provide a function for your text 
matcher to make your matcher more flexible.

Ignored nodes: comments, script, style
[36m<body>[39m
  [36m<div>[39m
    [36m<section[39m
      [33mclass[39m=[32m"w-full space-y-6"[39m
    [36m>[39m
      [36m<div[39m
        [33mclass[39m=[32m"sticky top-0 z-40 border-b border-slate-200 
bg-white shadow-sm"[39m
      [36m>[39m
        [36m<div[39m
          [33mclass[39m=[32m"mx-auto flex max-w-7xl items-center 
justify-between px-4 py-3 sm:px-6 lg:px-8"[39m
        [36m>[39m
          [36m<div[39m
            [33mclass[39m=[32m"flex items-center gap-4"[39m
          [36m>[39m
            [36m<div[39m
              [33mclass[39m=[32m"flex flex-col gap-1"[39m
            [36m>[39m
              [36m<p[39m
                [33mclass[39m=[32m"text-xs font-semibold uppercase 
tracking-[0.15em] text-teal-700"[39m
              [36m>[39m
                [0mActive dataset[0m
              [36m</p>[39m
              [36m<p[39m
                [33mclass[39m=[32m"text-sm font-semibold 
text-slate-900"[39m
              [36m>[39m
                [0mbookings.csv[0m
              [36m</p>[39m
            [36m</div>[39m
            [36m<div[39m
              [33mclass[39m=[32m"hidden gap-4 border-l border-slate-200 
pl-4 sm:flex"[39m
            [36m>[39m
              [36m<div[39m
                [33mclass[39m=[32m"text-center"[39m
              [36m>[39m
                [36m<p[39m
                  [33mclass[39m=[32m"text-xs text-slate-500"[39m
                [36m>[39m
                  [0mRows[0m
                [36m</p>[39m
                [36m<p[39m
                  [33mclass[39m=[32m"text-sm font-semibold 
text-slate-900"[39m
                [36m>[39m
                  [0m2[0m
                [36m</p>[39m
              [36m</div>[39m
              [36m<div[39m
                [33mclass[39m=[32m"text-center"[39m
              [36m>[39m
                [36m<p[39m
                  [33mclass[39m=[32m"text-xs text-slate-500"[39m
                [36m>[39m
                  [0mColumns[0m
                [36m</p>[39m
                [36m<p[39m
                  [33mclass[39m=[32m"text-sm font-semibold 
text-slate-900"[39m
                [36m>[39m
                  [0m2[0m
                [36m</p>[39m
              [36m</div>[39m
            [36m</div>[39m
          [36m</div>[39m
          [36m<button[39m
            [33mclass[39m=[32m"rounded-lg border border-teal-200 bg-teal-50 
px-3 py-1.5 text-sm font-medium text-teal-800 hover:bg-teal-100"[39m
            [33mtype[39m=[32m"button"[39m
          [36m>[39m
            [0mChange file[0m
          [36m</button>[39m
        [36m</div>[39m
      [36m</div>[39m
      [36m<nav[39m
        [33maria-label[39m=[32m"Section navigation"[39m
        [33mclass[39m=[32m"sticky top-12 z-30 border-b border-slate-200 
bg-white shadow-sm"[39m
      [36m>[39m
        [36m<div[39m
          [33mclass[39m=[32m"mx-auto flex max-w-7xl flex-wrap gap-0 px-4 
sm:px-6 lg:px-8"[39m
        [36m>[39m
          [36m<a[39m
            [33mclass[39m=[32m"border-b-2 border-transparent px-4 py-3 
text-sm font-medium text-slate-600 hover:border-teal-500 
hover:text-teal-700"[39m
            [33mhref[39m=[32m"#overview"[39m
          [36m>[39m
            [0mOverview[0m
          [36m</a>[39m
          [36m<a[39m
            [33mclass[39m=[32m"border-b-2 border-transparent px-4 py-3 
text-sm font-medium text-slate-600 hover:border-teal-500 
hover:text-teal-700"[39m
            [33mhref[39m=[32m"#trends"[39m
          [36m>[39m
            [0mTrends[0m
          [36m</a>[39m
          [36m<a[39m
            [33mclass[39m=[32m"border-b-2 border-transparent px-4 py-3 
text-sm font-medium text-slate-600 hover:border-teal-500 
hover:text-teal-700"[39m
            [33mhref[39m=[32m"#breakdown"[39m
          [36m>[39m
            [0mBreakdown[0m
          [36m</a>[39m
          [36m<a[39m
            [33mclass[39m=[32m"border-b-2 border-transparent px-4 py-3 
text-sm font-medium text-slate-600 hover:border-teal-500 
hover:text-teal-700"[39m
            [33mhref[39m=[32m"#profile"[39m
          [36m>[39m
            [0mData Profile[0m
          [36m</a>[39m
          [36m<a[39m
            [33mclass[39m=[32m"border-b-2 border-transparent px-4 py-3 
text-sm font-medium text-slate-600 hover:border-teal-500 
hover:text-teal-700"[39m
            [33mhref[39m=[32m"#chat"[39m
          [36m>[39m
            [0mAsk Data[0m
          [36m</a>[39m
          [36m<a[39m
            [33mclass[39m=[32m"border-b-2 border-transparent px-4 py-3 
text-sm font-medium text-slate-600 hover:border-teal-500 
hover:text-teal-700"[39m
            [33mhref[39m=[32m"#summary"[39m
          [36m>[39m
            [0mSummary[0m
          [36m</a>[39m
        [36m</div>[39m
      [36m</nav>[39m
      [36m<div[39m
        [33mclass[39m=[32m"pt-4"[39m
        [33mid[39m=[32m"overview"[39m
      [36m>[39m
        [36m<section[39m
          [33mclass[39m=[32m"space-y-6"[39m
        [36m>[39m
          [36m<div[39m
            [33mclass[39m=[32m"rounded-3xl border border-slate-200 
bg-gradient-to-br from-white via-white to-slate-50 p-6 shadow-lg sm:p-8"[39m
          [36m>[39m
            [36m<div[39m
              [33mclass[39m=[32m"mb-6"[39m
            [36m>[39m
              [36m<p[39m
                [33mclass[39m=[32m"text-xs font-semibold uppercase 
tracking-[0.24em] text-teal-700"[39m
              [36m>[39m
                [0mOverview[0m
              [36m</p>[39m
              [36m<h2[39m
                [33mclass[39m=[32m"mt-2 text-3xl font-semibold 
text-slate-950"[39m
              [36m>[39m
                [0mHotel Booking Analytics Workspace[0m
              [36m</h2>[39m
              [36m<p[39m
                [33mclass[39m=[32m"mt-3 max-w-3xl text-sm leading-6 
text-slate-600"[39m
              [36m>[39m
                [0mbookings.csv looks like Hotel Booking Demand data. 
DataLens is prioritizing reservations, cancellations, source markets, rates, 
and lead-time signals.[0m
              [36m</p>[39m
            [36m</div>[39m
            [36m<div[39m
              [33mclass[39m=[32m"grid grid-cols-1 gap-4 sm:grid-cols-2 
lg:grid-cols-4"[39m
            [36m>[39m
              [36m<div[39m
                [33mclass[39m=[32m"rounded-2xl bg-gradient-to-br 
from-slate-700 to-slate-600 p-5 text-white shadow-lg"[39m
              [36m>[39m
                [36m<p[39m
                  [33mclass[39m=[32m"text-xs font-semibold uppercase 
tracking-[0.15em] opacity-80"[39m
                [36m>[39m
                  [0mTotal Bookings[0m
                [36m</p>[39m
                [36m<p[39m
                  [33mclass[39m=[32m"mt-3 text-2xl font-bold"[39m
                [36m>[39m
                  [0m2[0m
       ...
[90m [2mΓ¥»[22m Object.getElementError node_modules/@testing-library/react/n
ode_modules/@testing-library/dom/dist/config.js:[2m37:19[22m[39m
[90m [2mΓ¥»[22m node_modules/@testing-library/react/node_modules/@testing-li
brary/dom/dist/query-helpers.js:[2m76:38[22m[39m
[90m [2mΓ¥»[22m node_modules/@testing-library/react/node_modules/@testing-li
brary/dom/dist/query-helpers.js:[2m109:15[22m[39m
[36m [2mΓ¥»[22m tests/ChatPanel.test.tsx:[2m59:19[22m[39m
    [90m 57| [39m
    [90m 58| [39m    [34mexpect[39m([35mawait[39m 
screen[33m.[39m[34mfindByRole[39m([32m"heading"[39m[33m,[39m { 
name[33m:[39m [36m/ask a question/[39mΓÇª
    [90m 59| [39m    [34mexpect[39m(screen[33m.[39m[34mgetAllByText[39m
([36m/dataset-123/i[39m)[33m.[39mlength)[33m.[39m[34mtoBeGreaterThan[39
mΓÇª
    [90m   | [39m                  [31m^[39m
    [90m 60| [39m  })[33m;[39m
    [90m 61| [39m

[31m[2mΓÄ»ΓÄ»ΓÄ»ΓÄ»ΓÄ»ΓÄ»ΓÄ»ΓÄ»ΓÄ»ΓÄ»ΓÄ»ΓÄ»ΓÄ»ΓÄ»ΓÄ»ΓÄ»ΓÄ»ΓÄ»ΓÄ»ΓÄ»ΓÄ»ΓÄ»ΓÄ»[
1/11]ΓÄ»[22m[39m

[31m[1m[7m FAIL [27m[22m[39m tests/Dashboard.test.tsx[2m > 
[22mDashboard[2m > [22mcalculates and displays data quality percentage
[31m[1mTestingLibraryElementError[22m[39m: Unable to find an element with 
the text: /98\.\d+% complete/. This could be because the text is broken up by 
multiple elements. In this case, you can provide a function for your text 
matcher to make your matcher more flexible.

Ignored nodes: comments, script, style
[36m<body>[39m
  [36m<div>[39m
    [36m<section[39m
      [33mclass[39m=[32m"space-y-6"[39m
    [36m>[39m
      [36m<div[39m
        [33mclass[39m=[32m"space-y-4"[39m
      [36m>[39m
        [36m<div>[39m
          [36m<h3[39m
            [33mclass[39m=[32m"text-lg font-semibold text-slate-950"[39m
          [36m>[39m
            [0mCategory Distribution[0m
          [36m</h3>[39m
          [36m<p[39m
            [33mclass[39m=[32m"mt-1 text-sm text-slate-600"[39m
          [36m>[39m
            [0mHow data breaks down by key categories and segments.[0m
          [36m</p>[39m
        [36m</div>[39m
        [36m<div[39m
          [33mclass[39m=[32m"grid grid-cols-1 gap-6 lg:grid-cols-2"[39m
        [36m>[39m
          [36m<div[39m
            [33mclass[39m=[32m"rounded-2xl border border-slate-200 bg-white 
p-5 shadow-sm"[39m
          [36m>[39m
            [36m<div[39m
              [33mclass[39m=[32m"mb-5 flex items-start justify-between 
gap-3"[39m
            [36m>[39m
              [36m<div>[39m
                [36m<h4[39m
                  [33mclass[39m=[32m"text-base font-semibold 
text-slate-950"[39m
                [36m>[39m
                  [0mHotel Type[0m
                [36m</h4>[39m
                [36m<p[39m
                  [33mclass[39m=[32m"mt-1 text-sm text-slate-500"[39m
                [36m>[39m
                  [0mTop values by record count[0m
                [36m</p>[39m
              [36m</div>[39m
              [36m<span[39m
                [33mclass[39m=[32m"rounded-full bg-blue-50 px-2.5 py-1 
text-xs font-medium text-blue-700"[39m
              [36m>[39m
                [0mCategory[0m
              [36m</span>[39m
            [36m</div>[39m
            [36m<div[39m
              [33mclass[39m=[32m"space-y-3"[39m
            [36m>[39m
              [36m<div>[39m
                [36m<div[39m
                  [33mclass[39m=[32m"flex items-center justify-between 
gap-3 text-xs"[39m
                [36m>[39m
                  [36m<span[39m
                    [33mclass[39m=[32m"truncate font-medium 
text-slate-700"[39m
                  [36m>[39m
                    [0mCity Hotel[0m
                  [36m</span>[39m
                  [36m<span[39m
                    [33mclass[39m=[32m"font-semibold text-slate-900"[39m
                  [36m>[39m
                    [0m600[0m
                  [36m</span>[39m
                [36m</div>[39m
                [36m<div[39m
                  [33mclass[39m=[32m"mt-1 h-3 overflow-hidden rounded-full 
bg-slate-100"[39m
                [36m>[39m
                  [36m<div[39m
                    [33mclass[39m=[32m"h-full rounded-full bg-teal-600"[39m
                    [33mstyle[39m=[32m"width: 100%;"[39m
                    [33mtitle[39m=[32m"City Hotel: 600 (60.0%)"[39m
                  [36m/>[39m
                [36m</div>[39m
              [36m</div>[39m
              [36m<div>[39m
                [36m<div[39m
                  [33mclass[39m=[32m"flex items-center justify-between 
gap-3 text-xs"[39m
                [36m>[39m
                  [36m<span[39m
                    [33mclass[39m=[32m"truncate font-medium 
text-slate-700"[39m
                  [36m>[39m
                    [0mResort Hotel[0m
                  [36m</span>[39m
                  [36m<span[39m
                    [33mclass[39m=[32m"font-semibold text-slate-900"[39m
                  [36m>[39m
                    [0m400[0m
                  [36m</span>[39m
                [36m</div>[39m
                [36m<div[39m
                  [33mclass[39m=[32m"mt-1 h-3 overflow-hidden rounded-full 
bg-slate-100"[39m
                [36m>[39m
                  [36m<div[39m
                    [33mclass[39m=[32m"h-full rounded-full bg-blue-600"[39m
                    [33mstyle[39m=[32m"width: 66.66666666666666%;"[39m
                    [33mtitle[39m=[32m"Resort Hotel: 400 (40.0%)"[39m
                  [36m/>[39m
                [36m</div>[39m
              [36m</div>[39m
            [36m</div>[39m
          [36m</div>[39m
          [36m<div[39m
            [33mclass[39m=[32m"rounded-2xl border border-slate-200 bg-white 
p-5 shadow-sm"[39m
          [36m>[39m
            [36m<div[39m
              [33mclass[39m=[32m"mb-5 flex items-start justify-between 
gap-3"[39m
            [36m>[39m
              [36m<div>[39m
                [36m<h4[39m
                  [33mclass[39m=[32m"text-base font-semibold 
text-slate-950"[39m
                [36m>[39m
                  [0mSource Country[0m
                [36m</h4>[39m
                [36m<p[39m
                  [33mclass[39m=[32m"mt-1 text-sm text-slate-500"[39m
                [36m>[39m
                  [0mTop values by record count[0m
                [36m</p>[39m
              [36m</div>[39m
              [36m<span[39m
                [33mclass[39m=[32m"rounded-full bg-blue-50 px-2.5 py-1 
text-xs font-medium text-blue-700"[39m
              [36m>[39m
                [0mCategory[0m
              [36m</span>[39m
            [36m</div>[39m
            [36m<div[39m
              [33mclass[39m=[32m"space-y-3"[39m
            [36m>[39m
              [36m<div>[39m
                [36m<div[39m
                  [33mclass[39m=[32m"flex items-center justify-between 
gap-3 text-xs"[39m
                [36m>[39m
                  [36m<span[39m
                    [33mclass[39m=[32m"truncate font-medium 
text-slate-700"[39m
                  [36m>[39m
                    [0mPRT[0m
                  [36m</span>[39m
                  [36m<span[39m
                    [33mclass[39m=[32m"font-semibold text-slate-900"[39m
                  [36m>[39m
                    [0m350[0m
                  [36m</span>[39m
                [36m</div>[39m
                [36m<div[39m
                  [33mclass[39m=[32m"mt-1 h-3 overflow-hidden rounded-full 
bg-slate-100"[39m
                [36m>[39m
                  [36m<div[39m
                    [33mclass[39m=[32m"h-full rounded-full bg-teal-600"[39m
                    [33mstyle[39m=[32m"width: 100%;"[39m
                    [33mtitle[39m=[32m"PRT: 350 (35.0%)"[39m
                  [36m/>[39m
                [36m</div>[39m
              [36m</div>[39m
              [36m<div>[39m
                [36m<div[39m
                  [33mclass[39m=[32m"flex items-center justify-between 
gap-3 text-xs"[39m
                [36m>[39m
                  [36m<span[39m
                    [33mclass[39m=[32m"truncate font-medium 
text-slate-700"[39m
                  [36m>[39m
                    [0mGBR[0m
                  [36m</span>[39m
                  [36m<span[39m
                   ...
[90m [2mΓ¥»[22m Object.getElementError node_modules/@testing-library/react/n
ode_modules/@testing-library/dom/dist/config.js:[2m37:19[22m[39m
[90m [2mΓ¥»[22m node_modules/@testing-library/react/node_modules/@testing-li
brary/dom/dist/query-helpers.js:[2m76:38[22m[39m
[90m [2mΓ¥»[22m node_modules/@testing-library/react/node_modules/@testing-li
brary/dom/dist/query-helpers.js:[2m52:17[22m[39m
[90m [2mΓ¥»[22m node_modules/@testing-library/react/node_modules/@testing-li
brary/dom/dist/query-helpers.js:[2m95:19[22m[39m
[36m [2mΓ¥»[22m tests/Dashboard.test.tsx:[2m213:19[22m[39m
    [90m211| [39m    [90m// Data quality = (5000 - 55) / 5000 * 100 = 
98.9%[39m
    [90m212| [39m    
[34mexpect[39m(screen[33m.[39m[34mgetByText[39m([32m"Data 
Quality"[39m))[33m.[39m[34mtoBeInTheDocument[39m()[33m;[39m
    [90m213| [39m    
[34mexpect[39m(screen[33m.[39m[34mgetByText[39m([36m/98\.\d+% 
complete/[39m))[33m.[39m[34mtoBeInTheDocument[39m()[33m;[39m
    [90m   | [39m                  [31m^[39m
    [90m214| [39m  })[33m;[39m
    [90m215| [39m

[31m[2mΓÄ»ΓÄ»ΓÄ»ΓÄ»ΓÄ»ΓÄ»ΓÄ»ΓÄ»ΓÄ»ΓÄ»ΓÄ»ΓÄ»ΓÄ»ΓÄ»ΓÄ»ΓÄ»ΓÄ»ΓÄ»ΓÄ»ΓÄ»ΓÄ»ΓÄ»ΓÄ»[
2/11]ΓÄ»[22m[39m

[31m[1m[7m FAIL [27m[22m[39m tests/ExecutiveSummary.test.tsx[2m > 
[22mExecutiveSummary[2m > [22mrenders after upload succeeds
[31m[1mTestingLibraryElementError[22m[39m: Unable to find role="button" 
and name `/generate executive summary/i`

Ignored nodes: comments, script, style
[36m<body>[39m
  [36m<div>[39m
    [36m<section[39m
      [33mclass[39m=[32m"w-full space-y-6"[39m
    [36m>[39m
      [36m<div[39m
        [33mclass[39m=[32m"sticky top-0 z-40 border-b border-slate-200 
bg-white shadow-sm"[39m
      [36m>[39m
        [36m<div[39m
          [33mclass[39m=[32m"mx-auto flex max-w-7xl items-center 
justify-between px-4 py-3 sm:px-6 lg:px-8"[39m
        [36m>[39m
          [36m<div[39m
            [33mclass[39m=[32m"flex items-center gap-4"[39m
          [36m>[39m
            [36m<div[39m
              [33mclass[39m=[32m"flex flex-col gap-1"[39m
            [36m>[39m
              [36m<p[39m
                [33mclass[39m=[32m"text-xs font-semibold uppercase 
tracking-[0.15em] text-teal-700"[39m
              [36m>[39m
                [0mActive dataset[0m
              [36m</p>[39m
              [36m<p[39m
                [33mclass[39m=[32m"text-sm font-semibold 
text-slate-900"[39m
              [36m>[39m
                [0mbookings.csv[0m
              [36m</p>[39m
            [36m</div>[39m
            [36m<div[39m
              [33mclass[39m=[32m"hidden gap-4 border-l border-slate-200 
pl-4 sm:flex"[39m
            [36m>[39m
              [36m<div[39m
                [33mclass[39m=[32m"text-center"[39m
              [36m>[39m
                [36m<p[39m
                  [33mclass[39m=[32m"text-xs text-slate-500"[39m
                [36m>[39m
                  [0mRows[0m
                [36m</p>[39m
                [36m<p[39m
                  [33mclass[39m=[32m"text-sm font-semibold 
text-slate-900"[39m
                [36m>[39m
                  [0m2[0m
                [36m</p>[39m
              [36m</div>[39m
              [36m<div[39m
                [33mclass[39m=[32m"text-center"[39m
              [36m>[39m
                [36m<p[39m
                  [33mclass[39m=[32m"text-xs text-slate-500"[39m
                [36m>[39m
                  [0mColumns[0m
                [36m</p>[39m
                [36m<p[39m
                  [33mclass[39m=[32m"text-sm font-semibold 
text-slate-900"[39m
                [36m>[39m
                  [0m2[0m
                [36m</p>[39m
              [36m</div>[39m
            [36m</div>[39m
          [36m</div>[39m
          [36m<button[39m
            [33mclass[39m=[32m"rounded-lg border border-teal-200 bg-teal-50 
px-3 py-1.5 text-sm font-medium text-teal-800 hover:bg-teal-100"[39m
            [33mtype[39m=[32m"button"[39m
          [36m>[39m
            [0mChange file[0m
          [36m</button>[39m
        [36m</div>[39m
      [36m</div>[39m
      [36m<nav[39m
        [33maria-label[39m=[32m"Section navigation"[39m
        [33mclass[39m=[32m"sticky top-12 z-30 border-b border-slate-200 
bg-white shadow-sm"[39m
      [36m>[39m
        [36m<div[39m
          [33mclass[39m=[32m"mx-auto flex max-w-7xl flex-wrap gap-0 px-4 
sm:px-6 lg:px-8"[39m
        [36m>[39m
          [36m<a[39m
            [33mclass[39m=[32m"border-b-2 border-transparent px-4 py-3 
text-sm font-medium text-slate-600 hover:border-teal-500 
hover:text-teal-700"[39m
            [33mhref[39m=[32m"#overview"[39m
          [36m>[39m
            [0mOverview[0m
          [36m</a>[39m
          [36m<a[39m
            [33mclass[39m=[32m"border-b-2 border-transparent px-4 py-3 
text-sm font-medium text-slate-600 hover:border-teal-500 
hover:text-teal-700"[39m
            [33mhref[39m=[32m"#trends"[39m
          [36m>[39m
            [0mTrends[0m
          [36m</a>[39m
          [36m<a[39m
            [33mclass[39m=[32m"border-b-2 border-transparent px-4 py-3 
text-sm font-medium text-slate-600 hover:border-teal-500 
hover:text-teal-700"[39m
            [33mhref[39m=[32m"#breakdown"[39m
          [36m>[39m
            [0mBreakdown[0m
          [36m</a>[39m
          [36m<a[39m
            [33mclass[39m=[32m"border-b-2 border-transparent px-4 py-3 
text-sm font-medium text-slate-600 hover:border-teal-500 
hover:text-teal-700"[39m
            [33mhref[39m=[32m"#profile"[39m
          [36m>[39m
            [0mData Profile[0m
          [36m</a>[39m
          [36m<a[39m
            [33mclass[39m=[32m"border-b-2 border-transparent px-4 py-3 
text-sm font-medium text-slate-600 hover:border-teal-500 
hover:text-teal-700"[39m
            [33mhref[39m=[32m"#chat"[39m
          [36m>[39m
            [0mAsk Data[0m
          [36m</a>[39m
          [36m<a[39m
            [33mclass[39m=[32m"border-b-2 border-transparent px-4 py-3 
text-sm font-medium text-slate-600 hover:border-teal-500 
hover:text-teal-700"[39m
            [33mhref[39m=[32m"#summary"[39m
          [36m>[39m
            [0mSummary[0m
          [36m</a>[39m
        [36m</div>[39m
      [36m</nav>[39m
      [36m<div[39m
        [33mclass[39m=[32m"pt-4"[39m
        [33mid[39m=[32m"overview"[39m
      [36m>[39m
        [36m<section[39m
          [33mclass[39m=[32m"space-y-6"[39m
        [36m>[39m
          [36m<div[39m
            [33mclass[39m=[32m"rounded-3xl border border-slate-200 
bg-gradient-to-br from-white via-white to-slate-50 p-6 shadow-lg sm:p-8"[39m
          [36m>[39m
            [36m<div[39m
              [33mclass[39m=[32m"mb-6"[39m
            [36m>[39m
              [36m<p[39m
                [33mclass[39m=[32m"text-xs font-semibold uppercase 
tracking-[0.24em] text-teal-700"[39m
              [36m>[39m
                [0mOverview[0m
              [36m</p>[39m
              [36m<h2[39m
                [33mclass[39m=[32m"mt-2 text-3xl font-semibold 
text-slate-950"[39m
              [36m>[39m
                [0mHotel Booking Analytics Workspace[0m
              [36m</h2>[39m
              [36m<p[39m
                [33mclass[39m=[32m"mt-3 max-w-3xl text-sm leading-6 
text-slate-600"[39m
              [36m>[39m
                [0mbookings.csv looks like Hotel Booking Demand data. 
DataLens is prioritizing reservations, cancellations, source markets, rates, 
and lead-time signals.[0m
              [36m</p>[39m
            [36m</div>[39m
            [36m<div[39m
              [33mclass[39m=[32m"grid grid-cols-1 gap-4 sm:grid-cols-2 
lg:grid-cols-4"[39m
            [36m>[39m
              [36m<div[39m
                [33mclass[39m=[32m"rounded-2xl bg-gradient-to-br 
from-slate-700 to-slate-600 p-5 text-white shadow-lg"[39m
              [36m>[39m
                [36m<p[39m
                  [33mclass[39m=[32m"text-xs font-semibold uppercase 
tracking-[0.15em] opacity-80"[39m
                [36m>[39m
                  [0mTotal Bookings[0m
                [36m</p>[39m
                [36m<p[39m
                  [33mclass[39m=[32m"mt-3 text-2xl font-bold"[39m
                [36m>[39m
                  [0m2[0m
       ...

Ignored nodes: comments, script, style
[36m<body>[39m
  [36m<div>[39m
    [36m<section[39m
      [33mclass[39m=[32m"w-full space-y-6"[39m
    [36m>[39m
      [36m<div[39m
        [33mclass[39m=[32m"sticky top-0 z-40 border-b border-slate-200 
bg-white shadow-sm"[39m
      [36m>[39m
        [36m<div[39m
          [33mclass[39m=[32m"mx-auto flex max-w-7xl items-center 
justify-between px-4 py-3 sm:px-6 lg:px-8"[39m
        [36m>[39m
          [36m<div[39m
            [33mclass[39m=[32m"flex items-center gap-4"[39m
          [36m>[39m
            [36m<div[39m
              [33mclass[39m=[32m"flex flex-col gap-1"[39m
            [36m>[39m
              [36m<p[39m
                [33mclass[39m=[32m"text-xs font-semibold uppercase 
tracking-[0.15em] text-teal-700"[39m
              [36m>[39m
                [0mActive dataset[0m
              [36m</p>[39m
              [36m<p[39m
                [33mclass[39m=[32m"text-sm font-semibold 
text-slate-900"[39m
              [36m>[39m
                [0mbookings.csv[0m
              [36m</p>[39m
            [36m</div>[39m
            [36m<div[39m
              [33mclass[39m=[32m"hidden gap-4 border-l border-slate-200 
pl-4 sm:flex"[39m
            [36m>[39m
              [36m<div[39m
                [33mclass[39m=[32m"text-center"[39m
              [36m>[39m
                [36m<p[39m
                  [33mclass[39m=[32m"text-xs text-slate-500"[39m
                [36m>[39m
                  [0mRows[0m
                [36m</p>[39m
                [36m<p[39m
                  [33mclass[39m=[32m"text-sm font-semibold 
text-slate-900"[39m
                [36m>[39m
                  [0m2[0m
                [36m</p>[39m
              [36m</div>[39m
              [36m<div[39m
                [33mclass[39m=[32m"text-center"[39m
              [36m>[39m
                [36m<p[39m
                  [33mclass[39m=[32m"text-xs text-slate-500"[39m
                [36m>[39m
                  [0mColumns[0m
                [36m</p>[39m
                [36m<p[39m
                  [33mclass[39m=[32m"text-sm font-semibold 
text-slate-900"[39m
                [36m>[39m
                  [0m2[0m
                [36m</p>[39m
              [36m</div>[39m
            [36m</div>[39m
          [36m</div>[39m
          [36m<button[39m
            [33mclass[39m=[32m"rounded-lg border border-teal-200 bg-teal-50 
px-3 py-1.5 text-sm font-medium text-teal-800 hover:bg-teal-100"[39m
            [33mtype[39m=[32m"button"[39m
          [36m>[39m
            [0mChange file[0m
          [36m</button>[39m
        [36m</div>[39m
      [36m</div>[39m
      [36m<nav[39m
        [33maria-label[39m=[32m"Section navigation"[39m
        [33mclass[39m=[32m"sticky top-12 z-30 border-b border-slate-200 
bg-white shadow-sm"[39m
      [36m>[39m
        [36m<div[39m
          [33mclass[39m=[32m"mx-auto flex max-w-7xl flex-wrap gap-0 px-4 
sm:px-6 lg:px-8"[39m
        [36m>[39m
          [36m<a[39m
            [33mclass[39m=[32m"border-b-2 border-transparent px-4 py-3 
text-sm font-medium text-slate-600 hover:border-teal-500 
hover:text-teal-700"[39m
            [33mhref[39m=[32m"#overview"[39m
          [36m>[39m
            [0mOverview[0m
          [36m</a>[39m
          [36m<a[39m
            [33mclass[39m=[32m"border-b-2 border-transparent px-4 py-3 
text-sm font-medium text-slate-600 hover:border-teal-500 
hover:text-teal-700"[39m
            [33mhref[39m=[32m"#trends"[39m
          [36m>[39m
            [0mTrends[0m
          [36m</a>[39m
          [36m<a[39m
            [33mclass[39m=[32m"border-b-2 border-transparent px-4 py-3 
text-sm font-medium text-slate-600 hover:border-teal-500 
hover:text-teal-700"[39m
            [33mhref[39m=[32m"#breakdown"[39m
          [36m>[39m
            [0mBreakdown[0m
          [36m</a>[39m
          [36m<a[39m
            [33mclass[39m=[32m"border-b-2 border-transparent px-4 py-3 
text-sm font-medium text-slate-600 hover:border-teal-500 
hover:text-teal-700"[39m
            [33mhref[39m=[32m"#profile"[39m
          [36m>[39m
            [0mData Profile[0m
          [36m</a>[39m
          [36m<a[39m
            [33mclass[39m=[32m"border-b-2 border-transparent px-4 py-3 
text-sm font-medium text-slate-600 hover:border-teal-500 
hover:text-teal-700"[39m
            [33mhref[39m=[32m"#chat"[39m
          [36m>[39m
            [0mAsk Data[0m
          [36m</a>[39m
          [36m<a[39m
            [33mclass[39m=[32m"border-b-2 border-transparent px-4 py-3 
text-sm font-medium text-slate-600 hover:border-teal-500 
hover:text-teal-700"[39m
            [33mhref[39m=[32m"#summary"[39m
          [36m>[39m
            [0mSummary[0m
          [36m</a>[39m
        [36m</div>[39m
      [36m</nav>[39m
      [36m<div[39m
        [33mclass[39m=[32m"pt-4"[39m
        [33mid[39m=[32m"overview"[39m
      [36m>[39m
        [36m<section[39m
          [33mclass[39m=[32m"space-y-6"[39m
        [36m>[39m
          [36m<div[39m
            [33mclass[39m=[32m"rounded-3xl border border-slate-200 
bg-gradient-to-br from-white via-white to-slate-50 p-6 shadow-lg sm:p-8"[39m
          [36m>[39m
            [36m<div[39m
              [33mclass[39m=[32m"mb-6"[39m
            [36m>[39m
              [36m<p[39m
                [33mclass[39m=[32m"text-xs font-semibold uppercase 
tracking-[0.24em] text-teal-700"[39m
              [36m>[39m
                [0mOverview[0m
              [36m</p>[39m
              [36m<h2[39m
                [33mclass[39m=[32m"mt-2 text-3xl font-semibold 
text-slate-950"[39m
              [36m>[39m
                [0mHotel Booking Analytics Workspace[0m
              [36m</h2>[39m
              [36m<p[39m
                [33mclass[39m=[32m"mt-3 max-w-3xl text-sm leading-6 
text-slate-600"[39m
              [36m>[39m
                [0mbookings.csv looks like Hotel Booking Demand data. 
DataLens is prioritizing reservations, cancellations, source markets, rates, 
and lead-time signals.[0m
              [36m</p>[39m
            [36m</div>[39m
            [36m<div[39m
              [33mclass[39m=[32m"grid grid-cols-1 gap-4 sm:grid-cols-2 
lg:grid-cols-4"[39m
            [36m>[39m
              [36m<div[39m
                [33mclass[39m=[32m"rounded-2xl bg-gradient-to-br 
from-slate-700 to-slate-600 p-5 text-white shadow-lg"[39m
              [36m>[39m
                [36m<p[39m
                  [33mclass[39m=[32m"text-xs font-semibold uppercase 
tracking-[0.15em] opacity-80"[39m
                [36m>[39m
                  [0mTotal Bookings[0m
                [36m</p>[39m
                [36m<p[39m
                  [33mclass[39m=[32m"mt-3 text-2xl font-bold"[39m
                [36m>[39m
                  [0m2[0m
       ...
[90m [2mΓ¥»[22m waitForWrapper node_modules/@testing-library/react/node_modu
les/@testing-library/dom/dist/wait-for.js:[2m163:27[22m[39m
[90m [2mΓ¥»[22m node_modules/@testing-library/react/node_modules/@testing-li
brary/dom/dist/query-helpers.js:[2m86:33[22m[39m
[36m [2mΓ¥»[22m tests/ExecutiveSummary.test.tsx:[2m26:20[22m[39m
    [90m 24| [39m
    [90m 25| [39m    [34mexpect[39m(
    [90m 26| [39m      [35mawait[39m 
screen[33m.[39m[34mfindByRole[39m([32m"button"[39m[33m,[39m { 
name[33m:[39m [36m/generate executive su[39mΓÇª
    [90m   | [39m                   [31m^[39m
    [90m 27| [39m    )[33m.[39m[34mtoBeInTheDocument[39m()[33m;[39m
    [90m 28| [39m  })[33m;[39m

[31m[2mΓÄ»ΓÄ»ΓÄ»ΓÄ»ΓÄ»ΓÄ»ΓÄ»ΓÄ»ΓÄ»ΓÄ»ΓÄ»ΓÄ»ΓÄ»ΓÄ»ΓÄ»ΓÄ»ΓÄ»ΓÄ»ΓÄ»ΓÄ»ΓÄ»ΓÄ»ΓÄ»[
3/11]ΓÄ»[22m[39m

[31m[1m[7m FAIL [27m[22m[39m tests/ExecutiveSummary.test.tsx[2m > 
[22mExecutiveSummary[2m > [22mshows loading state while generating
[31m[1mTestingLibraryElementError[22m: Unable to find an accessible element 
with the role "button" and name `/generate executive summary/i`

Here are the accessible roles:

  heading:

  Name "Executive Summary":
  [36m<h2[31m
    [33mclass[31m=[32m"mt-1 text-lg font-semibold text-slate-950"[31m
  [36m/>[31m

  --------------------------------------------------
  button:

  Name "Generate Summary":
  [36m<button[31m
    [33mclass[31m=[32m"inline-flex min-h-10 items-center justify-center 
rounded-xl bg-teal-700 px-4 py-2 text-sm font-medium text-white shadow-sm 
hover:bg-teal-800 disabled:cursor-not-allowed disabled:bg-slate-400"[31m
    [33mtype[31m=[32m"button"[31m
  [36m/>[31m

  --------------------------------------------------

Ignored nodes: comments, script, style
[36m<body>[31m
  [36m<div>[31m
    [36m<section[31m
      [33mclass[31m=[32m"rounded-2xl border border-slate-200 bg-white p-5 
shadow-sm"[31m
    [36m>[31m
      [36m<div[31m
        [33mclass[31m=[32m"flex flex-col gap-3 sm:flex-row sm:items-center 
sm:justify-between"[31m
      [36m>[31m
        [36m<div>[31m
          [36m<p[31m
            [33mclass[31m=[32m"text-xs font-semibold uppercase 
tracking-[0.2em] text-teal-700"[31m
          [36m>[31m
            [0mInsights[0m
          [36m</p>[31m
          [36m<h2[31m
            [33mclass[31m=[32m"mt-1 text-lg font-semibold 
text-slate-950"[31m
          [36m>[31m
            [0mExecutive Summary[0m
          [36m</h2>[31m
          [36m<p[31m
            [33mclass[31m=[32m"mt-1 text-sm text-slate-600"[31m
          [36m>[31m
            [0mGenerate a data-grounded summary from the saved dataset.[0m
          [36m</p>[31m
        [36m</div>[31m
        [36m<button[31m
          [33mclass[31m=[32m"inline-flex min-h-10 items-center 
justify-center rounded-xl bg-teal-700 px-4 py-2 text-sm font-medium text-white 
shadow-sm hover:bg-teal-800 disabled:cursor-not-allowed 
disabled:bg-slate-400"[31m
          [33mtype[31m=[32m"button"[31m
        [36m>[31m
          [0mGenerate Summary[0m
        [36m</button>[31m
      [36m</div>[31m
    [36m</section>[31m
  [36m</div>[31m
[36m</body>[31m[39m
[90m [2mΓ¥»[22m Object.getElementError node_modules/@testing-library/react/n
ode_modules/@testing-library/dom/dist/config.js:[2m37:19[22m[39m
[90m [2mΓ¥»[22m node_modules/@testing-library/react/node_modules/@testing-li
brary/dom/dist/query-helpers.js:[2m76:38[22m[39m
[90m [2mΓ¥»[22m node_modules/@testing-library/react/node_modules/@testing-li
brary/dom/dist/query-helpers.js:[2m52:17[22m[39m
[90m [2mΓ¥»[22m node_modules/@testing-library/react/node_modules/@testing-li
brary/dom/dist/query-helpers.js:[2m95:19[22m[39m
[36m [2mΓ¥»[22m tests/ExecutiveSummary.test.tsx:[2m39:29[22m[39m
    [90m 37| [39m    [34mrender[39m([33m<[39m[33mExecutiveSummary[39m 
[33mdatasetId[39m[33m=[39m[32m"dataset-123"[39m 
[33m/[39m[33m>[39m)[33m;[39m
    [90m 38| [39m
    [90m 39| [39m    [35mawait[39m user[33m.[39m[34mclick[39m(screen[3
3m.[39m[34mgetByRole[39m([32m"button"[39m[33m,[39m { name[33m:[39m 
[36m/generate exec[39mΓÇª
    [90m   | [39m                            [31m^[39m
    [90m 40| [39m
    [90m 41| [39m    [34mexpect[39m(screen[33m.[39m[34mgetByRole[39m([
32m"button"[39m[33m,[39m { name[33m:[39m [36m/generating/i[39m 
}))[33m.[39m[34mtoBeDi[39mΓÇª

[31m[2mΓÄ»ΓÄ»ΓÄ»ΓÄ»ΓÄ»ΓÄ»ΓÄ»ΓÄ»ΓÄ»ΓÄ»ΓÄ»ΓÄ»ΓÄ»ΓÄ»ΓÄ»ΓÄ»ΓÄ»ΓÄ»ΓÄ»ΓÄ»ΓÄ»ΓÄ»ΓÄ»[
4/11]ΓÄ»[22m[39m

[31m[1m[7m FAIL [27m[22m[39m tests/ExecutiveSummary.test.tsx[2m > 
[22mExecutiveSummary[2m > [22mdisplays a successful summary response
[31m[1mTestingLibraryElementError[22m: Unable to find an accessible element 
with the role "button" and name `/generate executive summary/i`

Here are the accessible roles:

  heading:

  Name "Executive Summary":
  [36m<h2[31m
    [33mclass[31m=[32m"mt-1 text-lg font-semibold text-slate-950"[31m
  [36m/>[31m

  --------------------------------------------------
  button:

  Name "Generate Summary":
  [36m<button[31m
    [33mclass[31m=[32m"inline-flex min-h-10 items-center justify-center 
rounded-xl bg-teal-700 px-4 py-2 text-sm font-medium text-white shadow-sm 
hover:bg-teal-800 disabled:cursor-not-allowed disabled:bg-slate-400"[31m
    [33mtype[31m=[32m"button"[31m
  [36m/>[31m

  --------------------------------------------------

Ignored nodes: comments, script, style
[36m<body>[31m
  [36m<div>[31m
    [36m<section[31m
      [33mclass[31m=[32m"rounded-2xl border border-slate-200 bg-white p-5 
shadow-sm"[31m
    [36m>[31m
      [36m<div[31m
        [33mclass[31m=[32m"flex flex-col gap-3 sm:flex-row sm:items-center 
sm:justify-between"[31m
      [36m>[31m
        [36m<div>[31m
          [36m<p[31m
            [33mclass[31m=[32m"text-xs font-semibold uppercase 
tracking-[0.2em] text-teal-700"[31m
          [36m>[31m
            [0mInsights[0m
          [36m</p>[31m
          [36m<h2[31m
            [33mclass[31m=[32m"mt-1 text-lg font-semibold 
text-slate-950"[31m
          [36m>[31m
            [0mExecutive Summary[0m
          [36m</h2>[31m
          [36m<p[31m
            [33mclass[31m=[32m"mt-1 text-sm text-slate-600"[31m
          [36m>[31m
            [0mGenerate a data-grounded summary from the saved dataset.[0m
          [36m</p>[31m
        [36m</div>[31m
        [36m<button[31m
          [33mclass[31m=[32m"inline-flex min-h-10 items-center 
justify-center rounded-xl bg-teal-700 px-4 py-2 text-sm font-medium text-white 
shadow-sm hover:bg-teal-800 disabled:cursor-not-allowed 
disabled:bg-slate-400"[31m
          [33mtype[31m=[32m"button"[31m
        [36m>[31m
          [0mGenerate Summary[0m
        [36m</button>[31m
      [36m</div>[31m
    [36m</section>[31m
  [36m</div>[31m
[36m</body>[31m[39m
[90m [2mΓ¥»[22m Object.getElementError node_modules/@testing-library/react/n
ode_modules/@testing-library/dom/dist/config.js:[2m37:19[22m[39m
[90m [2mΓ¥»[22m node_modules/@testing-library/react/node_modules/@testing-li
brary/dom/dist/query-helpers.js:[2m76:38[22m[39m
[90m [2mΓ¥»[22m node_modules/@testing-library/react/node_modules/@testing-li
brary/dom/dist/query-helpers.js:[2m52:17[22m[39m
[90m [2mΓ¥»[22m node_modules/@testing-library/react/node_modules/@testing-li
brary/dom/dist/query-helpers.js:[2m95:19[22m[39m
[36m [2mΓ¥»[22m tests/ExecutiveSummary.test.tsx:[2m53:29[22m[39m
    [90m 51| [39m    [34mrender[39m([33m<[39m[33mExecutiveSummary[39m 
[33mdatasetId[39m[33m=[39m[32m"dataset-123"[39m 
[33m/[39m[33m>[39m)[33m;[39m
    [90m 52| [39m
    [90m 53| [39m    [35mawait[39m user[33m.[39m[34mclick[39m(screen[3
3m.[39m[34mgetByRole[39m([32m"button"[39m[33m,[39m { name[33m:[39m 
[36m/generate exec[39mΓÇª
    [90m   | [39m                            [31m^[39m
    [90m 54| [39m
    [90m 55| [39m    [34mexpect[39m(([35mawait[39m 
screen[33m.[39m[34mfindAllByText[39m([36m/overall cancellation rate is 
4[39mΓÇª

[31m[2mΓÄ»ΓÄ»ΓÄ»ΓÄ»ΓÄ»ΓÄ»ΓÄ»ΓÄ»ΓÄ»ΓÄ»ΓÄ»ΓÄ»ΓÄ»ΓÄ»ΓÄ»ΓÄ»ΓÄ»ΓÄ»ΓÄ»ΓÄ»ΓÄ»ΓÄ»ΓÄ»[
5/11]ΓÄ»[22m[39m

[31m[1m[7m FAIL [27m[22m[39m tests/ExecutiveSummary.test.tsx[2m > 
[22mExecutiveSummary[2m > [22mdisplays an error when summary generation 
fails
[31m[1mTestingLibraryElementError[22m: Unable to find an accessible element 
with the role "button" and name `/generate executive summary/i`

Here are the accessible roles:

  heading:

  Name "Executive Summary":
  [36m<h2[31m
    [33mclass[31m=[32m"mt-1 text-lg font-semibold text-slate-950"[31m
  [36m/>[31m

  --------------------------------------------------
  button:

  Name "Generate Summary":
  [36m<button[31m
    [33mclass[31m=[32m"inline-flex min-h-10 items-center justify-center 
rounded-xl bg-teal-700 px-4 py-2 text-sm font-medium text-white shadow-sm 
hover:bg-teal-800 disabled:cursor-not-allowed disabled:bg-slate-400"[31m
    [33mtype[31m=[32m"button"[31m
  [36m/>[31m

  --------------------------------------------------

Ignored nodes: comments, script, style
[36m<body>[31m
  [36m<div>[31m
    [36m<section[31m
      [33mclass[31m=[32m"rounded-2xl border border-slate-200 bg-white p-5 
shadow-sm"[31m
    [36m>[31m
      [36m<div[31m
        [33mclass[31m=[32m"flex flex-col gap-3 sm:flex-row sm:items-center 
sm:justify-between"[31m
      [36m>[31m
        [36m<div>[31m
          [36m<p[31m
            [33mclass[31m=[32m"text-xs font-semibold uppercase 
tracking-[0.2em] text-teal-700"[31m
          [36m>[31m
            [0mInsights[0m
          [36m</p>[31m
          [36m<h2[31m
            [33mclass[31m=[32m"mt-1 text-lg font-semibold 
text-slate-950"[31m
          [36m>[31m
            [0mExecutive Summary[0m
          [36m</h2>[31m
          [36m<p[31m
            [33mclass[31m=[32m"mt-1 text-sm text-slate-600"[31m
          [36m>[31m
            [0mGenerate a data-grounded summary from the saved dataset.[0m
          [36m</p>[31m
        [36m</div>[31m
        [36m<button[31m
          [33mclass[31m=[32m"inline-flex min-h-10 items-center 
justify-center rounded-xl bg-teal-700 px-4 py-2 text-sm font-medium text-white 
shadow-sm hover:bg-teal-800 disabled:cursor-not-allowed 
disabled:bg-slate-400"[31m
          [33mtype[31m=[32m"button"[31m
        [36m>[31m
          [0mGenerate Summary[0m
        [36m</button>[31m
      [36m</div>[31m
    [36m</section>[31m
  [36m</div>[31m
[36m</body>[31m[39m
[90m [2mΓ¥»[22m Object.getElementError node_modules/@testing-library/react/n
ode_modules/@testing-library/dom/dist/config.js:[2m37:19[22m[39m
[90m [2mΓ¥»[22m node_modules/@testing-library/react/node_modules/@testing-li
brary/dom/dist/query-helpers.js:[2m76:38[22m[39m
[90m [2mΓ¥»[22m node_modules/@testing-library/react/node_modules/@testing-li
brary/dom/dist/query-helpers.js:[2m52:17[22m[39m
[90m [2mΓ¥»[22m node_modules/@testing-library/react/node_modules/@testing-li
brary/dom/dist/query-helpers.js:[2m95:19[22m[39m
[36m [2mΓ¥»[22m tests/ExecutiveSummary.test.tsx:[2m70:29[22m[39m
    [90m 68| [39m    [34mrender[39m([33m<[39m[33mExecutiveSummary[39m 
[33mdatasetId[39m[33m=[39m[32m"missing-id"[39m 
[33m/[39m[33m>[39m)[33m;[39m
    [90m 69| [39m
    [90m 70| [39m    [35mawait[39m user[33m.[39m[34mclick[39m(screen[3
3m.[39m[34mgetByRole[39m([32m"button"[39m[33m,[39m { name[33m:[39m 
[36m/generate exec[39mΓÇª
    [90m   | [39m                            [31m^[39m
    [90m 71| [39m
    [90m 72| [39m    [34mexpect[39m([35mawait[39m screen[33m.[39m[34mf
indByRole[39m([32m"alert"[39m))[33m.[39m[34mtoHaveTextContent[39m([32m"
Datase[39mΓÇª

[31m[2mΓÄ»ΓÄ»ΓÄ»ΓÄ»ΓÄ»ΓÄ»ΓÄ»ΓÄ»ΓÄ»ΓÄ»ΓÄ»ΓÄ»ΓÄ»ΓÄ»ΓÄ»ΓÄ»ΓÄ»ΓÄ»ΓÄ»ΓÄ»ΓÄ»ΓÄ»ΓÄ»[
6/11]ΓÄ»[22m[39m

[31m[1m[7m FAIL [27m[22m[39m tests/ExecutiveSummary.test.tsx[2m > 
[22mExecutiveSummary[2m > [22msends dataset_id to the summary endpoint
[31m[1mTestingLibraryElementError[22m: Unable to find an accessible element 
with the role "button" and name `/generate executive summary/i`

Here are the accessible roles:

  heading:

  Name "Executive Summary":
  [36m<h2[31m
    [33mclass[31m=[32m"mt-1 text-lg font-semibold text-slate-950"[31m
  [36m/>[31m

  --------------------------------------------------
  button:

  Name "Generate Summary":
  [36m<button[31m
    [33mclass[31m=[32m"inline-flex min-h-10 items-center justify-center 
rounded-xl bg-teal-700 px-4 py-2 text-sm font-medium text-white shadow-sm 
hover:bg-teal-800 disabled:cursor-not-allowed disabled:bg-slate-400"[31m
    [33mtype[31m=[32m"button"[31m
  [36m/>[31m

  --------------------------------------------------

Ignored nodes: comments, script, style
[36m<body>[31m
  [36m<div>[31m
    [36m<section[31m
      [33mclass[31m=[32m"rounded-2xl border border-slate-200 bg-white p-5 
shadow-sm"[31m
    [36m>[31m
      [36m<div[31m
        [33mclass[31m=[32m"flex flex-col gap-3 sm:flex-row sm:items-center 
sm:justify-between"[31m
      [36m>[31m
        [36m<div>[31m
          [36m<p[31m
            [33mclass[31m=[32m"text-xs font-semibold uppercase 
tracking-[0.2em] text-teal-700"[31m
          [36m>[31m
            [0mInsights[0m
          [36m</p>[31m
          [36m<h2[31m
            [33mclass[31m=[32m"mt-1 text-lg font-semibold 
text-slate-950"[31m
          [36m>[31m
            [0mExecutive Summary[0m
          [36m</h2>[31m
          [36m<p[31m
            [33mclass[31m=[32m"mt-1 text-sm text-slate-600"[31m
          [36m>[31m
            [0mGenerate a data-grounded summary from the saved dataset.[0m
          [36m</p>[31m
        [36m</div>[31m
        [36m<button[31m
          [33mclass[31m=[32m"inline-flex min-h-10 items-center 
justify-center rounded-xl bg-teal-700 px-4 py-2 text-sm font-medium text-white 
shadow-sm hover:bg-teal-800 disabled:cursor-not-allowed 
disabled:bg-slate-400"[31m
          [33mtype[31m=[32m"button"[31m
        [36m>[31m
          [0mGenerate Summary[0m
        [36m</button>[31m
      [36m</div>[31m
    [36m</section>[31m
  [36m</div>[31m
[36m</body>[31m[39m
[90m [2mΓ¥»[22m Object.getElementError node_modules/@testing-library/react/n
ode_modules/@testing-library/dom/dist/config.js:[2m37:19[22m[39m
[90m [2mΓ¥»[22m node_modules/@testing-library/react/node_modules/@testing-li
brary/dom/dist/query-helpers.js:[2m76:38[22m[39m
[90m [2mΓ¥»[22m node_modules/@testing-library/react/node_modules/@testing-li
brary/dom/dist/query-helpers.js:[2m52:17[22m[39m
[90m [2mΓ¥»[22m node_modules/@testing-library/react/node_modules/@testing-li
brary/dom/dist/query-helpers.js:[2m95:19[22m[39m
[36m [2mΓ¥»[22m tests/ExecutiveSummary.test.tsx:[2m80:29[22m[39m
    [90m 78| [39m    [34mrender[39m([33m<[39m[33mExecutiveSummary[39m 
[33mdatasetId[39m[33m=[39m[32m"dataset-123"[39m 
[33m/[39m[33m>[39m)[33m;[39m
    [90m 79| [39m
    [90m 80| [39m    [35mawait[39m user[33m.[39m[34mclick[39m(screen[3
3m.[39m[34mgetByRole[39m([32m"button"[39m[33m,[39m { name[33m:[39m 
[36m/generate exec[39mΓÇª
    [90m   | [39m                            [31m^[39m
    [90m 81| [39m
    [90m 82| [39m    [34mexpect[39m(globalThis[33m.[39mfetch)[33m.[39m
[34mtoHaveBeenCalledWith[39m(

[31m[2mΓÄ»ΓÄ»ΓÄ»ΓÄ»ΓÄ»ΓÄ»ΓÄ»ΓÄ»ΓÄ»ΓÄ»ΓÄ»ΓÄ»ΓÄ»ΓÄ»ΓÄ»ΓÄ»ΓÄ»ΓÄ»ΓÄ»ΓÄ»ΓÄ»ΓÄ»ΓÄ»[
7/11]ΓÄ»[22m[39m

[31m[1m[7m FAIL [27m[22m[39m tests/UploadForm.test.tsx[2m > 
[22mUploadForm[2m > [22mdisplays human-readable column names
[31m[1mError[22m: 
[2mexpect([22m[31melement[31m[2m).not.toBeInTheDocument()[22m

[31mexpected document not to contain element, found <span
  class="font-mono"
>
  weekly_sales
</span> instead[31m[39m
[36m [2mΓ¥»[22m tests/UploadForm.test.tsx:[2m171:52[22m[39m
    [90m169| [39m    
[34mexpect[39m(screen[33m.[39m[34mgetAllByText[39m([32m"Weekly 
Sales"[39m)[33m.[39mlength)[33m.[39m[34mtoBeGreaterThan[39mΓÇª
    [90m170| [39m    
[34mexpect[39m(screen[33m.[39m[34mgetAllByText[39m([32m"Holiday 
Week"[39m)[33m.[39mlength)[33m.[39m[34mtoBeGreaterThan[39mΓÇª
    [90m171| [39m    [34mexpect[39m(screen[33m.[39m[34mqueryByText[39m(
[32m"weekly_sales"[39m))[33m.[39mnot[33m.[39m[34mtoBeInTheDocument[39m(
)[33m;[39m
    [90m   | [39m                                                   
[31m^[39m
    [90m172| [39m    [34mexpect[39m(screen[33m.[39m[34mqueryByText[39m(
[32m"holiday_flag"[39m))[33m.[39mnot[33m.[39m[34mtoBeInTheDocument[39m(
)[33m;[39m
    [90m173| [39m  })[33m;[39m

[31m[2mΓÄ»ΓÄ»ΓÄ»ΓÄ»ΓÄ»ΓÄ»ΓÄ»ΓÄ»ΓÄ»ΓÄ»ΓÄ»ΓÄ»ΓÄ»ΓÄ»ΓÄ»ΓÄ»ΓÄ»ΓÄ»ΓÄ»ΓÄ»ΓÄ»ΓÄ»ΓÄ»[
8/11]ΓÄ»[22m[39m

[31m[1m[7m FAIL [27m[22m[39m tests/UploadForm.test.tsx[2m > 
[22mUploadForm[2m > [22mmoves a new user into an adaptive analytics 
workspace after upload
[31m[1mTestingLibraryElementError[22m[39m: Unable to find an element with 
the text: Analytics Workspace. This could be because the text is broken up by 
multiple elements. In this case, you can provide a function for your text 
matcher to make your matcher more flexible.

Ignored nodes: comments, script, style
[36m<body>[39m
  [36m<div>[39m
    [36m<section[39m
      [33mclass[39m=[32m"w-full space-y-6"[39m
    [36m>[39m
      [36m<div[39m
        [33mclass[39m=[32m"sticky top-0 z-40 border-b border-slate-200 
bg-white shadow-sm"[39m
      [36m>[39m
        [36m<div[39m
          [33mclass[39m=[32m"mx-auto flex max-w-7xl items-center 
justify-between px-4 py-3 sm:px-6 lg:px-8"[39m
        [36m>[39m
          [36m<div[39m
            [33mclass[39m=[32m"flex items-center gap-4"[39m
          [36m>[39m
            [36m<div[39m
              [33mclass[39m=[32m"flex flex-col gap-1"[39m
            [36m>[39m
              [36m<p[39m
                [33mclass[39m=[32m"text-xs font-semibold uppercase 
tracking-[0.15em] text-teal-700"[39m
              [36m>[39m
                [0mActive dataset[0m
              [36m</p>[39m
              [36m<p[39m
                [33mclass[39m=[32m"text-sm font-semibold 
text-slate-900"[39m
              [36m>[39m
                [0mwalmart.csv[0m
              [36m</p>[39m
            [36m</div>[39m
            [36m<div[39m
              [33mclass[39m=[32m"hidden gap-4 border-l border-slate-200 
pl-4 sm:flex"[39m
            [36m>[39m
              [36m<div[39m
                [33mclass[39m=[32m"text-center"[39m
              [36m>[39m
                [36m<p[39m
                  [33mclass[39m=[32m"text-xs text-slate-500"[39m
                [36m>[39m
                  [0mRows[0m
                [36m</p>[39m
                [36m<p[39m
                  [33mclass[39m=[32m"text-sm font-semibold 
text-slate-900"[39m
                [36m>[39m
                  [0m100[0m
                [36m</p>[39m
              [36m</div>[39m
              [36m<div[39m
                [33mclass[39m=[32m"text-center"[39m
              [36m>[39m
                [36m<p[39m
                  [33mclass[39m=[32m"text-xs text-slate-500"[39m
                [36m>[39m
                  [0mColumns[0m
                [36m</p>[39m
                [36m<p[39m
                  [33mclass[39m=[32m"text-sm font-semibold 
text-slate-900"[39m
                [36m>[39m
                  [0m4[0m
                [36m</p>[39m
              [36m</div>[39m
            [36m</div>[39m
          [36m</div>[39m
          [36m<button[39m
            [33mclass[39m=[32m"rounded-lg border border-teal-200 bg-teal-50 
px-3 py-1.5 text-sm font-medium text-teal-800 hover:bg-teal-100"[39m
            [33mtype[39m=[32m"button"[39m
          [36m>[39m
            [0mChange file[0m
          [36m</button>[39m
        [36m</div>[39m
      [36m</div>[39m
      [36m<nav[39m
        [33maria-label[39m=[32m"Section navigation"[39m
        [33mclass[39m=[32m"sticky top-12 z-30 border-b border-slate-200 
bg-white shadow-sm"[39m
      [36m>[39m
        [36m<div[39m
          [33mclass[39m=[32m"mx-auto flex max-w-7xl flex-wrap gap-0 px-4 
sm:px-6 lg:px-8"[39m
        [36m>[39m
          [36m<a[39m
            [33mclass[39m=[32m"border-b-2 border-transparent px-4 py-3 
text-sm font-medium text-slate-600 hover:border-teal-500 
hover:text-teal-700"[39m
            [33mhref[39m=[32m"#overview"[39m
          [36m>[39m
            [0mOverview[0m
          [36m</a>[39m
          [36m<a[39m
            [33mclass[39m=[32m"border-b-2 border-transparent px-4 py-3 
text-sm font-medium text-slate-600 hover:border-teal-500 
hover:text-teal-700"[39m
            [33mhref[39m=[32m"#trends"[39m
          [36m>[39m
            [0mTrends[0m
          [36m</a>[39m
          [36m<a[39m
            [33mclass[39m=[32m"border-b-2 border-transparent px-4 py-3 
text-sm font-medium text-slate-600 hover:border-teal-500 
hover:text-teal-700"[39m
            [33mhref[39m=[32m"#breakdown"[39m
          [36m>[39m
            [0mBreakdown[0m
          [36m</a>[39m
          [36m<a[39m
            [33mclass[39m=[32m"border-b-2 border-transparent px-4 py-3 
text-sm font-medium text-slate-600 hover:border-teal-500 
hover:text-teal-700"[39m
            [33mhref[39m=[32m"#profile"[39m
          [36m>[39m
            [0mData Profile[0m
          [36m</a>[39m
          [36m<a[39m
            [33mclass[39m=[32m"border-b-2 border-transparent px-4 py-3 
text-sm font-medium text-slate-600 hover:border-teal-500 
hover:text-teal-700"[39m
            [33mhref[39m=[32m"#chat"[39m
          [36m>[39m
            [0mAsk Data[0m
          [36m</a>[39m
          [36m<a[39m
            [33mclass[39m=[32m"border-b-2 border-transparent px-4 py-3 
text-sm font-medium text-slate-600 hover:border-teal-500 
hover:text-teal-700"[39m
            [33mhref[39m=[32m"#summary"[39m
          [36m>[39m
            [0mSummary[0m
          [36m</a>[39m
        [36m</div>[39m
      [36m</nav>[39m
      [36m<div[39m
        [33mclass[39m=[32m"pt-4"[39m
        [33mid[39m=[32m"overview"[39m
      [36m>[39m
        [36m<section[39m
          [33mclass[39m=[32m"space-y-6"[39m
        [36m>[39m
          [36m<div[39m
            [33mclass[39m=[32m"rounded-3xl border border-slate-200 
bg-gradient-to-br from-white via-white to-slate-50 p-6 shadow-lg sm:p-8"[39m
          [36m>[39m
            [36m<div[39m
              [33mclass[39m=[32m"mb-6"[39m
            [36m>[39m
              [36m<p[39m
                [33mclass[39m=[32m"text-xs font-semibold uppercase 
tracking-[0.24em] text-teal-700"[39m
              [36m>[39m
                [0mOverview[0m
              [36m</p>[39m
              [36m<h2[39m
                [33mclass[39m=[32m"mt-2 text-3xl font-semibold 
text-slate-950"[39m
              [36m>[39m
                [0mRetail Sales Analytics Workspace[0m
              [36m</h2>[39m
              [36m<p[39m
                [33mclass[39m=[32m"mt-3 max-w-3xl text-sm leading-6 
text-slate-600"[39m
              [36m>[39m
                [0mwalmart.csv looks like Retail/Sales data. DataLens is 
prioritizing sales volume, store or product performance, date trends, holiday 
effects, and external drivers.[0m
              [36m</p>[39m
            [36m</div>[39m
            [36m<div[39m
              [33mclass[39m=[32m"grid grid-cols-1 gap-4 sm:grid-cols-2 
lg:grid-cols-4"[39m
            [36m>[39m
              [36m<div[39m
                [33mclass[39m=[32m"rounded-2xl bg-gradient-to-br 
from-blue-600 to-cyan-600 p-5 text-white shadow-lg"[39m
              [36m>[39m
                [36m<p[39m
                  [33mclass[39m=[32m"text-xs font-semibold uppercase 
tracking-[0.15em] opacity-80"[39m
                [36m>[39m
                  [0mTotal Sales[0m
                [36m</p>[39m
                [36m<p[39m
                  [33mclass[39m=[32m"mt-3 text-2xl font-bold"[39m
                [36m>[39m
                  [0m250,00...

Ignored nodes: comments, script, style
[36m<body>[39m
  [36m<div>[39m
    [36m<section[39m
      [33mclass[39m=[32m"w-full space-y-6"[39m
    [36m>[39m
      [36m<div[39m
        [33mclass[39m=[32m"sticky top-0 z-40 border-b border-slate-200 
bg-white shadow-sm"[39m
      [36m>[39m
        [36m<div[39m
          [33mclass[39m=[32m"mx-auto flex max-w-7xl items-center 
justify-between px-4 py-3 sm:px-6 lg:px-8"[39m
        [36m>[39m
          [36m<div[39m
            [33mclass[39m=[32m"flex items-center gap-4"[39m
          [36m>[39m
            [36m<div[39m
              [33mclass[39m=[32m"flex flex-col gap-1"[39m
            [36m>[39m
              [36m<p[39m
                [33mclass[39m=[32m"text-xs font-semibold uppercase 
tracking-[0.15em] text-teal-700"[39m
              [36m>[39m
                [0mActive dataset[0m
              [36m</p>[39m
              [36m<p[39m
                [33mclass[39m=[32m"text-sm font-semibold 
text-slate-900"[39m
              [36m>[39m
                [0mwalmart.csv[0m
              [36m</p>[39m
            [36m</div>[39m
            [36m<div[39m
              [33mclass[39m=[32m"hidden gap-4 border-l border-slate-200 
pl-4 sm:flex"[39m
            [36m>[39m
              [36m<div[39m
                [33mclass[39m=[32m"text-center"[39m
              [36m>[39m
                [36m<p[39m
                  [33mclass[39m=[32m"text-xs text-slate-500"[39m
                [36m>[39m
                  [0mRows[0m
                [36m</p>[39m
                [36m<p[39m
                  [33mclass[39m=[32m"text-sm font-semibold 
text-slate-900"[39m
                [36m>[39m
                  [0m100[0m
                [36m</p>[39m
              [36m</div>[39m
              [36m<div[39m
                [33mclass[39m=[32m"text-center"[39m
              [36m>[39m
                [36m<p[39m
                  [33mclass[39m=[32m"text-xs text-slate-500"[39m
                [36m>[39m
                  [0mColumns[0m
                [36m</p>[39m
                [36m<p[39m
                  [33mclass[39m=[32m"text-sm font-semibold 
text-slate-900"[39m
                [36m>[39m
                  [0m4[0m
                [36m</p>[39m
              [36m</div>[39m
            [36m</div>[39m
          [36m</div>[39m
          [36m<button[39m
            [33mclass[39m=[32m"rounded-lg border border-teal-200 bg-teal-50 
px-3 py-1.5 text-sm font-medium text-teal-800 hover:bg-teal-100"[39m
            [33mtype[39m=[32m"button"[39m
          [36m>[39m
            [0mChange file[0m
          [36m</button>[39m
        [36m</div>[39m
      [36m</div>[39m
      [36m<nav[39m
        [33maria-label[39m=[32m"Section navigation"[39m
        [33mclass[39m=[32m"sticky top-12 z-30 border-b border-slate-200 
bg-white shadow-sm"[39m
      [36m>[39m
        [36m<div[39m
          [33mclass[39m=[32m"mx-auto flex max-w-7xl flex-wrap gap-0 px-4 
sm:px-6 lg:px-8"[39m
        [36m>[39m
          [36m<a[39m
            [33mclass[39m=[32m"border-b-2 border-transparent px-4 py-3 
text-sm font-medium text-slate-600 hover:border-teal-500 
hover:text-teal-700"[39m
            [33mhref[39m=[32m"#overview"[39m
          [36m>[39m
            [0mOverview[0m
          [36m</a>[39m
          [36m<a[39m
            [33mclass[39m=[32m"border-b-2 border-transparent px-4 py-3 
text-sm font-medium text-slate-600 hover:border-teal-500 
hover:text-teal-700"[39m
            [33mhref[39m=[32m"#trends"[39m
          [36m>[39m
            [0mTrends[0m
          [36m</a>[39m
          [36m<a[39m
            [33mclass[39m=[32m"border-b-2 border-transparent px-4 py-3 
text-sm font-medium text-slate-600 hover:border-teal-500 
hover:text-teal-700"[39m
            [33mhref[39m=[32m"#breakdown"[39m
          [36m>[39m
            [0mBreakdown[0m
          [36m</a>[39m
          [36m<a[39m
            [33mclass[39m=[32m"border-b-2 border-transparent px-4 py-3 
text-sm font-medium text-slate-600 hover:border-teal-500 
hover:text-teal-700"[39m
            [33mhref[39m=[32m"#profile"[39m
          [36m>[39m
            [0mData Profile[0m
          [36m</a>[39m
          [36m<a[39m
            [33mclass[39m=[32m"border-b-2 border-transparent px-4 py-3 
text-sm font-medium text-slate-600 hover:border-teal-500 
hover:text-teal-700"[39m
            [33mhref[39m=[32m"#chat"[39m
          [36m>[39m
            [0mAsk Data[0m
          [36m</a>[39m
          [36m<a[39m
            [33mclass[39m=[32m"border-b-2 border-transparent px-4 py-3 
text-sm font-medium text-slate-600 hover:border-teal-500 
hover:text-teal-700"[39m
            [33mhref[39m=[32m"#summary"[39m
          [36m>[39m
            [0mSummary[0m
          [36m</a>[39m
        [36m</div>[39m
      [36m</nav>[39m
      [36m<div[39m
        [33mclass[39m=[32m"pt-4"[39m
        [33mid[39m=[32m"overview"[39m
      [36m>[39m
        [36m<section[39m
          [33mclass[39m=[32m"space-y-6"[39m
        [36m>[39m
          [36m<div[39m
            [33mclass[39m=[32m"rounded-3xl border border-slate-200 
bg-gradient-to-br from-white via-white to-slate-50 p-6 shadow-lg sm:p-8"[39m
          [36m>[39m
            [36m<div[39m
              [33mclass[39m=[32m"mb-6"[39m
            [36m>[39m
              [36m<p[39m
                [33mclass[39m=[32m"text-xs font-semibold uppercase 
tracking-[0.24em] text-teal-700"[39m
              [36m>[39m
                [0mOverview[0m
              [36m</p>[39m
              [36m<h2[39m
                [33mclass[39m=[32m"mt-2 text-3xl font-semibold 
text-slate-950"[39m
              [36m>[39m
                [0mRetail Sales Analytics Workspace[0m
              [36m</h2>[39m
              [36m<p[39m
                [33mclass[39m=[32m"mt-3 max-w-3xl text-sm leading-6 
text-slate-600"[39m
              [36m>[39m
                [0mwalmart.csv looks like Retail/Sales data. DataLens is 
prioritizing sales volume, store or product performance, date trends, holiday 
effects, and external drivers.[0m
              [36m</p>[39m
            [36m</div>[39m
            [36m<div[39m
              [33mclass[39m=[32m"grid grid-cols-1 gap-4 sm:grid-cols-2 
lg:grid-cols-4"[39m
            [36m>[39m
              [36m<div[39m
                [33mclass[39m=[32m"rounded-2xl bg-gradient-to-br 
from-blue-600 to-cyan-600 p-5 text-white shadow-lg"[39m
              [36m>[39m
                [36m<p[39m
                  [33mclass[39m=[32m"text-xs font-semibold uppercase 
tracking-[0.15em] opacity-80"[39m
                [36m>[39m
                  [0mTotal Sales[0m
                [36m</p>[39m
                [36m<p[39m
                  [33mclass[39m=[32m"mt-3 text-2xl font-bold"[39m
                [36m>[39m
                  [0m250,00...
[90m [2mΓ¥»[22m waitForWrapper node_modules/@testing-library/react/node_modu
les/@testing-library/dom/dist/wait-for.js:[2m163:27[22m[39m
[90m [2mΓ¥»[22m node_modules/@testing-library/react/node_modules/@testing-li
brary/dom/dist/query-helpers.js:[2m86:33[22m[39m
[36m [2mΓ¥»[22m tests/UploadForm.test.tsx:[2m191:25[22m[39m
    [90m189| [39m    [35mawait[39m user[33m.[39m[34mclick[39m(screen[3
3m.[39m[34mgetByRole[39m([32m"button"[39m[33m,[39m { name[33m:[39m 
[36m/upload csv/i[39m ΓÇª
    [90m190| [39m
    [90m191| [39m    [34mexpect[39m([35mawait[39m 
screen[33m.[39m[34mfindByText[39m([32m"Analytics 
Workspace"[39m))[33m.[39m[34mtoBeInTheDo[39mΓÇª
    [90m   | [39m                        [31m^[39m
    [90m192| [39m    [34mexpect[39m(screen[33m.[39m[34mgetByRole[39m([
32m"link"[39m[33m,[39m { name[33m:[39m [32m"Overview"[39m 
}))[33m.[39m[34mtoBeInTheDo[39mΓÇª
    [90m193| [39m    [34mexpect[39m(screen[33m.[39m[34mgetByRole[39m([
32m"link"[39m[33m,[39m { name[33m:[39m [32m"Trends"[39m 
}))[33m.[39m[34mtoBeInTheDocu[39mΓÇª

[31m[2mΓÄ»ΓÄ»ΓÄ»ΓÄ»ΓÄ»ΓÄ»ΓÄ»ΓÄ»ΓÄ»ΓÄ»ΓÄ»ΓÄ»ΓÄ»ΓÄ»ΓÄ»ΓÄ»ΓÄ»ΓÄ»ΓÄ»ΓÄ»ΓÄ»ΓÄ»ΓÄ»[
9/11]ΓÄ»[22m[39m

[31m[1m[7m FAIL [27m[22m[39m tests/UploadFormWithFilters.test.tsx[2m > 
[22mUploadForm with Filters Integration[2m > [22mclears filters when new 
file is selected
[31m[1mTestingLibraryElementError[22m[39m: Found multiple elements with 
the text: /Hotel Type \(1\)/

Here are the matching elements:

Ignored nodes: comments, script, style
[36m<span[39m
  [33mclass[39m=[32m"truncate"[39m
[36m>[39m
  [0mHotel Type (1)[0m
[36m</span>[39m

Ignored nodes: comments, script, style
[36m<span[39m
  [33mclass[39m=[32m"truncate"[39m
[36m>[39m
  [0mHotel Type (1)[0m
[36m</span>[39m

(If this is intentional, then use the `*AllBy*` variant of the query (like 
`queryAllByText`, `getAllByText`, or `findAllByText`)).

Ignored nodes: comments, script, style
[36m<body>[39m
  [36m<div>[39m
    [36m<section[39m
      [33mclass[39m=[32m"w-full space-y-6"[39m
    [36m>[39m
      [36m<div[39m
        [33mclass[39m=[32m"sticky top-0 z-40 border-b border-slate-200 
bg-white shadow-sm"[39m
      [36m>[39m
        [36m<div[39m
          [33mclass[39m=[32m"mx-auto flex max-w-7xl items-center 
justify-between px-4 py-3 sm:px-6 lg:px-8"[39m
        [36m>[39m
          [36m<div[39m
            [33mclass[39m=[32m"flex items-center gap-4"[39m
          [36m>[39m
            [36m<div[39m
              [33mclass[39m=[32m"flex flex-col gap-1"[39m
            [36m>[39m
              [36m<p[39m
                [33mclass[39m=[32m"text-xs font-semibold uppercase 
tracking-[0.15em] text-teal-700"[39m
              [36m>[39m
                [0mActive dataset[0m
              [36m</p>[39m
              [36m<p[39m
                [33mclass[39m=[32m"text-sm font-semibold 
text-slate-900"[39m
              [36m>[39m
                [0mtest1.csv[0m
              [36m</p>[39m
            [36m</div>[39m
            [36m<div[39m
              [33mclass[39m=[32m"hidden gap-4 border-l border-slate-200 
pl-4 sm:flex"[39m
            [36m>[39m
              [36m<div[39m
                [33mclass[39m=[32m"text-center"[39m
              [36m>[39m
                [36m<p[39m
                  [33mclass[39m=[32m"text-xs text-slate-500"[39m
                [36m>[39m
                  [0mRows[0m
                [36m</p>[39m
                [36m<p[39m
                  [33mclass[39m=[32m"text-sm font-semibold 
text-slate-900"[39m
                [36m>[39m
                  [0m1[0m
                [36m</p>[39m
              [36m</div>[39m
              [36m<div[39m
                [33mclass[39m=[32m"text-center"[39m
              [36m>[39m
                [36m<p[39m
                  [33mclass[39m=[32m"text-xs text-slate-500"[39m
                [36m>[39m
                  [0mColumns[0m
                [36m</p>[39m
                [36m<p[39m
                  [33mclass[39m=[32m"text-sm font-semibold 
text-slate-900"[39m
                [36m>[39m
                  [0m2[0m
                [36m</p>[39m
              [36m</div>[39m
            [36m</div>[39m
          [36m</div>[39m
          [36m<button[39m
            [33mclass[39m=[32m"rounded-lg border border-teal-200 bg-teal-50 
px-3 py-1.5 text-sm font-medium text-teal-800 hover:bg-teal-100"[39m
            [33mtype[39m=[32m"button"[39m
          [36m>[39m
            [0mChange file[0m
          [36m</button>[39m
        [36m</div>[39m
      [36m</div>[39m
      [36m<nav[39m
        [33maria-label[39m=[32m"Section navigation"[39m
        [33mclass[39m=[32m"sticky top-12 z-30 border-b border-slate-200 
bg-white shadow-sm"[39m
      [36m>[39m
        [36m<div[39m
          [33mclass[39m=[32m"mx-auto flex max-w-7xl flex-wrap gap-0 px-4 
sm:px-6 lg:px-8"[39m
        [36m>[39m
          [36m<a[39m
            [33mclass[39m=[32m"border-b-2 border-transparent px-4 py-3 
text-sm font-medium text-slate-600 hover:border-teal-500 
hover:text-teal-700"[39m
            [33mhref[39m=[32m"#overview"[39m
          [36m>[39m
            [0mOverview[0m
          [36m</a>[39m
          [36m<a[39m
            [33mclass[39m=[32m"border-b-2 border-transparent px-4 py-3 
text-sm font-medium text-slate-600 hover:border-teal-500 
hover:text-teal-700"[39m
            [33mhref[39m=[32m"#trends"[39m
          [36m>[39m
            [0mTrends[0m
          [36m</a>[39m
          [36m<a[39m
            [33mclass[39m=[32m"border-b-2 border-transparent px-4 py-3 
text-sm font-medium text-slate-600 hover:border-teal-500 
hover:text-teal-700"[39m
            [33mhref[39m=[32m"#breakdown"[39m
          [36m>[39m
            [0mBreakdown[0m
          [36m</a>[39m
          [36m<a[39m
            [33mclass[39m=[32m"border-b-2 border-transparent px-4 py-3 
text-sm font-medium text-slate-600 hover:border-teal-500 
hover:text-teal-700"[39m
            [33mhref[39m=[32m"#profile"[39m
          [36m>[39m
            [0mData Profile[0m
          [36m</a>[39m
          [36m<a[39m
            [33mclass[39m=[32m"border-b-2 border-transparent px-4 py-3 
text-sm font-medium text-slate-600 hover:border-teal-500 
hover:text-teal-700"[39m
            [33mhref[39m=[32m"#chat"[39m
          [36m>[39m
            [0mAsk Data[0m
          [36m</a>[39m
          [36m<a[39m
            [33mclass[39m=[32m"border-b-2 border-transparent px-4 py-3 
text-sm font-medium text-slate-600 hover:border-teal-500 
hover:text-teal-700"[39m
            [33mhref[39m=[32m"#summary"[39m
          [36m>[39m
            [0mSummary[0m
          [36m</a>[39m
        [36m</div>[39m
      [36m</nav>[39m
      [36m<div[39m
        [33mclass[39m=[32m"pt-4"[39m
        [33mid[39m=[32m"overview"[39m
      [36m>[39m
        [36m<section[39m
          [33mclass[39m=[32m"space-y-6"[39m
        [36m>[39m
          [36m<div[39m
            [33mclass[39m=[32m"rounded-3xl border border-slate-200 
bg-gradient-to-br from-white via-white to-slate-50 p-6 shadow-lg sm:p-8"[39m
          [36m>[39m
            [36m<div[39m
              [33mclass[39m=[32m"mb-6"[39m
            [36m>[39m
              [36m<p[39m
                [33mclass[39m=[32m"text-xs font-semibold uppercase 
tracking-[0.24em] text-teal-700"[39m
              [36m>[39m
                [0mOverview[0m
              [36m</p>[39m
              [36m<h2[39m
                [33mclass[39m=[32m"mt-2 text-3xl font-semibold 
text-slate-950"[39m
              [36m>[39m
                [0mGeneric CSV Analytics Workspace[0m
              [36m</h2>[39m
              [36m<p[39m
                [33mclass[39m=[32m"mt-3 max-w-3xl text-sm leading-6 
text-slate-600"[39m
              [36m>[39m
                [0mtest1.csv does not match a specialized template yet, so 
DataLens built a generic analytics workspace from detected numeric, 
categorical, date, and text columns.[0m
              [36m</p>[39m
            [36m</div>[39m
            [36m<div[39m
              [33mclass[39m=[32m"grid grid-cols-1 gap-4 sm:grid-cols-2 
lg:grid-cols-4"[39m
            [36m>[39m
              [36m<div[39m
                [33mclass[39m=[32m"rounded-2xl bg-gradient-to-br 
from-slate-700 to-slate-600 p-5 text-white shadow-lg"[39m
              [36m>[39m
                [36m<p[39m
                  [33mclass[39m=[32m"text-xs font-semibold uppercase 
tracking-[0.15em] opacity-80"[39m
                [36m>[39m
                  [0mTotal Rows[0m
                [36m</p>[39m
                [36m<p[39m
                  [33mclass[39m=[32m"mt-3 text-2xl font-bold"[39m
                [36m>[39m
                  [0m1[0m
      ...

Ignored nodes: comments, script, style
[36m<html>[39m
  [36m<head />[39m
  [36m<body>[39m
    [36m<div>[39m
      [36m<section[39m
        [33mclass[39m=[32m"w-full space-y-6"[39m
      [36m>[39m
        [36m<div[39m
          [33mclass[39m=[32m"sticky top-0 z-40 border-b border-slate-200 
bg-white shadow-sm"[39m
        [36m>[39m
          [36m<div[39m
            [33mclass[39m=[32m"mx-auto flex max-w-7xl items-center 
justify-between px-4 py-3 sm:px-6 lg:px-8"[39m
          [36m>[39m
            [36m<div[39m
              [33mclass[39m=[32m"flex items-center gap-4"[39m
            [36m>[39m
              [36m<div[39m
                [33mclass[39m=[32m"flex flex-col gap-1"[39m
              [36m>[39m
                [36m<p[39m
                  [33mclass[39m=[32m"text-xs font-semibold uppercase 
tracking-[0.15em] text-teal-700"[39m
                [36m>[39m
                  [0mActive dataset[0m
                [36m</p>[39m
                [36m<p[39m
                  [33mclass[39m=[32m"text-sm font-semibold 
text-slate-900"[39m
                [36m>[39m
                  [0mtest1.csv[0m
                [36m</p>[39m
              [36m</div>[39m
              [36m<div[39m
                [33mclass[39m=[32m"hidden gap-4 border-l border-slate-200 
pl-4 sm:flex"[39m
              [36m>[39m
                [36m<div[39m
                  [33mclass[39m=[32m"text-center"[39m
                [36m>[39m
                  [36m<p[39m
                    [33mclass[39m=[32m"text-xs text-slate-500"[39m
                  [36m>[39m
                    [0mRows[0m
                  [36m</p>[39m
                  [36m<p[39m
                    [33mclass[39m=[32m"text-sm font-semibold 
text-slate-900"[39m
                  [36m>[39m
                    [0m1[0m
                  [36m</p>[39m
                [36m</div>[39m
                [36m<div[39m
                  [33mclass[39m=[32m"text-center"[39m
                [36m>[39m
                  [36m<p[39m
                    [33mclass[39m=[32m"text-xs text-slate-500"[39m
                  [36m>[39m
                    [0mColumns[0m
                  [36m</p>[39m
                  [36m<p[39m
                    [33mclass[39m=[32m"text-sm font-semibold 
text-slate-900"[39m
                  [36m>[39m
                    [0m2[0m
                  [36m</p>[39m
                [36m</div>[39m
              [36m</div>[39m
            [36m</div>[39m
            [36m<button[39m
              [33mclass[39m=[32m"rounded-lg border border-teal-200 
bg-teal-50 px-3 py-1.5 text-sm font-medium text-teal-800 
hover:bg-teal-100"[39m
              [33mtype[39m=[32m"button"[39m
            [36m>[39m
              [0mChange file[0m
            [36m</button>[39m
          [36m</div>[39m
        [36m</div>[39m
        [36m<nav[39m
          [33maria-label[39m=[32m"Section navigation"[39m
          [33mclass[39m=[32m"sticky top-12 z-30 border-b border-slate-200 
bg-white shadow-sm"[39m
        [36m>[39m
          [36m<div[39m
            [33mclass[39m=[32m"mx-auto flex max-w-7xl flex-wrap gap-0 px-4 
sm:px-6 lg:px-8"[39m
          [36m>[39m
            [36m<a[39m
              [33mclass[39m=[32m"border-b-2 border-transparent px-4 py-3 
text-sm font-medium text-slate-600 hover:border-teal-500 
hover:text-teal-700"[39m
              [33mhref[39m=[32m"#overview"[39m
            [36m>[39m
              [0mOverview[0m
            [36m</a>[39m
            [36m<a[39m
              [33mclass[39m=[32m"border-b-2 border-transparent px-4 py-3 
text-sm font-medium text-slate-600 hover:border-teal-500 
hover:text-teal-700"[39m
              [33mhref[39m=[32m"#trends"[39m
            [36m>[39m
              [0mTrends[0m
            [36m</a>[39m
            [36m<a[39m
              [33mclass[39m=[32m"border-b-2 border-transparent px-4 py-3 
text-sm font-medium text-slate-600 hover:border-teal-500 
hover:text-teal-700"[39m
              [33mhref[39m=[32m"#breakdown"[39m
            [36m>[39m
              [0mBreakdown[0m
            [36m</a>[39m
            [36m<a[39m
              [33mclass[39m=[32m"border-b-2 border-transparent px-4 py-3 
text-sm font-medium text-slate-600 hover:border-teal-500 
hover:text-teal-700"[39m
              [33mhref[39m=[32m"#profile"[39m
            [36m>[39m
              [0mData Profile[0m
            [36m</a>[39m
            [36m<a[39m
              [33mclass[39m=[32m"border-b-2 border-transparent px-4 py-3 
text-sm font-medium text-slate-600 hover:border-teal-500 
hover:text-teal-700"[39m
              [33mhref[39m=[32m"#chat"[39m
            [36m>[39m
              [0mAsk Data[0m
            [36m</a>[39m
            [36m<a[39m
              [33mclass[39m=[32m"border-b-2 border-transparent px-4 py-3 
text-sm font-medium text-slate-600 hover:border-teal-500 
hover:text-teal-700"[39m
              [33mhref[39m=[32m"#summary"[39m
            [36m>[39m
              [0mSummary[0m
            [36m</a>[39m
          [36m</div>[39m
        [36m</nav>[39m
        [36m<div[39m
          [33mclass[39m=[32m"pt-4"[39m
          [33mid[39m=[32m"overview"[39m
        [36m>[39m
          [36m<section[39m
            [33mclass[39m=[32m"space-y-6"[39m
          [36m>[39m
            [36m<div[39m
              [33mclass[39m=[32m"rounded-3xl border border-slate-200 
bg-gradient-to-br from-white via-white to-slate-50 p-6 shadow-lg sm:p-8"[39m
            [36m>[39m
              [36m<div[39m
                [33mclass[39m=[32m"mb-6"[39m
              [36m>[39m
                [36m<p[39m
                  [33mclass[39m=[32m"text-xs font-semibold uppercase 
tracking-[0.24em] text-teal-700"[39m
                [36m>[39m
                  [0mOverview[0m
                [36m</p>[39m
                [36m<h2[39m
                  [33mclass[39m=[32m"mt-2 text-3xl font-semibold 
text-slate-950"[39m
                [36m>[39m
                  [0mGeneric CSV Analytics Workspace[0m
                [36m</h2>[39m
                [36m<p[39m
                  [33mclass[39m=[32m"mt-3 max-w-3xl text-sm leading-6 
text-slate-600"[39m
                [36m>[39m
                  [0mtest1.csv does not match a specialized template yet, so 
DataLens built a generic analytics workspace from detected numeric, 
categorical, date, and text columns.[0m
                [36m</p>[39m
              [36m</div>[39m
              [36m<div[39m
                [33mclass[39m=[32m"grid grid-cols-1 gap-4 sm:grid-cols-2 
lg:grid-cols-4"[39m
              [36m>[39m
                [36m<div[39m
                  [33mclass[39m=[32m"rounded-2xl bg-gradient-to-br 
from-slate-700 to-slate-600 p-5 text-white shadow-lg"[39m
                [36m>[39m
                  [36m<p[39m
                    [33mc...
[90m [2mΓ¥»[22m Proxy.waitForWrapper node_modules/@testing-library/react/nod
e_modules/@testing-library/dom/dist/wait-for.js:[2m163:27[22m[39m
[36m [2mΓ¥»[22m tests/UploadFormWithFilters.test.tsx:[2m187:13[22m[39m
    [90m185| [39m
    [90m186| [39m      [90m// Verify filter was applied (button shows 
count)[39m
    [90m187| [39m      [35mawait[39m [34mwaitFor[39m(() [33m=>[39m {
    [90m   | [39m            [31m^[39m
    [90m188| [39m        
[34mexpect[39m(screen[33m.[39m[34mgetByText[39m([36m/Hotel Type 
\(1\)/[39m))[33m.[39m[34mtoBeInTheDocument[39mΓÇª
    [90m189| [39m      })[33m;[39m

[31m[2mΓÄ»ΓÄ»ΓÄ»ΓÄ»ΓÄ»ΓÄ»ΓÄ»ΓÄ»ΓÄ»ΓÄ»ΓÄ»ΓÄ»ΓÄ»ΓÄ»ΓÄ»ΓÄ»ΓÄ»ΓÄ»ΓÄ»ΓÄ»ΓÄ»ΓÄ»[10/
11]ΓÄ»[22m[39m

[31m[1m[7m FAIL [27m[22m[39m tests/UploadFormWithFilters.test.tsx[2m > 
[22mUploadForm with Filters Integration[2m > [22mshows filter applied 
indicator in dashboard when filters are active
[31m[1mTestingLibraryElementError[22m[39m: Found multiple elements with 
the text: /Showing filtered data/

Here are the matching elements:

Ignored nodes: comments, script, style
[36m<p[39m
  [33mclass[39m=[32m"text-sm font-medium text-teal-900"[39m
[36m>[39m
  [0mShowing filtered data ([0m
  [0m1[0m
  [0m filter[0m
  [0m applied)[0m
[36m</p>[39m

Ignored nodes: comments, script, style
[36m<p[39m
  [33mclass[39m=[32m"text-sm font-medium text-teal-900"[39m
[36m>[39m
  [0mShowing filtered data ([0m
  [0m1[0m
  [0m filter[0m
  [0m applied)[0m
[36m</p>[39m

(If this is intentional, then use the `*AllBy*` variant of the query (like 
`queryAllByText`, `getAllByText`, or `findAllByText`)).

Ignored nodes: comments, script, style
[36m<body>[39m
  [36m<div>[39m
    [36m<section[39m
      [33mclass[39m=[32m"w-full space-y-6"[39m
    [36m>[39m
      [36m<div[39m
        [33mclass[39m=[32m"sticky top-0 z-40 border-b border-slate-200 
bg-white shadow-sm"[39m
      [36m>[39m
        [36m<div[39m
          [33mclass[39m=[32m"mx-auto flex max-w-7xl items-center 
justify-between px-4 py-3 sm:px-6 lg:px-8"[39m
        [36m>[39m
          [36m<div[39m
            [33mclass[39m=[32m"flex items-center gap-4"[39m
          [36m>[39m
            [36m<div[39m
              [33mclass[39m=[32m"flex flex-col gap-1"[39m
            [36m>[39m
              [36m<p[39m
                [33mclass[39m=[32m"text-xs font-semibold uppercase 
tracking-[0.15em] text-teal-700"[39m
              [36m>[39m
                [0mActive dataset[0m
              [36m</p>[39m
              [36m<p[39m
                [33mclass[39m=[32m"text-sm font-semibold 
text-slate-900"[39m
              [36m>[39m
                [0mtest.csv[0m
              [36m</p>[39m
            [36m</div>[39m
            [36m<div[39m
              [33mclass[39m=[32m"hidden gap-4 border-l border-slate-200 
pl-4 sm:flex"[39m
            [36m>[39m
              [36m<div[39m
                [33mclass[39m=[32m"text-center"[39m
              [36m>[39m
                [36m<p[39m
                  [33mclass[39m=[32m"text-xs text-slate-500"[39m
                [36m>[39m
                  [0mRows[0m
                [36m</p>[39m
                [36m<p[39m
                  [33mclass[39m=[32m"text-sm font-semibold 
text-slate-900"[39m
                [36m>[39m
                  [0m1[0m
                [36m</p>[39m
              [36m</div>[39m
              [36m<div[39m
                [33mclass[39m=[32m"text-center"[39m
              [36m>[39m
                [36m<p[39m
                  [33mclass[39m=[32m"text-xs text-slate-500"[39m
                [36m>[39m
                  [0mColumns[0m
                [36m</p>[39m
                [36m<p[39m
                  [33mclass[39m=[32m"text-sm font-semibold 
text-slate-900"[39m
                [36m>[39m
                  [0m2[0m
                [36m</p>[39m
              [36m</div>[39m
            [36m</div>[39m
          [36m</div>[39m
          [36m<button[39m
            [33mclass[39m=[32m"rounded-lg border border-teal-200 bg-teal-50 
px-3 py-1.5 text-sm font-medium text-teal-800 hover:bg-teal-100"[39m
            [33mtype[39m=[32m"button"[39m
          [36m>[39m
            [0mChange file[0m
          [36m</button>[39m
        [36m</div>[39m
      [36m</div>[39m
      [36m<nav[39m
        [33maria-label[39m=[32m"Section navigation"[39m
        [33mclass[39m=[32m"sticky top-12 z-30 border-b border-slate-200 
bg-white shadow-sm"[39m
      [36m>[39m
        [36m<div[39m
          [33mclass[39m=[32m"mx-auto flex max-w-7xl flex-wrap gap-0 px-4 
sm:px-6 lg:px-8"[39m
        [36m>[39m
          [36m<a[39m
            [33mclass[39m=[32m"border-b-2 border-transparent px-4 py-3 
text-sm font-medium text-slate-600 hover:border-teal-500 
hover:text-teal-700"[39m
            [33mhref[39m=[32m"#overview"[39m
          [36m>[39m
            [0mOverview[0m
          [36m</a>[39m
          [36m<a[39m
            [33mclass[39m=[32m"border-b-2 border-transparent px-4 py-3 
text-sm font-medium text-slate-600 hover:border-teal-500 
hover:text-teal-700"[39m
            [33mhref[39m=[32m"#trends"[39m
          [36m>[39m
            [0mTrends[0m
          [36m</a>[39m
          [36m<a[39m
            [33mclass[39m=[32m"border-b-2 border-transparent px-4 py-3 
text-sm font-medium text-slate-600 hover:border-teal-500 
hover:text-teal-700"[39m
            [33mhref[39m=[32m"#breakdown"[39m
          [36m>[39m
            [0mBreakdown[0m
          [36m</a>[39m
          [36m<a[39m
            [33mclass[39m=[32m"border-b-2 border-transparent px-4 py-3 
text-sm font-medium text-slate-600 hover:border-teal-500 
hover:text-teal-700"[39m
            [33mhref[39m=[32m"#profile"[39m
          [36m>[39m
            [0mData Profile[0m
          [36m</a>[39m
          [36m<a[39m
            [33mclass[39m=[32m"border-b-2 border-transparent px-4 py-3 
text-sm font-medium text-slate-600 hover:border-teal-500 
hover:text-teal-700"[39m
            [33mhref[39m=[32m"#chat"[39m
          [36m>[39m
            [0mAsk Data[0m
          [36m</a>[39m
          [36m<a[39m
            [33mclass[39m=[32m"border-b-2 border-transparent px-4 py-3 
text-sm font-medium text-slate-600 hover:border-teal-500 
hover:text-teal-700"[39m
            [33mhref[39m=[32m"#summary"[39m
          [36m>[39m
            [0mSummary[0m
          [36m</a>[39m
        [36m</div>[39m
      [36m</nav>[39m
      [36m<div[39m
        [33mclass[39m=[32m"pt-4"[39m
        [33mid[39m=[32m"overview"[39m
      [36m>[39m
        [36m<section[39m
          [33mclass[39m=[32m"space-y-6"[39m
        [36m>[39m
          [36m<div[39m
            [33mclass[39m=[32m"rounded-3xl border border-slate-200 
bg-gradient-to-br from-white via-white to-slate-50 p-6 shadow-lg sm:p-8"[39m
          [36m>[39m
            [36m<div[39m
              [33mclass[39m=[32m"mb-6"[39m
            [36m>[39m
              [36m<p[39m
                [33mclass[39m=[32m"text-xs font-semibold uppercase 
tracking-[0.24em] text-teal-700"[39m
              [36m>[39m
                [0mOverview[0m
              [36m</p>[39m
              [36m<h2[39m
                [33mclass[39m=[32m"mt-2 text-3xl font-semibold 
text-slate-950"[39m
              [36m>[39m
                [0mGeneric CSV Analytics Workspace[0m
              [36m</h2>[39m
              [36m<p[39m
                [33mclass[39m=[32m"mt-3 max-w-3xl text-sm leading-6 
text-slate-600"[39m
              [36m>[39m
                [0mtest.csv does not match a specialized template yet, so 
DataLens built a generic analytics workspace from detected numeric, 
categorical, date, and text columns.[0m
              [36m</p>[39m
            [36m</div>[39m
            [36m<div[39m
              [33mclass[39m=[32m"grid grid-cols-1 gap-4 sm:grid-cols-2 
lg:grid-cols-4"[39m
            [36m>[39m
              [36m<div[39m
                [33mclass[39m=[32m"rounded-2xl bg-gradient-to-br 
from-slate-700 to-slate-600 p-5 text-white shadow-lg"[39m
              [36m>[39m
                [36m<p[39m
                  [33mclass[39m=[32m"text-xs font-semibold uppercase 
tracking-[0.15em] opacity-80"[39m
                [36m>[39m
                  [0mTotal Rows[0m
                [36m</p>[39m
                [36m<p[39m
                  [33mclass[39m=[32m"mt-3 text-2xl font-bold"[39m
                [36m>[39m
                  [0m1[0m
        ...

Ignored nodes: comments, script, style
[36m<html>[39m
  [36m<head />[39m
  [36m<body>[39m
    [36m<div>[39m
      [36m<section[39m
        [33mclass[39m=[32m"w-full space-y-6"[39m
      [36m>[39m
        [36m<div[39m
          [33mclass[39m=[32m"sticky top-0 z-40 border-b border-slate-200 
bg-white shadow-sm"[39m
        [36m>[39m
          [36m<div[39m
            [33mclass[39m=[32m"mx-auto flex max-w-7xl items-center 
justify-between px-4 py-3 sm:px-6 lg:px-8"[39m
          [36m>[39m
            [36m<div[39m
              [33mclass[39m=[32m"flex items-center gap-4"[39m
            [36m>[39m
              [36m<div[39m
                [33mclass[39m=[32m"flex flex-col gap-1"[39m
              [36m>[39m
                [36m<p[39m
                  [33mclass[39m=[32m"text-xs font-semibold uppercase 
tracking-[0.15em] text-teal-700"[39m
                [36m>[39m
                  [0mActive dataset[0m
                [36m</p>[39m
                [36m<p[39m
                  [33mclass[39m=[32m"text-sm font-semibold 
text-slate-900"[39m
                [36m>[39m
                  [0mtest.csv[0m
                [36m</p>[39m
              [36m</div>[39m
              [36m<div[39m
                [33mclass[39m=[32m"hidden gap-4 border-l border-slate-200 
pl-4 sm:flex"[39m
              [36m>[39m
                [36m<div[39m
                  [33mclass[39m=[32m"text-center"[39m
                [36m>[39m
                  [36m<p[39m
                    [33mclass[39m=[32m"text-xs text-slate-500"[39m
                  [36m>[39m
                    [0mRows[0m
                  [36m</p>[39m
                  [36m<p[39m
                    [33mclass[39m=[32m"text-sm font-semibold 
text-slate-900"[39m
                  [36m>[39m
                    [0m1[0m
                  [36m</p>[39m
                [36m</div>[39m
                [36m<div[39m
                  [33mclass[39m=[32m"text-center"[39m
                [36m>[39m
                  [36m<p[39m
                    [33mclass[39m=[32m"text-xs text-slate-500"[39m
                  [36m>[39m
                    [0mColumns[0m
                  [36m</p>[39m
                  [36m<p[39m
                    [33mclass[39m=[32m"text-sm font-semibold 
text-slate-900"[39m
                  [36m>[39m
                    [0m2[0m
                  [36m</p>[39m
                [36m</div>[39m
              [36m</div>[39m
            [36m</div>[39m
            [36m<button[39m
              [33mclass[39m=[32m"rounded-lg border border-teal-200 
bg-teal-50 px-3 py-1.5 text-sm font-medium text-teal-800 
hover:bg-teal-100"[39m
              [33mtype[39m=[32m"button"[39m
            [36m>[39m
              [0mChange file[0m
            [36m</button>[39m
          [36m</div>[39m
        [36m</div>[39m
        [36m<nav[39m
          [33maria-label[39m=[32m"Section navigation"[39m
          [33mclass[39m=[32m"sticky top-12 z-30 border-b border-slate-200 
bg-white shadow-sm"[39m
        [36m>[39m
          [36m<div[39m
            [33mclass[39m=[32m"mx-auto flex max-w-7xl flex-wrap gap-0 px-4 
sm:px-6 lg:px-8"[39m
          [36m>[39m
            [36m<a[39m
              [33mclass[39m=[32m"border-b-2 border-transparent px-4 py-3 
text-sm font-medium text-slate-600 hover:border-teal-500 
hover:text-teal-700"[39m
              [33mhref[39m=[32m"#overview"[39m
            [36m>[39m
              [0mOverview[0m
            [36m</a>[39m
            [36m<a[39m
              [33mclass[39m=[32m"border-b-2 border-transparent px-4 py-3 
text-sm font-medium text-slate-600 hover:border-teal-500 
hover:text-teal-700"[39m
              [33mhref[39m=[32m"#trends"[39m
            [36m>[39m
              [0mTrends[0m
            [36m</a>[39m
            [36m<a[39m
              [33mclass[39m=[32m"border-b-2 border-transparent px-4 py-3 
text-sm font-medium text-slate-600 hover:border-teal-500 
hover:text-teal-700"[39m
[2m Test Files [22m [1m[31m5 failed[39m[22m[2m | [22m[1m[32m4 passed[39m[22m[90m (9)[39m
[2m      Tests [22m [1m[31m11 failed[39m[22m[2m | [22m[1m[32m58 passed[39m[22m[90m (69)[39m
[2m   Start at [22m 14:21:43
[2m   Duration [22m 13.88s[2m (transform 1.55s, setup 4.37s, collect 12.84s, tests 18.10s, environment 28.90s, prepare 14.36s)[22m

              [33mhref[39m=[32m"#breakdown"[39m
            [36m>[39m
              [0mBreakdown[0m
            [36m</a>[39m
            [36m<a[39m
              [33mclass[39m=[32m"border-b-2 border-transparent px-4 py-3 
text-sm font-medium text-slate-600 hover:border-teal-500 
hover:text-teal-700"[39m
              [33mhref[39m=[32m"#profile"[39m
            [36m>[39m
              [0mData Profile[0m
            [36m</a>[39m
            [36m<a[39m
              [33mclass[39m=[32m"border-b-2 border-transparent px-4 py-3 
text-sm font-medium text-slate-600 hover:border-teal-500 
hover:text-teal-700"[39m
              [33mhref[39m=[32m"#chat"[39m
            [36m>[39m
              [0mAsk Data[0m
            [36m</a>[39m
            [36m<a[39m
              [33mclass[39m=[32m"border-b-2 border-transparent px-4 py-3 
text-sm font-medium text-slate-600 hover:border-teal-500 
hover:text-teal-700"[39m
              [33mhref[39m=[32m"#summary"[39m
            [36m>[39m
              [0mSummary[0m
            [36m</a>[39m
          [36m</div>[39m
        [36m</nav>[39m
        [36m<div[39m
          [33mclass[39m=[32m"pt-4"[39m
          [33mid[39m=[32m"overview"[39m
        [36m>[39m
          [36m<section[39m
            [33mclass[39m=[32m"space-y-6"[39m
          [36m>[39m
            [36m<div[39m
              [33mclass[39m=[32m"rounded-3xl border border-slate-200 
bg-gradient-to-br from-white via-white to-slate-50 p-6 shadow-lg sm:p-8"[39m
            [36m>[39m
              [36m<div[39m
                [33mclass[39m=[32m"mb-6"[39m
              [36m>[39m
                [36m<p[39m
                  [33mclass[39m=[32m"text-xs font-semibold uppercase 
tracking-[0.24em] text-teal-700"[39m
                [36m>[39m
                  [0mOverview[0m
                [36m</p>[39m
                [36m<h2[39m
                  [33mclass[39m=[32m"mt-2 text-3xl font-semibold 
text-slate-950"[39m
                [36m>[39m
                  [0mGeneric CSV Analytics Workspace[0m
                [36m</h2>[39m
                [36m<p[39m
                  [33mclass[39m=[32m"mt-3 max-w-3xl text-sm leading-6 
text-slate-600"[39m
                [36m>[39m
                  [0mtest.csv does not match a specialized template yet, so 
DataLens built a generic analytics workspace from detected numeric, 
categorical, date, and text columns.[0m
                [36m</p>[39m
              [36m</div>[39m
              [36m<div[39m
                [33mclass[39m=[32m"grid grid-cols-1 gap-4 sm:grid-cols-2 
lg:grid-cols-4"[39m
              [36m>[39m
                [36m<div[39m
                  [33mclass[39m=[32m"rounded-2xl bg-gradient-to-br 
from-slate-700 to-slate-600 p-5 text-white shadow-lg"[39m
                [36m>[39m
                  [36m<p[39m
                    [33mcla...
[90m [2mΓ¥»[22m Proxy.waitForWrapper node_modules/@testing-library/react/nod
e_modules/@testing-library/dom/dist/wait-for.js:[2m163:27[22m[39m
[36m [2mΓ¥»[22m tests/UploadFormWithFilters.test.tsx:[2m303:11[22m[39m
    [90m301| [39m
    [90m302| [39m    [90m// Check that dashboard shows filter applied 
message[39m
    [90m303| [39m    [35mawait[39m [34mwaitFor[39m(() [33m=>[39m {
    [90m   | [39m          [31m^[39m
    [90m304| [39m      
[34mexpect[39m(screen[33m.[39m[34mgetByText[39m([36m/Showing filtered 
data/[39m))[33m.[39m[34mtoBeInTheDocum[39mΓÇª
    [90m305| [39m    })[33m;[39m

[31m[2mΓÄ»ΓÄ»ΓÄ»ΓÄ»ΓÄ»ΓÄ»ΓÄ»ΓÄ»ΓÄ»ΓÄ»ΓÄ»ΓÄ»ΓÄ»ΓÄ»ΓÄ»ΓÄ»ΓÄ»ΓÄ»ΓÄ»ΓÄ»ΓÄ»ΓÄ»[11/
11]ΓÄ»[22m[39m

