
> datalens-frontend@0.1.0 test
> vitest run GlobalFilters.test.tsx


[7m[1m[36m RUN [39m[22m[27m [36mv1.6.1[39m [90mC:/Users/DELL/OneDrive/Documents/datalens-hotel-booking/frontend[39m

 [33mΓ¥»[39m tests/GlobalFilters.test.tsx [2m ([22m[2m0 test[22m[2m)[22m

npm : [31mΓÄ»ΓÄ»ΓÄ»ΓÄ»ΓÄ»ΓÄ»[1m[7m Failed Suites 1 
[27m[22mΓÄ»ΓÄ»ΓÄ»ΓÄ»ΓÄ»ΓÄ»ΓÄ»[39m
At line:1 char:1
+ npm test -- GlobalFilters.test.tsx 2>&1 | Tee-Object -FilePath test_o ...
+ ~~~~~~~~~~~~~~~~~~~~~~~~~~~~~~~~~~~~~~~
    + CategoryInfo          : NotSpecified: ([31mΓÄ»ΓÄ»ΓÄ»Γ...»ΓÄ»ΓÄ»ΓÄ»[39m 
   :String) [], RemoteException
    + FullyQualifiedErrorId : NativeCommandError
 

[31m[1m[7m FAIL [27m[22m[39m tests/GlobalFilters.test.tsx [2m[ 
tests/GlobalFilters.test.tsx ][22m
[31m[1mError[22m: Failed to resolve import "../components/GlobalFilters" 
from "tests/GlobalFilters.test.tsx". Does the file exist?[39m
[90m [2mΓ¥»[22m TransformPluginContext._formatError 
node_modules/vite/dist/node/chunks/dep-BK3b2jBa.js:[2m49258:41[22m[39m
[90m [2mΓ¥»[22m TransformPluginContext.error 
node_modules/vite/dist/node/chunks/dep-BK3b2jBa.js:[2m49253:16[22m[39m
[90m [2mΓ¥»[22m normalizeUrl 
node_modules/vite/dist/node/chunks/dep-BK3b2jBa.js:[2m64307:23[22m[39m
[90m [2mΓ¥»[22m async file:/C:/Users/DELL/OneDrive/Documents/datalens-hotel-
booking/frontend/node_modules/vite/dist/node/chunks/dep-BK3b2jBa.js:[2m64439:3
9[22m[39m
[90m [2mΓ¥»[22m TransformPluginContext.transform 
node_modules/vite/dist/node/chunks/dep-BK3b2jBa.js:[2m64366:7[22m[39m
[90m [2mΓ¥»[22m PluginContainer.transform 
node_modules/vite/dist/node/chunks/dep-BK3b2jBa.js:[2m49099:18[22m[39m
[90m [2mΓ¥»[22m loadAndTransform 
node_modules/vite/dist/node/chunks/dep-BK3b2jBa.js:[2m51978:27[22m[39m

[31m[2mΓÄ»ΓÄ»ΓÄ»ΓÄ»ΓÄ»ΓÄ»ΓÄ»ΓÄ»ΓÄ»ΓÄ»ΓÄ»ΓÄ»ΓÄ»ΓÄ»ΓÄ»ΓÄ»ΓÄ»ΓÄ»ΓÄ»ΓÄ»ΓÄ»ΓÄ»ΓÄ»Γ
Ä»[1/1]ΓÄ»[22m[39m

[2m Test Files [22m [1m[31m1 failed[39m[22m[90m (1)[39m
[2m      Tests [22m [2mno tests[22m
[2m   Start at [22m 20:36:15
[2m   Duration [22m 2.12s[2m (transform 42ms, setup 172ms, collect 0ms, tests 0ms, environment 1.02s, prepare 603ms)[22m

